<NegativeBinomialRegression>
<coefficient> 0.41063 </coefficient>
<coefficient> 1.02689 </coefficient>
<coefficient> 0.28865 </coefficient>
<coefficient> 0.778646 </coefficient>
<alpha>4.74305</alpha>
</NegativeBinomialRegression>
