chr0	376987	651241	X	0	+	0.491324
chr0	1368349	1685528	X	0	+	0.508672
chr0	2427947	2896015	X	28	+	0.314807
chr0	3497689	4492057	X	0	+	0.662149
chr0	5484660	6141608	X	0	+	0.526788
chr0	6202863	6731126	X	0	+	0.567625
chr0	7596020	7977166	X	3	+	0.429674
chr0	8396592	9024692	X	2	+	0.39573
chr0	9554859	9691277	X	0	+	0.626245
chr0	10179883	10523237	X	0	+	0.525398
chr0	11483058	11700102	X	4	+	0.167291
chr0	11886051	12320346	X	3	+	0.442536
chr0	12752779	12768448	X	3	+	0.282656
chr0	13155998	13409179	X	15	+	0.302961
chr0	13820391	14770290	X	0	+	0.608741
chr0	15337994	16181608	X	0	+	0.504632
chr0	16526154	17393284	X	0	+	0.468515
chr0	17884376	18268177	X	0	+	0.45553
chr0	18905879	18983148	X	1	+	0.524761
chr0	19181695	19811984	X	4	+	0.325335
chr0	20256331	20520680	X	0	+	0.561721
chr0	21407985	22057033	X	0	+	0.451541
chr0	22803913	23790950	X	8	+	0.266316
chr0	24705786	25213155	X	4	+	0.336644
chr0	25299074	26083820	X	1	+	0.478507
chr0	26444896	26465337	X	0	+	0.644242
chr0	27037769	27752252	X	39	+	0.207984
chr0	28673406	29630175	X	0	+	0.578718
chr0	30419312	30906040	X	1	+	0.508996
chr0	31692989	32510979	X	19	+	0.131864
chr0	32757166	33247216	X	0	+	0.58502
chr0	33656441	34383476	X	15	+	0.136682
chr0	35077405	35449041	X	0	+	0.520214
chr0	36014274	36253291	X	31	+	0.0312162
chr0	37094041	37444724	X	6	+	0.213306
chr0	38011398	38639749	X	0	+	0.645836
chr0	38713634	38923871	X	0	+	0.486461
chr0	39821468	39919682	X	11	+	0.288478
chr0	40376188	40923701	X	0	+	0.580429
chr0	41376793	41461204	X	1	+	0.465595
chr0	42020516	42946797	X	2	+	0.411747
chr1	995588	1554966	X	3	+	0.4742
chr1	1804250	2666446	X	0	+	0.607358
chr1	2677701	2848541	X	0	+	0.533459
chr1	2851792	3347881	X	50	+	0.263447
chr1	3457599	3878210	X	0	+	0.620378
chr1	4522235	4770742	X	2	+	0.46356
chr1	5490664	6205769	X	0	+	0.669214
chr1	6547038	7277089	X	4	+	0.180478
chr1	7971706	8668909	X	76	+	0.0685055
chr1	8794612	9066046	X	0	+	0.539764
chr1	9686293	10186067	X	0	+	0.555037
chr1	10498487	10728614	X	0	+	0.613779
chr1	10995783	11912285	X	1	+	0.342281
chr1	12705992	13165565	X	0	+	0.654043
chr1	13879723	14556020	X	0	+	0.60168
chr1	15509235	16381886	X	0	+	0.696702
chr1	17111150	17455125	X	0	+	0.527405
chr1	18259375	18718341	X	1	+	0.569336
chr1	19276999	19569916	X	0	+	0.607381
chr1	19599486	20329866	X	10	+	0.159986
chr1	20417337	20622908	X	0	+	0.489061
chr1	21057256	21520759	X	0	+	0.625836
chr1	22054812	22397911	X	0	+	0.513502
chr1	22740917	23153282	X	0	+	0.525484
chr1	23187075	23617089	X	7	+	0.294501
chr1	23773562	24252817	X	270	+	0.0162308
chr1	24945686	25439201	X	15	+	0.219032
chr1	25803579	25885933	X	25	+	0.143218
chr1	26691955	27293247	X	1	+	0.549794
chr1	27779556	28607426	X	0	+	0.628517
chr1	28822730	29181399	X	4	+	0.310849
chr1	30135575	30342431	X	3	+	0.324915
chr1	31066046	31964558	X	0	+	0.562569
chr1	32447454	32547131	X	49	+	0.048651
chr1	33383499	33578036	X	19	+	0.0456912
chr1	34266871	34510202	X	0	+	0.572796
chr1	35225850	36044332	X	23	+	0.045866
chr1	36755391	37409111	X	1	+	0.513363
chr1	37496826	38311366	X	0	+	0.588061
chr1	39236032	39537379	X	8	+	0.370389
chr1	39753485	40085175	X	36	+	0.265318
chr10	788018	1429043	X	6	+	0.450164
chr10	1720011	2703597	X	13	+	0.11411
chr10	3370879	4270729	X	1	+	0.400644
chr10	5016653	5090988	X	0	+	0.576006
chr10	5741259	6647104	X	121	+	0.00198747
chr10	6988051	7678275	X	0	+	0.443501
chr10	8237691	8610516	X	1	+	0.579986
chr10	9539106	9559024	X	0	+	0.559627
chr10	10540988	11288529	X	9	+	0.36467
chr10	11918288	12720227	X	98	+	0.0522095
chr10	13579138	14096764	X	0	+	0.591008
chr10	14605809	15031423	X	0	+	0.615537
chr10	15132982	15622948	X	10	+	0.123934
chr10	16304942	17116150	X	6	+	0.234616
chr10	17439415	18243300	X	0	+	0.648692
chr10	19157222	19192510	X	3	+	0.3287
chr10	19202435	19487002	X	0	+	0.549231
chr10	20207599	20648521	X	0	+	0.620361
chr10	21601559	21718603	X	2	+	0.260187
chr10	22565079	23348545	X	0	+	0.423655
chr10	23936319	23963240	X	0	+	0.528857
chr10	24737183	25466362	X	6	+	0.246327
chr10	25941026	26040497	X	0	+	0.475062
chr10	27026961	27289189	X	0	+	0.612578
chr10	28229182	28426449	X	2	+	0.392721
chr10	28685872	28791968	X	1	+	0.546041
chr10	29746237	30061889	X	12	+	0.20391
chr10	30141203	30269708	X	0	+	0.54966
chr10	31186517	31626301	X	7	+	0.168372
chr10	32276380	32363441	X	0	+	0.546194
chr10	32901081	33217441	X	0	+	0.47524
chr10	33490607	34269819	X	27	+	0.265746
chr10	34336803	35182994	X	12	+	0.0843717
chr10	35355394	36082301	X	1	+	0.429264
chr10	36680123	37322239	X	12	+	0.175162
chr10	37431420	37434541	X	0	+	0.466134
chr10	38315846	38549008	X	36	+	0.166653
chr10	39116609	40037957	X	2	+	0.586681
chr10	40905433	40947980	X	23	+	0.144184
chr10	41629320	42609234	X	30	+	0.160284
chr10	43098315	43357459	X	2	+	0.343202
chr11	885820	1522310	X	5	+	0.346409
chr11	1732041	1766398	X	0	+	0.504062
chr11	1901853	2051668	X	0	+	0.373664
chr11	2858997	3028051	X	0	+	0.533677
chr11	3785838	4290305	X	3	+	0.407687
chr11	4504883	4657915	X	0	+	0.508781
chr11	5136688	6060675	X	16	+	0.206735
chr11	6741082	7492563	X	0	+	0.499764
chr11	7771685	8242367	X	3	+	0.537521
chr11	9007720	9456235	X	0	+	0.498309
chr11	10043129	10382582	X	0	+	0.505574
chr11	11101426	11240520	X	1	+	0.548665
chr11	11678429	12344057	X	47	+	0.102683
chr11	12720515	13698973	X	0	+	0.551349
chr11	14165005	14753979	X	1	+	0.455597
chr11	15462580	15640056	X	56	+	0.189912
chr11	15902857	16863454	X	44	+	0.228296
chr11	17768334	18626780	X	25	+	0.292008
chr11	19618993	19942652	X	0	+	0.642966
chr11	20507221	21493423	X	2	+	0.319825
chr11	21702433	21914277	X	24	+	0.112705
chr11	22549165	22898366	X	5	+	0.291538
chr11	23359159	23790575	X	2	+	0.257894
chr11	24030949	24493843	X	239	+	0.00279217
chr11	25063679	25634966	X	8	+	0.256277
chr11	26264541	27106332	X	1	+	0.44525
chr11	27734603	28601651	X	3	+	0.356308
chr11	29117253	29663212	X	42	+	0.186612
chr11	29949502	30501968	X	0	+	0.47149
chr11	30846685	31625272	X	6	+	0.224339
chr11	32529832	32811953	X	0	+	0.573829
chr11	33182638	33405050	X	58	+	0.146513
chr11	33423487	33426962	X	0	+	0.442003
chr11	34030814	34786237	X	1	+	0.552178
chr11	35478537	35513516	X	9	+	0.345111
chr11	36197050	36609812	X	13	+	0.214957
chr11	37298848	37432674	X	7	+	0.233215
chr11	38265362	38321575	X	0	+	0.64599
chr11	38702191	39285572	X	76	+	0.222421
chr11	40171981	41082129	X	0	+	0.531275
chr11	41429111	41472213	X	1	+	0.557225
chr12	545816	1153320	X	0	+	0.493593
chr12	1666462	1702043	X	0	+	0.621794
chr12	2164488	2300024	X	2	+	0.507372
chr12	3248059	3843192	X	11	+	0.190176
chr12	4102244	4658192	X	101	+	0.110349
chr12	5468045	5685018	X	3	+	0.412779
chr12	6529355	6780718	X	0	+	0.538551
chr12	7018809	7162726	X	0	+	0.561072
chr12	7474035	7676673	X	7	+	0.338082
chr12	8268977	8803464	X	0	+	0.543091
chr12	9054681	10030568	X	0	+	0.45589
chr12	10228907	10235958	X	3	+	0.532731
chr12	10784467	11748774	X	6	+	0.49807
chr12	12139975	13101245	X	17	+	0.253215
chr12	13129917	13737803	X	0	+	0.381107
chr12	14448535	14729113	X	26	+	0.127817
chr12	15282491	15444162	X	15	+	0.0900692
chr12	15848879	16453827	X	45	+	0.0622155
chr12	16511197	17324586	X	47	+	0.139555
chr12	17650521	17672890	X	0	+	0.61706
chr12	18636793	19270235	X	5	+	0.48277
chr12	19803932	20312041	X	0	+	0.569628
chr12	21065532	21479109	X	0	+	0.638519
chr12	22110299	22298854	X	0	+	0.506642
chr12	22425051	22672602	X	1	+	0.481714
chr12	23037423	23374613	X	1	+	0.574003
chr12	24314323	25270884	X	33	+	0.226195
chr12	25296134	26132272	X	15	+	0.159734
chr12	26619739	26748439	X	53	+	0.0755299
chr12	26814794	27167348	X	34	+	0.0537875
chr12	27957140	28837798	X	58	+	0.160035
chr12	29723526	30027804	X	0	+	0.491032
chr12	30330958	30738292	X	0	+	0.455651
chr12	31559889	31897461	X	4	+	0.348666
chr12	32695368	33428580	X	0	+	0.489184
chr12	34016085	34609441	X	1	+	0.364812
chr12	35563056	35737220	X	70	+	0.0239547
chr12	36557420	36947056	X	0	+	0.424264
chr12	37172506	38011774	X	0	+	0.590515
chr12	38219761	38824462	X	26	+	0.102465
chr12	39592217	39824189	X	0	+	0.681938
chr13	575217	1225381	X	0	+	0.436542
chr13	1485016	1494946	X	8	+	0.317155
chr13	1986467	2683183	X	4	+	0.399008
chr13	2802873	3357937	X	11	+	0.401418
chr13	3843925	4610748	X	19	+	0.194178
chr13	5179957	5543547	X	1	+	0.46038
chr13	5995518	6414941	X	1	+	0.45583
chr13	6439159	7371948	X	0	+	0.495551
chr13	7879708	8589314	X	0	+	0.572258
chr13	9426541	9950905	X	1	+	0.476558
chr13	10158605	10644704	X	0	+	0.547898
chr13	11603607	11965660	X	0	+	0.580088
chr13	12160119	12418893	X	40	+	0.184877
chr13	12691191	13338247	X	0	+	0.688512
chr13	13743670	13755663	X	4	+	0.279392
chr13	14440337	14448868	X	5	+	0.485007
chr13	15058179	15253300	X	0	+	0.486421
chr13	15990082	16580970	X	103	+	0.0426208
chr13	17144669	17599183	X	2	+	0.40218
chr13	17773348	17980783	X	0	+	0.622386
chr13	18531568	18812762	X	77	+	0.0352521
chr13	19419038	19891650	X	0	+	0.478652
chr13	20306120	21280177	X	1	+	0.413105
chr13	21678461	22522510	X	1	+	0.493022
chr13	22992127	23083528	X	18	+	0.0952056
chr13	23586629	24290886	X	14	+	0.222408
chr13	24505460	25374110	X	57	+	0.133987
chr13	25879559	26424804	X	118	+	0.0119537
chr13	27233330	27972829	X	0	+	0.54653
chr13	28598197	29484976	X	2	+	0.512925
chr13	29563463	30362781	X	0	+	0.515598
chr13	30687001	31354973	X	43	+	0.0231391
chr13	31902953	32245983	X	24	+	0.242815
chr13	32529617	33398409	X	11	+	0.343216
chr13	34290346	34942386	X	17	+	0.138207
chr13	35009571	35706434	X	4	+	0.436629
chr13	35943234	36142606	X	80	+	0.0389108
chr13	37071246	37381741	X	4	+	0.516044
chr13	38038962	38631159	X	1	+	0.542766
chr13	39618530	40312749	X	0	+	0.615521
chr13	41264072	41591464	X	0	+	0.429295
chr14	67013	347404	X	34	+	0.0916826
chr14	1060435	1273628	X	0	+	0.524939
chr14	1967166	2527504	X	0	+	0.624359
chr14	3263197	3265240	X	12	+	0.30797
chr14	3684259	3946334	X	0	+	0.535026
chr14	4667049	5374697	X	4	+	0.308189
chr14	5377360	6014466	X	0	+	0.486531
chr14	6948284	7178571	X	4	+	0.325238
chr14	8095665	8251516	X	8	+	0.307954
chr14	8566314	9439535	X	211	+	0.0205112
chr14	9564866	9838698	X	4	+	0.329779
chr14	10701567	10760759	X	6	+	0.197594
chr14	10805853	11608118	X	3	+	0.444124
chr14	11782082	11942314	X	0	+	0.669212
chr14	12555551	12704998	X	1	+	0.529336
chr14	13437864	14326827	X	27	+	0.16393
chr14	14355758	14946243	X	1	+	0.553875
chr14	15881558	15936916	X	28	+	0.0604732
chr14	16371875	16489885	X	3	+	0.478666
chr14	17235025	17414882	X	0	+	0.585697
chr14	18196487	18398513	X	211	+	0.0578521
chr14	18992389	19199723	X	0	+	0.612196
chr14	19546018	20165180	X	1	+	0.390656
chr14	20166653	20690190	X	4	+	0.46836
chr14	21290665	21738995	X	0	+	0.64705
chr14	22008895	22128000	X	4	+	0.371
chr14	22757280	23543754	X	0	+	0.473164
chr14	24390324	25107611	X	0	+	0.591694
chr14	25352693	25690482	X	60	+	0.150787
chr14	25919804	26441044	X	12	+	0.287111
chr14	27222480	27668143	X	5	+	0.456473
chr14	28119021	28869600	X	2	+	0.437364
chr14	29777222	30429396	X	0	+	0.571396
chr14	31104054	31708243	X	0	+	0.468749
chr14	32329170	32403084	X	6	+	0.455716
chr14	32486583	33485943	X	15	+	0.264544
chr14	34395675	34997549	X	0	+	0.644088
chr14	35134198	35137589	X	1	+	0.379437
chr14	35391851	35688000	X	8	+	0.308966
chr14	36057768	36816264	X	96	+	0.0819165
chr14	37081360	37524579	X	0	+	0.539759
chr15	162820	732318	X	107	+	0.0723306
chr15	749732	1330416	X	0	+	0.627225
chr15	1867917	2713810	X	0	+	0.548705
chr15	2927722	2954781	X	108	+	0.188665
chr15	3487139	3687502	X	0	+	0.577037
chr15	4225667	4408262	X	0	+	0.555674
chr15	4435261	4650192	X	14	+	0.254509
chr15	5574551	6111443	X	0	+	0.478489
chr15	6583580	7490244	X	0	+	0.468255
chr15	7742455	8607823	X	30	+	0.0691275
chr15	9171377	10149480	X	6	+	0.350009
chr15	10638186	11613039	X	0	+	0.424838
chr15	12148975	12947307	X	2	+	0.383819
chr15	13236736	13253441	X	1	+	0.531227
chr15	13341332	14033831	X	0	+	0.677
chr15	14260354	14723633	X	12	+	0.292339
chr15	15446832	15831864	X	0	+	0.443881
chr15	16180964	16526414	X	2	+	0.56078
chr15	17059109	17242380	X	16	+	0.341761
chr15	18101370	19016447	X	9	+	0.228752
chr15	19830938	20787291	X	0	+	0.519876
chr15	21654813	21780347	X	0	+	0.615422
chr15	22228136	22712708	X	0	+	0.620337
chr15	23171075	23772810	X	0	+	0.530158
chr15	24070945	24594514	X	0	+	0.639167
chr15	24755391	24884506	X	0	+	0.544587
chr15	25504001	26318962	X	2	+	0.369651
chr15	26640789	27351272	X	28	+	0.12801
chr15	27612972	27673161	X	10	+	0.251349
chr15	28561598	29493308	X	3	+	0.541666
chr15	30015392	30932980	X	32	+	0.211847
chr15	31142268	31688872	X	15	+	0.258224
chr15	31765139	31914365	X	0	+	0.598616
chr15	32419375	33024334	X	178	+	0.0079692
chr15	33486841	33699460	X	2	+	0.30846
chr15	34005694	34507706	X	80	+	0.0237235
chr15	34640050	34857850	X	0	+	0.656204
chr15	35288446	35363667	X	55	+	0.157715
chr15	36180963	36953110	X	0	+	0.520853
chr15	37859532	38852311	X	103	+	0.012846
chr15	39815589	40668544	X	0	+	0.705624
chr16	226781	807708	X	0	+	0.552857
chr16	1469711	1896179	X	0	+	0.555067
chr16	2335347	2885327	X	20	+	0.229888
chr16	3217880	4011807	X	13	+	0.144427
chr16	4766640	5501821	X	0	+	0.521701
chr16	6121802	6293720	X	61	+	0.12551
chr16	6845587	7055390	X	62	+	0.139535
chr16	7747308	7795819	X	0	+	0.578535
chr16	8267770	8683339	X	5	+	0.403144
chr16	9615584	9885848	X	11	+	0.163176
chr16	10393858	10681542	X	0	+	0.630843
chr16	11299870	11315468	X	23	+	0.304907
chr16	12252337	13068761	X	0	+	0.599987
chr16	13675508	14227369	X	10	+	0.150763
chr16	14290422	15236467	X	0	+	0.598515
chr16	15786054	16442616	X	0	+	0.561405
chr16	17243974	17563044	X	0	+	0.609333
chr16	17875791	18540700	X	0	+	0.54627
chr16	19428068	20349207	X	0	+	0.52056
chr16	20578569	21527700	X	0	+	0.639326
chr16	22242495	22518731	X	2	+	0.460714
chr16	23024930	23978573	X	1	+	0.455835
chr16	24155155	25151944	X	0	+	0.626266
chr16	26046543	26373668	X	0	+	0.608816
chr16	26405860	27295030	X	0	+	0.590961
chr16	27338680	28133908	X	3	+	0.436011
chr16	28431836	29050362	X	18	+	0.129383
chr16	29745339	29766957	X	0	+	0.581895
chr16	29985840	30012526	X	237	+	0.0582342
chr16	30987188	31146732	X	2	+	0.484541
chr16	31642128	32097468	X	103	+	0.0549817
chr16	32615429	33500130	X	0	+	0.54839
chr16	33687101	34242785	X	0	+	0.499812
chr16	34970954	35059012	X	92	+	0.208604
chr16	35751669	36399501	X	20	+	0.307402
chr16	37315737	37403134	X	18	+	0.220397
chr16	37578333	38100355	X	0	+	0.480989
chr16	38395659	39007595	X	1	+	0.58092
chr16	39151688	40023395	X	3	+	0.397384
chr16	40224352	40347833	X	9	+	0.172121
chr16	41205153	41321797	X	0	+	0.627811
chr17	560104	710729	X	0	+	0.524097
chr17	808192	1684858	X	5	+	0.454482
chr17	2231128	2777708	X	2	+	0.21402
chr17	3032419	3465684	X	61	+	0.170157
chr17	3728672	4474265	X	0	+	0.518117
chr17	4967349	5548174	X	13	+	0.272047
chr17	5570020	5732633	X	5	+	0.351644
chr17	5902166	6716835	X	0	+	0.612096
chr17	7441234	7794725	X	3	+	0.286701
chr17	8308057	8423913	X	16	+	0.221687
chr17	8997408	9321451	X	2	+	0.395906
chr17	10092193	10649685	X	0	+	0.4755
chr17	11554985	12397899	X	3	+	0.509524
chr17	12722123	13386107	X	0	+	0.544643
chr17	14370972	14864508	X	6	+	0.184739
chr17	14871485	15208522	X	0	+	0.512964
chr17	15835903	16665631	X	0	+	0.394633
chr17	17240621	17855779	X	23	+	0.23041
chr17	18274413	19255220	X	0	+	0.462104
chr17	19369237	19921493	X	5	+	0.418913
chr17	20428222	20987181	X	1	+	0.602228
chr17	21061428	21470233	X	45	+	0.238184
chr17	21906591	22395118	X	8	+	0.393097
chr17	22838590	23263325	X	0	+	0.604133
chr17	23448310	23621563	X	2	+	0.504141
chr17	24245294	24992620	X	5	+	0.19716
chr17	25349633	25638012	X	0	+	0.531246
chr17	25888921	26206883	X	6	+	0.405453
chr17	26524054	26995528	X	0	+	0.477295
chr17	27135558	27792917	X	53	+	0.0823838
chr17	28470199	28679145	X	3	+	0.442476
chr17	29256579	29512157	X	0	+	0.543336
chr17	30461077	31320355	X	2	+	0.355794
chr17	31671594	32236881	X	2	+	0.371239
chr17	32841450	33003383	X	1	+	0.475873
chr17	33280922	33892968	X	0	+	0.469689
chr17	34247595	35093053	X	3	+	0.429355
chr17	35485125	35839634	X	0	+	0.440175
chr17	36410991	36662887	X	0	+	0.613099
chr17	36757589	37365094	X	1	+	0.412237
chr17	37753011	37833984	X	0	+	0.585655
chr18	761123	1293549	X	0	+	0.446331
chr18	1476429	1990097	X	3	+	0.197086
chr18	2780296	3761217	X	21	+	0.255352
chr18	4499323	5265959	X	9	+	0.320666
chr18	5318587	5475986	X	1	+	0.354036
chr18	6464816	7143047	X	43	+	0.163433
chr18	7380929	7566760	X	0	+	0.427993
chr18	8488301	9406819	X	13	+	0.10508
chr18	9786271	10650337	X	0	+	0.411889
chr18	10717505	11439521	X	1	+	0.604885
chr18	12080623	12270746	X	159	+	0.0226807
chr18	12447791	12720122	X	0	+	0.580928
chr18	12896905	13842202	X	0	+	0.590438
chr18	14095037	14501399	X	0	+	0.56574
chr18	15010170	15223265	X	1	+	0.445936
chr18	15561795	16315189	X	0	+	0.399404
chr18	16537147	16966524	X	1	+	0.3961
chr18	17573612	18378190	X	0	+	0.569801
chr18	18789360	19060661	X	6	+	0.44295
chr18	19564382	20161337	X	1	+	0.383947
chr18	20847741	21539861	X	0	+	0.553819
chr18	22494498	23107865	X	2	+	0.333942
chr18	23542444	24309912	X	0	+	0.548486
chr18	24680814	24729379	X	0	+	0.649208
chr18	25486227	25622833	X	0	+	0.613253
chr18	26019574	26190811	X	79	+	0.0689646
chr18	26366464	26830728	X	0	+	0.592996
chr18	27776461	28567923	X	0	+	0.536664
chr18	29149376	29565570	X	5	+	0.346822
chr18	30155613	30635902	X	0	+	0.65492
chr18	31222055	31956854	X	3	+	0.386188
chr18	32379231	33131360	X	0	+	0.560001
chr18	33951555	34065722	X	9	+	0.309863
chr18	34774934	34850822	X	0	+	0.642766
chr18	35041283	35321566	X	0	+	0.478176
chr18	35428263	35678325	X	11	+	0.0594741
chr18	36611578	36963700	X	0	+	0.629545
chr18	37178135	37699308	X	0	+	0.492313
chr18	38386972	38443294	X	12	+	0.226239
chr18	39326384	40202699	X	0	+	0.62521
chr18	40530086	40972943	X	73	+	0.0909499
chr19	945170	1426128	X	4	+	0.4952
chr19	1599472	1996990	X	96	+	0.177426
chr19	2469826	3160275	X	0	+	0.660383
chr19	3310002	3324020	X	33	+	0.182068
chr19	4254973	4296200	X	7	+	0.31582
chr19	5101722	5202875	X	0	+	0.596183
chr19	6102612	7020948	X	25	+	0.195621
chr19	7568418	7961844	X	9	+	0.299143
chr19	7978532	8957756	X	0	+	0.558249
chr19	9833593	10275938	X	1	+	0.427067
chr19	10411124	10580081	X	20	+	0.14771
chr19	11268929	11737834	X	4	+	0.431973
chr19	11810808	12529956	X	53	+	0.0251594
chr19	12695140	13139871	X	0	+	0.704849
chr19	14076529	14519597	X	10	+	0.23081
chr19	14599980	14794714	X	0	+	0.618599
chr19	15051693	15171474	X	35	+	0.11397
chr19	15820094	16772552	X	4	+	0.217907
chr19	17475305	18219904	X	1	+	0.419891
chr19	18977933	19312561	X	6	+	0.234241
chr19	20144024	20325572	X	18	+	0.0800197
chr19	20535513	20757017	X	126	+	0.0207756
chr19	21637700	22508898	X	95	+	0.118285
chr19	23459114	24119476	X	0	+	0.451882
chr19	25017440	25389571	X	5	+	0.409766
chr19	25712099	26395356	X	3	+	0.377525
chr19	27004763	27657094	X	0	+	0.549037
chr19	28163319	29060624	X	3	+	0.253087
chr19	29611936	29919926	X	1	+	0.507184
chr19	30563448	31144001	X	5	+	0.184833
chr19	31326805	32069395	X	104	+	0.0516783
chr19	32564002	33119499	X	2	+	0.322586
chr19	33464408	34272331	X	0	+	0.590186
chr19	35234195	35497993	X	40	+	0.208391
chr19	36162166	36946552	X	0	+	0.506179
chr19	37527283	37901552	X	23	+	0.102993
chr19	38037822	38895723	X	0	+	0.541878
chr19	38981751	39453906	X	0	+	0.675957
chr19	40380530	40645050	X	23	+	0.122528
chr19	41356039	42229105	X	0	+	0.597075
chr19	42623873	43130278	X	2	+	0.575717
chr2	926236	1864148	X	0	+	0.485187
chr2	2793977	2813634	X	0	+	0.526506
chr2	3449690	4379140	X	0	+	0.582897
chr2	5127779	5612014	X	23	+	0.262114
chr2	6176846	6367141	X	0	+	0.409608
chr2	6623286	7309424	X	50	+	0.230665
chr2	7623343	8181786	X	0	+	0.490382
chr2	8624953	9605154	X	0	+	0.608518
chr2	10069991	10261073	X	0	+	0.588414
chr2	10947998	11844837	X	0	+	0.551507
chr2	12518910	13112132	X	0	+	0.538484
chr2	13649381	14449853	X	0	+	0.703268
chr2	15080197	15082663	X	1	+	0.359485
chr2	15236687	15349631	X	4	+	0.427737
chr2	15963456	16372689	X	318	+	0.00100392
chr2	16377244	16750409	X	0	+	0.582375
chr2	17320015	18063562	X	0	+	0.494285
chr2	18214983	19142920	X	10	+	0.327801
chr2	19170967	19659306	X	0	+	0.546415
chr2	20604169	21532014	X	0	+	0.51346
chr2	22411552	23399963	X	0	+	0.491364
chr2	24173539	24647343	X	0	+	0.574895
chr2	25298321	25883268	X	0	+	0.52829
chr2	26250786	26551751	X	0	+	0.461069
chr2	27145907	27900147	X	0	+	0.585564
chr2	28308076	28407801	X	0	+	0.555418
chr2	28985572	29438462	X	2	+	0.458401
chr2	29510061	29777337	X	10	+	0.0710853
chr2	29961048	30423094	X	34	+	0.0956105
chr2	30477687	30642160	X	57	+	0.0237265
chr2	30687812	31384556	X	33	+	0.253656
chr2	31863555	32164881	X	0	+	0.489247
chr2	32261716	33157696	X	3	+	0.455564
chr2	33922485	34513533	X	7	+	0.465524
chr2	34735507	34975360	X	69	+	0.0899326
chr2	35141609	35668907	X	13	+	0.343756
chr2	36125282	36157632	X	40	+	0.114969
chr2	36421980	37172788	X	2	+	0.410469
chr2	37806988	38488472	X	16	+	0.28076
chr2	39053038	39632935	X	0	+	0.598665
chr2	39786377	40231385	X	0	+	0.431732
chr20	711645	1627171	X	4	+	0.174321
chr20	1905443	2635338	X	0	+	0.526076
chr20	3294441	3622244	X	54	+	0.0442803
chr20	4568286	5215041	X	0	+	0.388463
chr20	6133689	6465145	X	0	+	0.566758
chr20	6595533	7137979	X	71	+	0.0524727
chr20	7567216	8289699	X	10	+	0.320665
chr20	8341553	9107696	X	0	+	0.578828
chr20	9157220	10112082	X	1	+	0.565288
chr20	10751252	11634513	X	0	+	0.492791
chr20	11770274	12144332	X	3	+	0.441017
chr20	13084955	13302675	X	0	+	0.616964
chr20	14203739	14641887	X	0	+	0.496937
chr20	15411599	16005835	X	51	+	0.123489
chr20	16272229	17132736	X	3	+	0.371759
chr20	17693576	17725882	X	1	+	0.336871
chr20	18181287	18300660	X	57	+	0.13814
chr20	19132401	19161590	X	0	+	0.424323
chr20	19998882	20756569	X	33	+	0.193752
chr20	21315509	22079782	X	10	+	0.423149
chr20	22161845	22742258	X	31	+	0.0872785
chr20	23435856	23750955	X	1	+	0.4105
chr20	24458088	24528721	X	0	+	0.542557
chr20	25044027	25569409	X	2	+	0.3369
chr20	25763855	26085133	X	25	+	0.0299007
chr20	26419949	26606311	X	0	+	0.64251
chr20	27102545	27694043	X	1	+	0.611813
chr20	28420104	28905673	X	0	+	0.662342
chr20	29722012	30532281	X	5	+	0.39936
chr20	30565698	30634168	X	32	+	0.0873716
chr20	30929165	31868066	X	0	+	0.637425
chr20	31949850	32656820	X	3	+	0.350978
chr20	33047022	33331669	X	0	+	0.615652
chr20	33943432	34571673	X	0	+	0.47943
chr20	34705706	35616368	X	3	+	0.323678
chr20	35794723	36345103	X	12	+	0.283343
chr20	37289384	37719389	X	53	+	0.183249
chr20	38170458	38829863	X	7	+	0.351407
chr20	39232620	39313788	X	52	+	0.0888881
chr20	39701315	40085049	X	13	+	0.319679
chr20	40381381	40583526	X	36	+	0.109979
chr21	682733	1639439	X	3	+	0.276909
chr21	2310242	2573537	X	0	+	0.662963
chr21	2900851	3579849	X	1	+	0.412174
chr21	4249249	4869485	X	18	+	0.054305
chr21	5635050	6170251	X	32	+	0.117463
chr21	6460304	7433558	X	1	+	0.478534
chr21	8406632	9096016	X	74	+	0.0560076
chr21	9438270	10109137	X	5	+	0.374956
chr21	10212995	11043513	X	0	+	0.514656
chr21	11579468	12422476	X	3	+	0.389162
chr21	13318139	13521803	X	0	+	0.539985
chr21	14041918	14451543	X	1	+	0.503529
chr21	15275512	15352366	X	0	+	0.611757
chr21	15919290	16367078	X	7	+	0.261381
chr21	16951854	17848397	X	11	+	0.154041
chr21	18830128	19170805	X	5	+	0.462744
chr21	19472004	19915410	X	0	+	0.623547
chr21	20882480	21295487	X	2	+	0.3801
chr21	21820263	22421448	X	0	+	0.615303
chr21	23003528	23280824	X	0	+	0.569445
chr21	24037966	24915810	X	21	+	0.354312
chr21	25323900	25605573	X	0	+	0.638109
chr21	26088312	26116312	X	50	+	0.0390933
chr21	26149561	26457827	X	5	+	0.310731
chr21	26718702	27257128	X	70	+	0.0804985
chr21	27706952	28001114	X	1	+	0.509154
chr21	28514113	28795703	X	7	+	0.374525
chr21	28894998	29641710	X	4	+	0.288815
chr21	29785430	30327569	X	32	+	0.302607
chr21	30379039	30782928	X	8	+	0.216264
chr21	31478941	32305773	X	19	+	0.132369
chr21	32648589	33410819	X	40	+	0.0364125
chr21	34005542	34277261	X	6	+	0.381643
chr21	34336871	35047117	X	2	+	0.240036
chr21	35691241	35715244	X	0	+	0.472078
chr21	36689434	37208593	X	2	+	0.249509
chr21	37653339	38041754	X	0	+	0.529478
chr21	39023390	39123361	X	3	+	0.280123
chr21	39489127	39665040	X	0	+	0.478256
chr21	40200603	40724424	X	11	+	0.148972
chr21	41091065	41659271	X	29	+	0.149363
chr3	957386	1492407	X	0	+	0.52471
chr3	1588155	1840532	X	0	+	0.57686
chr3	2206071	3112493	X	10	+	0.189247
chr3	3947207	4008890	X	113	+	0.00555555
chr3	4974374	5814949	X	0	+	0.464233
chr3	6398687	6614129	X	4	+	0.331872
chr3	6941431	7342027	X	1	+	0.369764
chr3	7768441	8064301	X	2	+	0.491492
chr3	8890734	9370240	X	119	+	0.0407351
chr3	9927232	10709816	X	31	+	0.110258
chr3	11510906	11825648	X	0	+	0.617344
chr3	11913065	12491657	X	1	+	0.59572
chr3	13254459	14251156	X	0	+	0.634132
chr3	14396520	15298513	X	1	+	0.420351
chr3	15618899	16118652	X	7	+	0.277478
chr3	17022487	17628038	X	21	+	0.159044
chr3	17664623	18508130	X	2	+	0.496103
chr3	19418819	19906580	X	198	+	0.0141969
chr3	20836378	21016874	X	234	+	0.138474
chr3	21852522	22676171	X	0	+	0.600532
chr3	22876839	23333692	X	60	+	0.265775
chr3	24265623	25247609	X	2	+	0.321774
chr3	26238396	26365177	X	2	+	0.462866
chr3	26636648	27203520	X	0	+	0.607016
chr3	28190915	28524326	X	8	+	0.395934
chr3	29237583	30136246	X	11	+	0.218543
chr3	30777331	30899803	X	103	+	0.0377524
chr3	31372204	32312655	X	2	+	0.380697
chr3	32909012	33090347	X	0	+	0.636736
chr3	33428734	34408588	X	1	+	0.429339
chr3	35031854	35906987	X	1	+	0.52005
chr3	36359006	36524118	X	29	+	0.0788606
chr3	37294846	37361988	X	0	+	0.644363
chr3	38322833	39082413	X	0	+	0.481843
chr3	39463656	40099298	X	28	+	0.289643
chr3	40854779	40929912	X	0	+	0.626656
chr3	41927717	42050395	X	0	+	0.567121
chr3	42288878	43072452	X	0	+	0.637989
chr3	43238663	44143883	X	0	+	0.605154
chr3	44377134	44615960	X	13	+	0.216721
chr3	45264066	45379807	X	0	+	0.498171
chr4	45352	306241	X	11	+	0.357289
chr4	1190589	1744086	X	0	+	0.559438
chr4	2122095	2223622	X	0	+	0.552021
chr4	2664298	3273022	X	1	+	0.416094
chr4	4153257	4198055	X	6	+	0.376164
chr4	5194077	5555880	X	1	+	0.279372
chr4	5766136	6384085	X	0	+	0.653384
chr4	6405119	7200243	X	8	+	0.256688
chr4	7864294	8587359	X	190	+	0.0482333
chr4	8893566	9516073	X	0	+	0.52564
chr4	9741899	9940553	X	0	+	0.419481
chr4	10518081	10829595	X	1	+	0.465851
chr4	11698478	12196009	X	0	+	0.376233
chr4	12969521	13285842	X	0	+	0.499819
chr4	13700631	14207813	X	32	+	0.0697103
chr4	14323650	14747603	X	0	+	0.575425
chr4	15587713	15976628	X	0	+	0.479288
chr4	16815551	17618342	X	73	+	0.0459205
chr4	18423156	18923882	X	52	+	0.00594429
chr4	19374442	20338551	X	0	+	0.575764
chr4	21173852	22035793	X	2	+	0.311547
chr4	22668167	22999553	X	0	+	0.5271
chr4	23451630	24196716	X	73	+	0.0771366
chr4	24978320	25272341	X	16	+	0.0615948
chr4	25922268	26152872	X	1	+	0.32692
chr4	26456918	26674278	X	37	+	0.159811
chr4	27460855	28305292	X	109	+	0.0715233
chr4	28443506	29163881	X	8	+	0.120439
chr4	29549608	30477026	X	0	+	0.600629
chr4	31144466	31189751	X	9	+	0.165752
chr4	32169129	32672634	X	4	+	0.214604
chr4	33147865	34090823	X	1	+	0.539219
chr4	34623993	34874747	X	0	+	0.538417
chr4	34932678	35532129	X	5	+	0.307047
chr4	35979861	36233101	X	25	+	0.070089
chr4	36994855	37424997	X	7	+	0.241198
chr4	37785918	38568454	X	1	+	0.419224
chr4	38615586	39138116	X	38	+	0.251492
chr4	39400241	40020339	X	0	+	0.411902
chr4	40506365	41354325	X	0	+	0.507715
chr4	42214011	42335652	X	0	+	0.448055
chr5	319763	1221381	X	0	+	0.509814
chr5	1324096	1510132	X	0	+	0.634405
chr5	2303920	3234303	X	0	+	0.571857
chr5	4059310	4565370	X	0	+	0.564669
chr5	4914658	5136404	X	7	+	0.39119
chr5	5595526	5896593	X	44	+	0.16292
chr5	6045777	6243745	X	1	+	0.511471
chr5	6943234	7573025	X	5	+	0.42833
chr5	7771331	7822799	X	4	+	0.277911
chr5	8674852	9265294	X	0	+	0.567358
chr5	9515760	9586476	X	5	+	0.204518
chr5	10233740	10845416	X	0	+	0.57331
chr5	11598360	12353226	X	0	+	0.595286
chr5	12840184	12928588	X	103	+	0.0367629
chr5	13063409	13434129	X	0	+	0.529664
chr5	13974630	13990936	X	4	+	0.358685
chr5	14004213	14736202	X	1	+	0.455735
chr5	15546094	15733180	X	4	+	0.334856
chr5	15981135	16546471	X	0	+	0.427306
chr5	16676517	17038467	X	1	+	0.466363
chr5	17585558	17854879	X	0	+	0.666599
chr5	18693517	18719506	X	0	+	0.525196
chr5	19060160	19882983	X	0	+	0.535033
chr5	20462025	20886289	X	0	+	0.604042
chr5	21558059	22289368	X	21	+	0.23346
chr5	22513378	23405721	X	159	+	0.0203521
chr5	24376566	24462047	X	0	+	0.591738
chr5	25171826	25820164	X	1	+	0.260252
chr5	26550181	26993010	X	0	+	0.643562
chr5	27745877	28722890	X	0	+	0.574601
chr5	29215796	29222068	X	278	+	0.073826
chr5	29455679	29898986	X	0	+	0.617275
chr5	30456340	31379177	X	0	+	0.638192
chr5	32076437	32435793	X	0	+	0.414833
chr5	32986043	33006478	X	0	+	0.627062
chr5	33902880	34796830	X	0	+	0.546775
chr5	35707802	36637677	X	7	+	0.276727
chr5	36651878	37560351	X	20	+	0.186137
chr5	37649415	38331024	X	8	+	0.370474
chr5	38434724	38579055	X	7	+	0.383775
chr5	39298935	39893702	X	0	+	0.572184
chr6	183508	968915	X	35	+	0.281137
chr6	1579983	2359359	X	28	+	0.245187
chr6	3316387	3573503	X	1	+	0.498647
chr6	4396314	4467368	X	1	+	0.452705
chr6	5135388	5144680	X	0	+	0.610523
chr6	5602638	5843017	X	0	+	0.634142
chr6	6323583	7052278	X	6	+	0.138953
chr6	7501290	8350966	X	22	+	0.133759
chr6	8610425	9555168	X	2	+	0.490908
chr6	9686643	10480344	X	20	+	0.190004
chr6	11184267	11481033	X	0	+	0.461062
chr6	12393821	13006900	X	0	+	0.543625
chr6	13770470	14619010	X	0	+	0.616541
chr6	14903877	15090781	X	0	+	0.449884
chr6	15932970	16093303	X	0	+	0.565824
chr6	16145230	16188414	X	0	+	0.570223
chr6	16213784	16681457	X	1	+	0.500208
chr6	17157372	17463183	X	1	+	0.479826
chr6	17479411	18383934	X	0	+	0.612444
chr6	19351388	19784793	X	0	+	0.505497
chr6	20706764	21407057	X	0	+	0.629978
chr6	22316579	23240800	X	68	+	0.221143
chr6	23551535	23772136	X	1	+	0.557255
chr6	24002585	24141599	X	86	+	0.0525424
chr6	24659941	25219311	X	0	+	0.540374
chr6	26111663	26236084	X	0	+	0.430853
chr6	26641136	27530399	X	0	+	0.546955
chr6	27970155	28830202	X	37	+	0.145499
chr6	29781066	30107685	X	0	+	0.460199
chr6	30627116	31622722	X	0	+	0.488905
chr6	32495217	33068556	X	1	+	0.529063
chr6	33623984	34107171	X	3	+	0.289691
chr6	34323880	34529021	X	1	+	0.376578
chr6	34941401	34974644	X	0	+	0.606048
chr6	35232243	35472349	X	31	+	0.140988
chr6	35869553	36208187	X	38	+	0.105392
chr6	36853288	37481418	X	0	+	0.568525
chr6	37758826	37908855	X	823	+	0.00145983
chr6	37923592	38701166	X	0	+	0.566549
chr6	39050696	39809397	X	6	+	0.363763
chr6	40682565	40960674	X	0	+	0.630713
chr7	153678	280117	X	90	+	0.0722782
chr7	1089658	1622013	X	75	+	0.0886181
chr7	2413083	3218394	X	6	+	0.126082
chr7	3554775	3774134	X	5	+	0.203875
chr7	4037553	4738956	X	0	+	0.484906
chr7	5241695	5887225	X	234	+	0.0161497
chr7	6857210	7563087	X	0	+	0.629747
chr7	8406055	8570699	X	0	+	0.612219
chr7	9175194	10023306	X	11	+	0.323315
chr7	10495781	10981246	X	0	+	0.628035
chr7	11192688	11561936	X	8	+	0.303669
chr7	12256750	12677862	X	0	+	0.555451
chr7	12759082	13424227	X	27	+	0.0770811
chr7	13964429	14805803	X	2	+	0.343859
chr7	15110869	15927150	X	176	+	0.0112639
chr7	16048154	16699588	X	3	+	0.494372
chr7	16837487	17229195	X	17	+	0.286239
chr7	17594078	18040641	X	0	+	0.5318
chr7	18081327	18626912	X	66	+	0.000397186
chr7	19486882	20464874	X	33	+	0.218261
chr7	21339706	21867358	X	0	+	0.68102
chr7	22036808	22439894	X	40	+	0.0937821
chr7	23188499	23573035	X	0	+	0.420671
chr7	24290216	24811123	X	3	+	0.511178
chr7	25741239	26013258	X	0	+	0.686699
chr7	26486083	27308659	X	3	+	0.279436
chr7	28164428	28800295	X	16	+	0.291551
chr7	29298349	29321856	X	1	+	0.367972
chr7	30082397	30290461	X	0	+	0.521966
chr7	30650875	30826374	X	0	+	0.461657
chr7	31542297	32271301	X	0	+	0.452296
chr7	33027196	33890958	X	0	+	0.593096
chr7	34195155	34265954	X	30	+	0.0681237
chr7	34797087	35362841	X	11	+	0.267497
chr7	35431005	35524015	X	0	+	0.514136
chr7	35801229	36053393	X	0	+	0.571866
chr7	36577518	37464625	X	0	+	0.538563
chr7	37515213	38406937	X	0	+	0.578212
chr7	39369357	40253195	X	0	+	0.627931
chr7	40383669	40474997	X	11	+	0.201279
chr7	41344245	41367000	X	22	+	0.197466
chr8	174200	566979	X	32	+	0.0551667
chr8	1351924	1959641	X	3	+	0.363874
chr8	2751050	3334857	X	0	+	0.436648
chr8	4308455	4874482	X	0	+	0.696219
chr8	5267653	6019910	X	0	+	0.608934
chr8	6556514	6973577	X	2	+	0.584162
chr8	7617387	7712695	X	9	+	0.272363
chr8	7866770	8866274	X	0	+	0.566898
chr8	9653571	10512717	X	0	+	0.489776
chr8	10863054	11498814	X	21	+	0.0365467
chr8	11876976	12568128	X	0	+	0.510512
chr8	13220476	14001022	X	45	+	0.100873
chr8	14645959	14715701	X	1	+	0.433503
chr8	14953475	15633481	X	2	+	0.451565
chr8	16110048	16701123	X	1	+	0.473752
chr8	17505066	18478781	X	2	+	0.300429
chr8	19391384	19917635	X	2	+	0.554018
chr8	20417213	20770243	X	0	+	0.613038
chr8	21131782	21322666	X	0	+	0.524134
chr8	22300574	22680932	X	23	+	0.222618
chr8	23138298	23814889	X	8	+	0.316033
chr8	24156947	24812803	X	0	+	0.511168
chr8	25684973	26147383	X	24	+	0.113901
chr8	27080862	27798575	X	104	+	0.0907199
chr8	28451734	28732415	X	2	+	0.43702
chr8	28889752	28924881	X	47	+	0.0507158
chr8	29692331	30350437	X	1	+	0.526917
chr8	30886842	31641743	X	0	+	0.587042
chr8	32373308	32454368	X	15	+	0.255886
chr8	33069673	33084469	X	21	+	0.18898
chr8	33946728	34219335	X	23	+	0.373134
chr8	35046485	35616889	X	0	+	0.606023
chr8	36118661	36262854	X	2	+	0.411723
chr8	37045199	37457759	X	0	+	0.472696
chr8	38314274	38818805	X	0	+	0.613637
chr8	39314189	39707089	X	1	+	0.48755
chr8	40323922	40960135	X	37	+	0.0313387
chr8	41072739	41172088	X	0	+	0.51627
chr8	41713979	41938889	X	11	+	0.0802087
chr8	42796645	43438030	X	22	+	0.231528
chr8	44074080	44278653	X	36	+	0.0472401
chr9	436762	1364158	X	1	+	0.569284
chr9	2074445	2976720	X	1	+	0.541252
chr9	3250662	3362541	X	73	+	0.117807
chr9	4138318	4535773	X	0	+	0.52958
chr9	5471854	6345301	X	36	+	0.25203
chr9	7296572	8292807	X	11	+	0.203601
chr9	8703971	9440364	X	1	+	0.451071
chr9	9895628	10520412	X	0	+	0.601124
chr9	11401973	11969653	X	0	+	0.595552
chr9	12017639	12913004	X	0	+	0.594669
chr9	13410678	14129386	X	0	+	0.583771
chr9	14171701	14606134	X	57	+	0.116941
chr9	15291681	15869921	X	3	+	0.347991
chr9	16811516	17715688	X	102	+	0.0510287
chr9	18586478	19325510	X	1	+	0.352803
chr9	19535364	19558447	X	1	+	0.328073
chr9	19939247	20253440	X	9	+	0.227216
chr9	21239126	22217386	X	31	+	0.230369
chr9	22963756	23660962	X	30	+	0.2639
chr9	24428061	24515600	X	0	+	0.572235
chr9	25126155	25634352	X	2	+	0.458967
chr9	25746885	26059930	X	13	+	0.368084
chr9	26211416	26769391	X	0	+	0.565492
chr9	27660099	28351944	X	13	+	0.243016
chr9	28438162	29397238	X	1	+	0.451756
chr9	29669209	29960886	X	0	+	0.533853
chr9	30726794	30741885	X	6	+	0.284179
chr9	31379029	32325305	X	0	+	0.451261
chr9	32977957	33361500	X	0	+	0.624219
chr9	33596940	34316607	X	0	+	0.636658
chr9	34337286	34497018	X	1	+	0.597444
chr9	34766019	35558840	X	1	+	0.323291
chr9	36055205	36274599	X	1	+	0.378123
chr9	36919863	37391371	X	0	+	0.668457
chr9	37898817	38606564	X	11	+	0.1664
chr9	38632826	39290479	X	4	+	0.344419
chr9	39751518	40726501	X	2	+	0.460533
chr9	41667500	42078337	X	7	+	0.2047
chr9	42284836	43123406	X	103	+	0.10215
chr9	43626518	44105080	X	0	+	0.669012
chr9	44950118	45839978	X	0	+	0.629773
chrX	912822	1510742	X	0	+	0.611169
chrX	2136038	2203955	X	0	+	0.511752
chrX	2607259	3472233	X	28	+	0.133972
chrX	4134447	4391046	X	0	+	0.585822
chrX	5167537	5394665	X	1	+	0.587843
chrX	6150477	6982292	X	2	+	0.413544
chrX	7897914	8343273	X	0	+	0.567451
chrX	8717960	9464498	X	0	+	0.454109
chrX	9795100	10591374	X	23	+	0.0959921
chrX	10712729	11196243	X	6	+	0.199434
chrX	12088891	12506978	X	7	+	0.334556
chrX	13323630	13591831	X	140	+	0.0237105
chrX	14232968	14892473	X	1	+	0.446377
chrX	15393838	16050356	X	0	+	0.533831
chrX	16416563	16601667	X	97	+	0.00969706
chrX	17378446	17677700	X	2	+	0.515967
chrX	18354727	18674781	X	0	+	0.429138
chrX	18789530	18796330	X	1	+	0.377525
chrX	18852115	19607349	X	0	+	0.521434
chrX	19877674	20146456	X	17	+	0.224156
chrX	20359231	21071291	X	35	+	0.105372
chrX	21789284	21833629	X	3	+	0.276248
chrX	22784855	23035206	X	0	+	0.638394
chrX	23768523	24739751	X	3	+	0.420128
chrX	25233127	25244400	X	21	+	0.312326
chrX	26075413	26616683	X	5	+	0.39425
chrX	27497140	28306677	X	16	+	0.387188
chrX	29297359	29750745	X	0	+	0.501989
chrX	30332433	30935774	X	19	+	0.187552
chrX	31572986	31860870	X	29	+	0.183128
chrX	32370669	32787944	X	2	+	0.313273
chrX	33653775	34627422	X	0	+	0.612058
chrX	35318521	36064558	X	7	+	0.293505
chrX	36195278	36633841	X	7	+	0.399953
chrX	36765304	37106147	X	22	+	0.224603
chrX	37823137	37904334	X	0	+	0.569959
chrX	37924048	38678495	X	1	+	0.448012
chrX	39534871	39565413	X	0	+	0.625532
chrX	40484668	41252604	X	1	+	0.510542
chrX	41561290	42461272	X	0	+	0.44523
chrX	43159721	43542788	X	0	+	0.479113
chrY	4446	999898	X	65	+	0.0247057
chrY	1142903	1261990	X	0	+	0.495344
chrY	1323466	1711785	X	13	+	0.311999
chrY	2021416	2385152	X	2	+	0.483733
chrY	2395893	2912438	X	0	+	0.557695
chrY	3223342	3833854	X	6	+	0.211876
chrY	4498309	4600694	X	17	+	0.196086
chrY	4962534	5041356	X	51	+	0.167282
chrY	5810797	6430281	X	0	+	0.475966
chrY	6983453	7630974	X	19	+	0.305079
chrY	8542519	9419193	X	0	+	0.642473
chrY	9433935	9895915	X	0	+	0.614057
chrY	10067765	10484440	X	0	+	0.586796
chrY	11192031	12108509	X	51	+	0.297332
chrY	12619415	12714204	X	0	+	0.598025
chrY	12785379	13554762	X	0	+	0.647464
chrY	14043127	14889896	X	0	+	0.644444
chrY	15794842	16654750	X	4	+	0.389583
chrY	16788614	17766163	X	0	+	0.519825
chrY	18529785	19231000	X	0	+	0.522564
chrY	19471366	19507801	X	0	+	0.461627
chrY	20430721	21234890	X	0	+	0.454003
chrY	21446211	21647787	X	0	+	0.579206
chrY	22070195	22770367	X	3	+	0.389175
chrY	23388710	24356344	X	0	+	0.448417
chrY	24638157	24764631	X	4	+	0.400725
chrY	24833560	25073673	X	1	+	0.503227
chrY	25737998	26480803	X	0	+	0.421995
chrY	26585828	27297182	X	12	+	0.143678
chrY	28034645	28307988	X	0	+	0.544829
chrY	28616054	29211161	X	4	+	0.388877
chrY	29497718	30048762	X	3	+	0.418281
chrY	30690951	31133640	X	2	+	0.408676
chrY	31972778	32130661	X	0	+	0.584037
chrY	32816174	33131129	X	33	+	0.044212
chrY	33588952	34049849	X	10	+	0.295684
chrY	34599657	35182269	X	3	+	0.501111
chrY	35567310	36231223	X	2	+	0.38007
chrY	36634367	37211467	X	8	+	0.399082
chrY	38024731	38523029	X	0	+	0.671506
chrY	39170618	39603141	X	13	+	0.308711
chrY	39752300	40334838	X	0	+	0.555452
chrY	40569449	41569097	X	70	+	0.0466121
chrY	42269762	43091810	X	0	+	0.519762
chrY	43182605	43407756	X	0	+	0.484966
chrY	44199130	44240836	X	6	+	0.220245
chrY	44757235	45119069	X	3	+	0.248655
chrY	46044314	46925981	X	63	+	0.104236
chrY	47899887	48242926	X	4	+	0.306864
chrY	48250221	49137903	X	83	+	0.0712182
chrY	49880727	50553843	X	19	+	0.271947
chrY	50599425	50862351	X	0	+	0.527348
chrY	51375931	51623531	X	3	+	0.283693
chrY	52585169	53035149	X	4	+	0.207225
chrY	53084009	53684380	X	7	+	0.206884
chrY	54326090	55104903	X	35	+	0.0168797
chrY	55276462	55870893	X	86	+	0.0591401
