<NegativeBinomial>
	<mean> 39.738 	</mean>

	<alpha> 5.51361 	</alpha>
</NegativeBinomial>
	