<PoissonRegression>
<coefficient> 0.450454 </coefficient>
<coefficient> 0.289834 </coefficient>
<coefficient> 0.325714 </coefficient>
<coefficient> 1.46226 </coefficient>
</PoissonRegression>
