simple fitting
chr0	613765	1478074	X	557	+	0.641115
chr0	1787281	1871144	X	612	+	0.0274015
chr0	2617214	3295716	X	563	+	0.543376
chr0	3813925	4625624	X	561	+	0.576524
chr0	4763425	4846367	X	610	+	0.0329796
chr0	5251904	5987178	X	572	+	0.394303
chr0	6217041	6899549	X	605	+	0.0511326
chr0	7310725	7379399	X	595	+	0.110705
chr0	8218752	9024260	X	629	+	0.00450642
chr0	9685111	10347237	X	544	+	0.819029
chr0	10420126	11389663	X	588	+	0.175262
chr0	12106703	12303774	X	555	+	0.672133
chr0	12794398	13543005	X	536	+	0.894798
chr0	13638563	13766804	X	570	+	0.42681
chr0	14027836	14330164	X	539	+	0.869592
chr0	14628891	14680039	X	581	+	0.260049
chr0	15657829	16379916	X	599	+	0.082639
chr0	16902087	16935288	X	566	+	0.493231
chr0	17665659	18534035	X	492	+	0.999206
chr0	19220533	20182541	X	573	+	0.378321
chr0	20949999	21266450	X	504	+	0.995768
chr0	21846135	21947923	X	564	+	0.526688
chr0	22935172	23662661	X	563	+	0.543376
chr0	24653054	25369017	X	576	+	0.331758
chr0	25704685	25915625	X	545	+	0.807628
chr0	26418231	26619196	X	526	+	0.953603
chr0	26715310	27514494	X	526	+	0.953603
chr0	27934159	28411584	X	551	+	0.730674
chr0	28786770	28993106	X	603	+	0.060341
chr0	29596117	30473447	X	575	+	0.347025
chr0	31010915	31416290	X	540	+	0.860341
chr0	32247756	32334719	X	517	+	0.980714
chr0	33309090	33999181	X	560	+	0.592926
chr0	34223270	34913141	X	578	+	0.302094
chr0	35545326	36520455	X	566	+	0.493231
chr0	36735603	36809583	X	551	+	0.730674
chr0	37790399	38117070	X	595	+	0.110705
chr0	38631858	38781473	X	606	+	0.0469709
chr0	39472612	40180146	X	564	+	0.526688
chr0	40945476	41769025	X	574	+	0.362554
chr0	42146906	42483017	X	532	+	0.922703
chr1	107371	669125	X	546	+	0.795806
chr1	1301859	1596688	X	544	+	0.819029
chr1	2189711	2925669	X	576	+	0.331758
chr1	3595194	3900936	X	559	+	0.609177
chr1	4269600	5189721	X	580	+	0.273714
chr1	6070493	6949714	X	551	+	0.730674
chr1	7598502	8091788	X	573	+	0.378321
chr1	8619070	8884831	X	597	+	0.095911
chr1	9375313	10001681	X	581	+	0.260049
chr1	10123635	10193743	X	575	+	0.347025
chr1	10864919	10878390	X	604	+	0.0555851
chr1	11153453	11266608	X	560	+	0.592926
chr1	12261589	12704076	X	580	+	0.273714
chr1	13588804	13823261	X	548	+	0.770927
chr1	14043638	14054921	X	586	+	0.197461
chr1	14326221	14756147	X	522	+	0.968056
chr1	15667276	16293731	X	549	+	0.757889
chr1	16515353	17479637	X	580	+	0.273714
chr1	17884820	18197189	X	553	+	0.702041
chr1	18832216	19608961	X	560	+	0.592926
chr1	20524941	21433941	X	541	+	0.85066
chr1	21550065	22084195	X	575	+	0.347025
chr1	22172140	22439948	X	541	+	0.85066
chr1	23239703	24201147	X	599	+	0.082639
chr1	24904068	25582832	X	585	+	0.209181
chr1	26308051	26734270	X	551	+	0.730674
chr1	26961356	27818400	X	559	+	0.609177
chr1	28695339	29662612	X	583	+	0.233834
chr1	30186690	30553033	X	555	+	0.672133
chr1	31361893	32054630	X	584	+	0.221307
chr1	32870572	33022310	X	560	+	0.592926
chr1	33427543	34150308	X	524	+	0.961373
chr1	34816903	35293304	X	555	+	0.672133
chr1	35571099	36116987	X	543	+	0.830003
chr1	36699153	36971244	X	593	+	0.127087
chr1	37551241	38233698	X	570	+	0.42681
chr1	38696909	38967133	X	594	+	0.118694
chr1	39361591	39478136	X	572	+	0.394303
chr1	39744367	40675394	X	592	+	0.135889
chr1	40875524	41646395	X	537	+	0.886816
chr1	41830601	41849142	X	551	+	0.730674
chr2	308016	1263293	X	572	+	0.394303
chr2	2089849	2582314	X	550	+	0.744467
chr2	3155157	3866704	X	560	+	0.592926
chr2	3959729	3990347	X	547	+	0.78357
chr2	4132454	4199593	X	588	+	0.175262
chr2	4962573	5746244	X	569	+	0.443281
chr2	6263916	6356534	X	564	+	0.526688
chr2	6868530	6966416	X	555	+	0.672133
chr2	7936815	8791564	X	573	+	0.378321
chr2	9034291	9839513	X	531	+	0.928718
chr2	10269810	10772461	X	616	+	0.0185968
chr2	10830452	11380748	X	550	+	0.744467
chr2	11783919	12610989	X	586	+	0.197461
chr2	12633234	12716035	X	567	+	0.47652
chr2	12840845	12922805	X	564	+	0.526688
chr2	13819679	14144784	X	610	+	0.0329796
chr2	14583837	15039785	X	548	+	0.770927
chr2	15283356	15606947	X	575	+	0.347025
chr2	16527558	17057993	X	563	+	0.543376
chr2	17727382	18694060	X	527	+	0.949277
chr2	19244366	19866586	X	545	+	0.807628
chr2	20605570	21036205	X	584	+	0.221307
chr2	21591130	22329388	X	560	+	0.592926
chr2	22844470	23673674	X	584	+	0.221307
chr2	23705368	24438355	X	588	+	0.175262
chr2	24567058	25076179	X	533	+	0.916313
chr2	25896420	26674385	X	546	+	0.795806
chr2	27503625	27604181	X	568	+	0.459861
chr2	27701674	27843240	X	561	+	0.576524
chr2	28524686	29081903	X	608	+	0.0394694
chr2	29407950	29795066	X	588	+	0.175262
chr2	29809900	29933360	X	553	+	0.702041
chr2	30018075	30536112	X	577	+	0.316774
chr2	30980115	31276725	X	534	+	0.909539
chr2	32222518	32485135	X	564	+	0.526688
chr2	33214288	33637610	X	560	+	0.592926
chr2	34424159	35297341	X	554	+	0.687236
chr2	36127509	36868312	X	561	+	0.576524
chr2	37060968	37323659	X	581	+	0.260049
chr2	37972941	38910368	X	589	+	0.16479
chr2	39455313	40249725	X	519	+	0.976279
chr3	415297	415706	X	608	+	0.0394694
chr3	1019684	1682268	X	518	+	0.978592
chr3	2272494	2362892	X	547	+	0.78357
chr3	2994957	3580165	X	542	+	0.840547
chr3	4015824	4621634	X	579	+	0.287735
chr3	4738033	5103504	X	530	+	0.934372
chr3	5955492	6684865	X	551	+	0.730674
chr3	7432148	7864094	X	556	+	0.656751
chr3	8756484	9585639	X	581	+	0.260049
chr3	10034406	10621981	X	529	+	0.939674
chr3	10702622	11013034	X	601	+	0.0708116
chr3	11492427	12227945	X	567	+	0.47652
chr3	12718402	13261491	X	575	+	0.347025
chr3	13714389	14131537	X	500	+	0.997504
chr3	14725302	15056405	X	558	+	0.625248
chr3	15151574	15729220	X	591	+	0.145105
chr3	16572919	16866761	X	571	+	0.410475
chr3	17148669	17455737	X	537	+	0.886816
chr3	17631410	17758051	X	577	+	0.316774
chr3	18023093	18043894	X	565	+	0.509963
chr3	18906322	19275731	X	518	+	0.978592
chr3	20060522	20621693	X	499	+	0.997823
chr3	21097790	21515323	X	572	+	0.394303
chr3	22311365	22875372	X	587	+	0.186153
chr3	23705213	23934316	X	600	+	0.07655
chr3	24184520	24296814	X	578	+	0.302094
chr3	24560278	24639788	X	553	+	0.702041
chr3	25424556	26295612	X	585	+	0.209181
chr3	26502250	27309280	X	538	+	0.878415
chr3	27764950	28060824	X	575	+	0.347025
chr3	28388187	28601015	X	546	+	0.795806
chr3	28693898	28958681	X	598	+	0.0890893
chr3	29369050	30042103	X	589	+	0.16479
chr3	30478832	31189236	X	534	+	0.909539
chr3	32176354	32763682	X	613	+	0.0249239
chr3	33742610	34663580	X	534	+	0.909539
chr3	34738036	35500408	X	578	+	0.302094
chr3	36041826	36388011	X	550	+	0.744467
chr3	37250625	38149412	X	564	+	0.526688
chr3	38700934	38762539	X	539	+	0.869592
chr3	39554491	39642537	X	544	+	0.819029
chr4	132324	1041288	X	524	+	0.961373
chr4	1788833	2085879	X	569	+	0.443281
chr4	2894940	3614569	X	600	+	0.07655
chr4	4086227	4672169	X	559	+	0.609177
chr4	4998330	5505956	X	593	+	0.127087
chr4	5528894	5891484	X	554	+	0.687236
chr4	6394632	7359866	X	574	+	0.362554
chr4	7795001	8394535	X	574	+	0.362554
chr4	9251520	9861971	X	567	+	0.47652
chr4	10327495	10932643	X	624	+	0.00799912
chr4	11123440	11634492	X	528	+	0.944638
chr4	12459509	13269816	X	579	+	0.287735
chr4	13547995	14310823	X	570	+	0.42681
chr4	14819139	14867776	X	592	+	0.135889
chr4	15746698	15985379	X	572	+	0.394303
chr4	16702836	17071059	X	553	+	0.702041
chr4	17751749	17765279	X	546	+	0.795806
chr4	18424494	18754092	X	566	+	0.493231
chr4	19309572	20063972	X	525	+	0.957631
chr4	20320479	20483778	X	557	+	0.641115
chr4	20508554	20830017	X	541	+	0.85066
chr4	21413078	22256131	X	581	+	0.260049
chr4	23081329	23338542	X	546	+	0.795806
chr4	23975550	24695115	X	565	+	0.509963
chr4	24830654	25678717	X	581	+	0.260049
chr4	25896058	26451661	X	533	+	0.916313
chr4	26807548	27476032	X	535	+	0.90237
chr4	27549089	27733472	X	601	+	0.0708116
chr4	28612533	28999949	X	582	+	0.246751
chr4	29169361	29208565	X	553	+	0.702041
chr4	29309404	29908202	X	522	+	0.968056
chr4	29929564	30665013	X	579	+	0.287735
chr4	30945316	31677740	X	577	+	0.316774
chr4	32624048	33168735	X	533	+	0.916313
chr4	33396533	34369275	X	553	+	0.702041
chr4	35026497	35100650	X	587	+	0.186153
chr4	35599584	36001136	X	540	+	0.860341
chr4	36308867	36673257	X	583	+	0.233834
chr4	37081723	38007973	X	537	+	0.886816
chr4	38104474	38862057	X	584	+	0.221307
chr4	39740065	39973133	X	562	+	0.559997
chr5	659513	1062889	X	554	+	0.687236
chr5	2033132	2844470	X	562	+	0.559997
chr5	3476023	3883645	X	578	+	0.302094
chr5	3981505	4764234	X	548	+	0.770927
chr5	5087316	5787478	X	582	+	0.246751
chr5	6694963	7413933	X	593	+	0.127087
chr5	8289917	9058500	X	583	+	0.233834
chr5	9484395	9765712	X	607	+	0.0430874
chr5	10144682	10362137	X	561	+	0.576524
chr5	11360456	11650080	X	542	+	0.840547
chr5	11783058	12499696	X	550	+	0.744467
chr5	13145405	13963386	X	591	+	0.145105
chr5	14688426	15352741	X	543	+	0.830003
chr5	15549431	15737732	X	602	+	0.0654124
chr5	16515457	16880781	X	530	+	0.934372
chr5	16983280	17188404	X	547	+	0.78357
chr5	17972609	18206798	X	539	+	0.869592
chr5	18992960	19682510	X	534	+	0.909539
chr5	19935274	20835884	X	595	+	0.110705
chr5	21245132	22035536	X	582	+	0.246751
chr5	22941094	23907961	X	563	+	0.543376
chr5	24144305	24919583	X	567	+	0.47652
chr5	25093687	25619730	X	555	+	0.672133
chr5	25942559	26827406	X	524	+	0.961373
chr5	27527779	28486156	X	588	+	0.175262
chr5	29418657	29543775	X	566	+	0.493231
chr5	29781465	30185159	X	550	+	0.744467
chr5	31007009	31562163	X	570	+	0.42681
chr5	31937898	32683287	X	587	+	0.186153
chr5	33603265	34508352	X	572	+	0.394303
chr5	35036185	35464992	X	562	+	0.559997
chr5	35620619	35924483	X	529	+	0.939674
chr5	36674090	36751717	X	577	+	0.316774
chr5	37419479	37919595	X	557	+	0.641115
chr5	38646848	38784519	X	553	+	0.702041
chr5	38992359	39991699	X	522	+	0.968056
chr5	40026496	40692987	X	580	+	0.273714
chr5	40945760	41564469	X	579	+	0.287735
chr5	42530832	43430620	X	539	+	0.869592
chr5	44401376	44749625	X	559	+	0.609177
chr5	45735369	45834319	X	614	+	0.0226382
chr6	316660	810292	X	533	+	0.916313
chr6	1557187	1853759	X	550	+	0.744467
chr6	2785833	3460713	X	583	+	0.233834
chr6	4369949	4402729	X	540	+	0.860341
chr6	4651663	5574027	X	594	+	0.118694
chr6	5767195	6551494	X	620	+	0.0123369
chr6	6655181	6950303	X	616	+	0.0185968
chr6	7481947	8477910	X	562	+	0.559997
chr6	8852884	9195487	X	511	+	0.990058
chr6	9200953	9282962	X	566	+	0.493231
chr6	9799655	9916958	X	517	+	0.980714
chr6	10516656	10820667	X	577	+	0.316774
chr6	10824823	10911276	X	629	+	0.00450642
chr6	10975775	11122475	X	502	+	0.996738
chr6	11745157	12281475	X	579	+	0.287735
chr6	12898084	13086635	X	585	+	0.209181
chr6	13533722	13981597	X	610	+	0.0329796
chr6	14734698	15339372	X	575	+	0.347025
chr6	15591407	15900068	X	578	+	0.302094
chr6	15936834	16641091	X	584	+	0.221307
chr6	16888132	17704045	X	557	+	0.641115
chr6	18324322	19230959	X	555	+	0.672133
chr6	19507760	20373203	X	557	+	0.641115
chr6	20477749	21052724	X	599	+	0.082639
chr6	21580021	22479682	X	607	+	0.0430874
chr6	23139552	23843815	X	577	+	0.316774
chr6	24095489	24634341	X	583	+	0.233834
chr6	25071739	25877538	X	535	+	0.90237
chr6	26352006	26816576	X	575	+	0.347025
chr6	27407438	28007572	X	572	+	0.394303
chr6	28928133	29462810	X	583	+	0.233834
chr6	30068506	30336777	X	529	+	0.939674
chr6	30947801	31538126	X	535	+	0.90237
chr6	31632027	32386522	X	555	+	0.672133
chr6	33058045	33527027	X	538	+	0.878415
chr6	33798776	34508050	X	593	+	0.127087
chr6	34821067	35553550	X	600	+	0.07655
chr6	36012721	36922233	X	549	+	0.757889
chr6	37295504	37924291	X	586	+	0.197461
chr6	38774960	39694110	X	564	+	0.526688
chr6	39770203	39990462	X	549	+	0.757889
chr7	162042	666024	X	574	+	0.362554
chr7	1599120	1679898	X	542	+	0.840547
chr7	2442562	3296741	X	580	+	0.273714
chr7	4137752	4790219	X	553	+	0.702041
chr7	5448523	5728404	X	583	+	0.233834
chr7	5814262	5902529	X	507	+	0.993831
chr7	6489505	7352304	X	584	+	0.221307
chr7	7901707	8654441	X	567	+	0.47652
chr7	9083606	9240812	X	571	+	0.410475
chr7	10027498	10685277	X	580	+	0.273714
chr7	11313903	11495573	X	576	+	0.331758
chr7	12314148	13164025	X	581	+	0.260049
chr7	13755712	13850737	X	609	+	0.0361044
chr7	13905886	14738409	X	562	+	0.559997
chr7	15275163	15850921	X	601	+	0.0708116
chr7	16069739	16434250	X	625	+	0.0071523
chr7	17279071	18232153	X	548	+	0.770927
chr7	18842259	19824585	X	540	+	0.860341
chr7	20029461	20951502	X	556	+	0.656751
chr7	21606060	21628822	X	588	+	0.175262
chr7	22254540	22365196	X	606	+	0.0469709
chr7	22421018	22533094	X	574	+	0.362554
chr7	22953820	23584128	X	571	+	0.410475
chr7	24190741	24452579	X	551	+	0.730674
chr7	25263080	25598675	X	591	+	0.145105
chr7	26591521	27240651	X	554	+	0.687236
chr7	27395425	28264210	X	564	+	0.526688
chr7	28362997	28380023	X	537	+	0.886816
chr7	28911477	29317186	X	573	+	0.378321
chr7	29796998	30349798	X	553	+	0.702041
chr7	30609742	31408084	X	534	+	0.909539
chr7	32214580	32622533	X	534	+	0.909539
chr7	33454229	33979513	X	575	+	0.347025
chr7	34543504	34733771	X	547	+	0.78357
chr7	34981545	35688903	X	551	+	0.730674
chr7	35743402	36298345	X	566	+	0.493231
chr7	36726567	37554552	X	571	+	0.410475
chr7	37562516	37591045	X	585	+	0.209181
chr7	37787760	38045926	X	566	+	0.493231
chr7	38701466	39677813	X	533	+	0.916313
chr7	39753717	39829256	X	601	+	0.0708116
chr8	959613	1709759	X	595	+	0.110705
chr8	2180113	2462500	X	545	+	0.807628
chr8	2590487	3286646	X	551	+	0.730674
chr8	3362211	3975051	X	568	+	0.459861
chr8	4948211	5280659	X	593	+	0.127087
chr8	5478336	5716223	X	554	+	0.687236
chr8	6230161	6312194	X	545	+	0.807628
chr8	6636202	7286390	X	552	+	0.716526
chr8	7364823	8038743	X	550	+	0.744467
chr8	8050229	8411162	X	602	+	0.0654124
chr8	8528646	8825504	X	533	+	0.916313
chr8	9455300	10204637	X	529	+	0.939674
chr8	10913749	11314216	X	565	+	0.509963
chr8	12239723	12825178	X	580	+	0.273714
chr8	13173401	13430276	X	597	+	0.095911
chr8	13437939	13746757	X	555	+	0.672133
chr8	14154629	14977870	X	541	+	0.85066
chr8	15946186	16002580	X	585	+	0.209181
chr8	16320447	17295005	X	571	+	0.410475
chr8	18078686	18170239	X	557	+	0.641115
chr8	18932255	19721177	X	561	+	0.576524
chr8	20423428	20438766	X	586	+	0.197461
chr8	20464651	20879286	X	551	+	0.730674
chr8	21666593	22316324	X	558	+	0.625248
chr8	23047164	23523323	X	567	+	0.47652
chr8	24088596	24320909	X	576	+	0.331758
chr8	24861408	25191867	X	556	+	0.656751
chr8	25309297	26165120	X	555	+	0.672133
chr8	26361209	26663453	X	541	+	0.85066
chr8	27255490	28222373	X	523	+	0.964843
chr8	28674193	29575981	X	586	+	0.197461
chr8	29797831	30356984	X	603	+	0.060341
chr8	30377065	30734161	X	576	+	0.331758
chr8	30929522	31767595	X	573	+	0.378321
chr8	32536126	33187116	X	542	+	0.840547
chr8	33413852	33828283	X	550	+	0.744467
chr8	34601992	35302231	X	587	+	0.186153
chr8	35872561	36310689	X	573	+	0.378321
chr8	36753086	37236174	X	525	+	0.957631
chr8	38095525	38335117	X	556	+	0.656751
chr8	38451592	39155635	X	571	+	0.410475
chr9	979412	1095818	X	556	+	0.656751
chr9	1151393	1506661	X	549	+	0.757889
chr9	2061294	3057818	X	631	+	0.00354637
chr9	3105542	3962032	X	542	+	0.840547
chr9	4650932	4991668	X	584	+	0.221307
chr9	5144781	5612146	X	563	+	0.543376
chr9	6288392	6369874	X	560	+	0.592926
chr9	6924129	7571370	X	566	+	0.493231
chr9	8482968	9294648	X	574	+	0.362554
chr9	10289227	11013754	X	563	+	0.543376
chr9	11030403	11687160	X	545	+	0.807628
chr9	11935147	12081524	X	575	+	0.347025
chr9	12316164	12610216	X	518	+	0.978592
chr9	13303647	13492911	X	573	+	0.378321
chr9	14116445	14525604	X	568	+	0.459861
chr9	14763209	15135699	X	550	+	0.744467
chr9	15473869	15816705	X	537	+	0.886816
chr9	16098281	16210838	X	574	+	0.362554
chr9	16725841	17249988	X	577	+	0.316774
chr9	17660222	18050132	X	555	+	0.672133
chr9	18186164	18424206	X	549	+	0.757889
chr9	18722597	19394662	X	558	+	0.625248
chr9	19470154	19488414	X	554	+	0.687236
chr9	19691849	19776349	X	558	+	0.625248
chr9	20390520	20619573	X	587	+	0.186153
chr9	20752046	20900311	X	540	+	0.860341
chr9	21668965	22402696	X	525	+	0.957631
chr9	22666383	23575501	X	513	+	0.987514
chr9	23591652	24411093	X	587	+	0.186153
chr9	24976376	25614386	X	570	+	0.42681
chr9	25936638	26118014	X	531	+	0.928718
chr9	26662053	27130484	X	558	+	0.625248
chr9	27142834	27794187	X	557	+	0.641115
chr9	27952153	28351267	X	590	+	0.154738
chr9	28398778	28526037	X	561	+	0.576524
chr9	29122984	29663539	X	577	+	0.316774
chr9	30056248	30480856	X	607	+	0.0430874
chr9	30491445	30847323	X	559	+	0.609177
chr9	30852531	31061797	X	570	+	0.42681
chr9	31403373	31517271	X	511	+	0.990058
chr9	32003976	32954683	X	593	+	0.127087
chr10	605459	731303	X	571	+	0.410475
chr10	1391501	1422161	X	576	+	0.331758
chr10	1652396	2422589	X	579	+	0.287735
chr10	2952361	3439606	X	603	+	0.060341
chr10	3933068	4645595	X	574	+	0.362554
chr10	5329194	5452752	X	601	+	0.0708116
chr10	5460924	5492234	X	551	+	0.730674
chr10	6229144	6933214	X	555	+	0.672133
chr10	6986929	7381146	X	558	+	0.625248
chr10	7866058	8273380	X	609	+	0.0361044
chr10	8594090	8998615	X	559	+	0.609177
chr10	9130452	9877545	X	559	+	0.609177
chr10	10120413	10443075	X	589	+	0.16479
chr10	10628163	11491068	X	537	+	0.886816
chr10	12455851	13440534	X	567	+	0.47652
chr10	13776031	14554275	X	579	+	0.287735
chr10	14693067	14885061	X	592	+	0.135889
chr10	15237610	15345838	X	540	+	0.860341
chr10	15970581	16600513	X	571	+	0.410475
chr10	16720576	17279651	X	607	+	0.0430874
chr10	18176509	18718359	X	599	+	0.082639
chr10	19670253	19834851	X	556	+	0.656751
chr10	20470590	21388183	X	585	+	0.209181
chr10	21657418	22305377	X	599	+	0.082639
chr10	22939020	23804207	X	557	+	0.641115
chr10	24047562	24099594	X	573	+	0.378321
chr10	24907831	25660007	X	567	+	0.47652
chr10	25996401	26763479	X	591	+	0.145105
chr10	27581509	28007547	X	558	+	0.625248
chr10	28352481	29193179	X	541	+	0.85066
chr10	29642459	29692193	X	557	+	0.641115
chr10	30176835	30225372	X	612	+	0.0274015
chr10	30921944	31679415	X	567	+	0.47652
chr10	31729724	32584355	X	571	+	0.410475
chr10	33374546	33804750	X	576	+	0.331758
chr10	34378864	35022052	X	556	+	0.656751
chr10	35080924	35739973	X	566	+	0.493231
chr10	36098947	36275016	X	581	+	0.260049
chr10	36858810	37441160	X	544	+	0.819029
chr10	37805064	38249374	X	540	+	0.860341
chr10	38633588	39445229	X	578	+	0.302094
chr11	150842	538210	X	579	+	0.287735
chr11	1498252	1990234	X	565	+	0.509963
chr11	2891949	3807271	X	559	+	0.609177
chr11	4481000	4552633	X	545	+	0.807628
chr11	5357307	5582613	X	605	+	0.0511326
chr11	5788682	6704603	X	572	+	0.394303
chr11	7216338	7388436	X	526	+	0.953603
chr11	7530980	7579652	X	546	+	0.795806
chr11	8039176	8683518	X	549	+	0.757889
chr11	8908410	9499373	X	541	+	0.85066
chr11	9684692	10164875	X	597	+	0.095911
chr11	10683993	11440629	X	548	+	0.770927
chr11	12360400	12929077	X	561	+	0.576524
chr11	13446618	13451382	X	608	+	0.0394694
chr11	13785509	14242624	X	568	+	0.459861
chr11	14703932	15644382	X	589	+	0.16479
chr11	16571226	17179750	X	571	+	0.410475
chr11	18040051	18587816	X	563	+	0.543376
chr11	19563250	20141044	X	557	+	0.641115
chr11	20149678	20646734	X	562	+	0.559997
chr11	21095205	21850749	X	592	+	0.135889
chr11	22098408	22641564	X	574	+	0.362554
chr11	22763576	23588926	X	540	+	0.860341
chr11	23754570	23898831	X	582	+	0.246751
chr11	24177245	24183200	X	542	+	0.840547
chr11	24892140	25389471	X	562	+	0.559997
chr11	25537081	26200752	X	590	+	0.154738
chr11	26572899	27547719	X	546	+	0.795806
chr11	27733719	28285438	X	633	+	0.00277486
chr11	28389117	28646480	X	528	+	0.944638
chr11	28710546	29094034	X	557	+	0.641115
chr11	29915419	30859147	X	544	+	0.819029
chr11	30901224	31180122	X	591	+	0.145105
chr11	31681800	31775583	X	580	+	0.273714
chr11	32012773	32586403	X	551	+	0.730674
chr11	32730821	33030218	X	589	+	0.16479
chr11	33919285	34163567	X	618	+	0.0151902
chr11	34939968	35856835	X	589	+	0.16479
chr11	36183418	37080141	X	537	+	0.886816
chr11	37581130	38402742	X	603	+	0.060341
chr11	39056501	39889426	X	583	+	0.233834
chr12	432016	777954	X	585	+	0.209181
chr12	1075363	1884775	X	569	+	0.443281
chr12	2769539	3004717	X	581	+	0.260049
chr12	3006802	3362110	X	598	+	0.0890893
chr12	4072905	4790915	X	596	+	0.103113
chr12	4884222	5791699	X	599	+	0.082639
chr12	6660720	6961339	X	582	+	0.246751
chr12	6981208	7614347	X	599	+	0.082639
chr12	8544868	9319963	X	573	+	0.378321
chr12	9856833	10708020	X	550	+	0.744467
chr12	11693646	12546843	X	566	+	0.493231
chr12	13365152	13661299	X	569	+	0.443281
chr12	14130827	14772092	X	521	+	0.971023
chr12	15351387	15406616	X	564	+	0.526688
chr12	16112891	17091661	X	568	+	0.459861
chr12	18072887	18450402	X	573	+	0.378321
chr12	19104771	19158002	X	569	+	0.443281
chr12	19819561	20207099	X	609	+	0.0361044
chr12	20257146	21075800	X	570	+	0.42681
chr12	21364195	21640157	X	554	+	0.687236
chr12	22329307	22535314	X	567	+	0.47652
chr12	23422461	23858846	X	575	+	0.347025
chr12	24722186	24857473	X	589	+	0.16479
chr12	25314757	25360236	X	542	+	0.840547
chr12	26020926	26703934	X	510	+	0.991153
chr12	27194132	27703380	X	576	+	0.331758
chr12	27989152	28844729	X	576	+	0.331758
chr12	28882044	29668384	X	567	+	0.47652
chr12	30429165	31189900	X	569	+	0.443281
chr12	31609096	32208036	X	553	+	0.702041
chr12	32483535	32963753	X	601	+	0.0708116
chr12	33133985	33880199	X	575	+	0.347025
chr12	34598399	34775517	X	590	+	0.154738
chr12	35209971	36035906	X	585	+	0.209181
chr12	36261875	36791785	X	563	+	0.543376
chr12	37243426	37875092	X	582	+	0.246751
chr12	38456257	38640793	X	606	+	0.0469709
chr12	39477358	39930633	X	572	+	0.394303
chr12	40812541	41533343	X	546	+	0.795806
chr12	41571468	42282792	X	500	+	0.997504
chr12	43241187	44101290	X	559	+	0.609177
chr13	637743	677375	X	575	+	0.347025
chr13	1151633	1466669	X	560	+	0.592926
chr13	1659685	2584363	X	556	+	0.656751
chr13	2654457	3325675	X	571	+	0.410475
chr13	3578741	4005916	X	579	+	0.287735
chr13	4048336	4664069	X	610	+	0.0329796
chr13	4966975	5654573	X	558	+	0.625248
chr13	6180373	6207928	X	540	+	0.860341
chr13	7192402	7765743	X	535	+	0.90237
chr13	7776306	8417276	X	554	+	0.687236
chr13	9103014	9528879	X	602	+	0.0654124
chr13	10461791	10988029	X	612	+	0.0274015
chr13	11738026	11977087	X	564	+	0.526688
chr13	12424083	12960482	X	575	+	0.347025
chr13	12966122	13777919	X	562	+	0.559997
chr13	14349932	14410320	X	598	+	0.0890893
chr13	14639153	15101127	X	590	+	0.154738
chr13	15631472	16310534	X	558	+	0.625248
chr13	16346009	16786331	X	541	+	0.85066
chr13	16833321	17681021	X	579	+	0.287735
chr13	18556681	19470018	X	553	+	0.702041
chr13	20398588	20476112	X	549	+	0.757889
chr13	20480670	20599738	X	573	+	0.378321
chr13	21546674	21909853	X	611	+	0.0300827
chr13	22123554	22284832	X	602	+	0.0654124
chr13	23070386	23282432	X	537	+	0.886816
chr13	23771551	24315631	X	597	+	0.095911
chr13	24765266	25296856	X	529	+	0.939674
chr13	25673334	26385862	X	580	+	0.273714
chr13	26548751	26768430	X	560	+	0.592926
chr13	26956342	27818226	X	592	+	0.135889
chr13	28226126	28363299	X	594	+	0.118694
chr13	29014976	29446085	X	564	+	0.526688
chr13	30126515	30707006	X	547	+	0.78357
chr13	30750800	31079048	X	572	+	0.394303
chr13	31986965	32080390	X	566	+	0.493231
chr13	32151172	32403241	X	555	+	0.672133
chr13	32482865	33458884	X	553	+	0.702041
chr13	34282302	34662050	X	565	+	0.509963
chr13	35450603	36159680	X	577	+	0.316774
chr13	36617852	36719133	X	571	+	0.410475
chr14	176888	872903	X	563	+	0.543376
chr14	896693	1301624	X	582	+	0.246751
chr14	1472657	1716619	X	536	+	0.894798
chr14	2238132	2855261	X	578	+	0.302094
chr14	3249568	4039503	X	580	+	0.273714
chr14	4854248	5846061	X	557	+	0.641115
chr14	5850557	6296284	X	536	+	0.894798
chr14	7144085	7910351	X	576	+	0.331758
chr14	8609441	9162825	X	554	+	0.687236
chr14	9529278	10063653	X	523	+	0.964843
chr14	10273341	10985222	X	560	+	0.592926
chr14	11241805	12073361	X	569	+	0.443281
chr14	12605854	13568369	X	567	+	0.47652
chr14	14545340	15379442	X	608	+	0.0394694
chr14	16242109	16989658	X	531	+	0.928718
chr14	17918793	18467356	X	570	+	0.42681
chr14	19228100	20049984	X	576	+	0.331758
chr14	20524705	20726954	X	571	+	0.410475
chr14	20886941	21045436	X	655	+	0.000127848
chr14	21514240	22441226	X	559	+	0.609177
chr14	22876802	23823472	X	579	+	0.287735
chr14	24193227	25167740	X	584	+	0.221307
chr14	25263384	25544765	X	578	+	0.302094
chr14	26394446	26835855	X	525	+	0.957631
chr14	27656738	28151033	X	602	+	0.0654124
chr14	28447158	28590230	X	548	+	0.770927
chr14	28717076	29689305	X	589	+	0.16479
chr14	30004222	30247356	X	585	+	0.209181
chr14	30915033	31112911	X	531	+	0.928718
chr14	31873871	31888627	X	573	+	0.378321
chr14	32832884	33290249	X	537	+	0.886816
chr14	33448989	34225101	X	569	+	0.443281
chr14	34475526	34492744	X	560	+	0.592926
chr14	34495600	35192311	X	575	+	0.347025
chr14	35437147	35483651	X	549	+	0.757889
chr14	35819366	36611998	X	552	+	0.716526
chr14	36985793	37592720	X	559	+	0.609177
chr14	37887579	38048499	X	510	+	0.991153
chr14	38808843	38874219	X	578	+	0.302094
chr14	39205696	40182495	X	574	+	0.362554
chr14	40279948	40626913	X	536	+	0.894798
chr15	836158	921779	X	540	+	0.860341
chr15	1463208	1527868	X	545	+	0.807628
chr15	1688131	2156647	X	551	+	0.730674
chr15	2798001	3511193	X	608	+	0.0394694
chr15	3911456	4900079	X	567	+	0.47652
chr15	5168843	5927482	X	566	+	0.493231
chr15	6682793	7261133	X	571	+	0.410475
chr15	7616178	8140651	X	560	+	0.592926
chr15	8212718	8814729	X	581	+	0.260049
chr15	9708796	10596881	X	572	+	0.394303
chr15	11496437	12075170	X	585	+	0.209181
chr15	12895354	13658984	X	550	+	0.744467
chr15	13763574	13900879	X	603	+	0.060341
chr15	14316175	14726433	X	566	+	0.493231
chr15	15691084	16486662	X	559	+	0.609177
chr15	17026274	18003122	X	561	+	0.576524
chr15	18650552	18974638	X	588	+	0.175262
chr15	19253572	19764033	X	553	+	0.702041
chr15	20241020	20762736	X	541	+	0.85066
chr15	21473963	22443751	X	534	+	0.909539
chr15	22873760	23628286	X	603	+	0.060341
chr15	23841523	24787626	X	542	+	0.840547
chr15	25149952	25993316	X	557	+	0.641115
chr15	26268504	26976209	X	576	+	0.331758
chr15	27810158	28014082	X	548	+	0.770927
chr15	28863465	29804129	X	579	+	0.287735
chr15	30634140	31242703	X	530	+	0.934372
chr15	31817842	32055084	X	578	+	0.302094
chr15	32623446	32648277	X	611	+	0.0300827
chr15	33260778	33963925	X	589	+	0.16479
chr15	34471944	34667538	X	557	+	0.641115
chr15	35385685	36335003	X	546	+	0.795806
chr15	36919989	37273227	X	515	+	0.984427
chr15	37705421	38502218	X	524	+	0.961373
chr15	38717120	39231078	X	596	+	0.103113
chr15	39759491	40652927	X	557	+	0.641115
chr15	40844677	41622277	X	607	+	0.0430874
chr15	41971158	42435205	X	634	+	0.00244925
chr15	42962764	43956433	X	548	+	0.770927
chr15	44789023	45381216	X	580	+	0.273714
chr15	45749826	46036400	X	634	+	0.00244925
chr16	255135	287161	X	550	+	0.744467
chr16	1058995	1591149	X	555	+	0.672133
chr16	1761884	2000633	X	568	+	0.459861
chr16	2795049	3174110	X	585	+	0.209181
chr16	3340086	3984675	X	565	+	0.509963
chr16	4069645	4575148	X	541	+	0.85066
chr16	5196456	5288844	X	540	+	0.860341
chr16	5868335	6004552	X	547	+	0.78357
chr16	6464480	7435585	X	573	+	0.378321
chr16	7534624	8146049	X	543	+	0.830003
chr16	8236774	9001523	X	559	+	0.609177
chr16	9161018	10046252	X	589	+	0.16479
chr16	10436380	10448230	X	577	+	0.316774
chr16	11357963	11805474	X	549	+	0.757889
chr16	11857440	12243351	X	545	+	0.807628
chr16	12391550	12614101	X	567	+	0.47652
chr16	13422159	13863524	X	555	+	0.672133
chr16	14594580	14978334	X	560	+	0.592926
chr16	15433707	16402288	X	582	+	0.246751
chr16	16627979	17608292	X	543	+	0.830003
chr16	18261861	18540517	X	558	+	0.625248
chr16	19392903	20375300	X	573	+	0.378321
chr16	20949622	21641313	X	560	+	0.592926
chr16	21743475	22269944	X	527	+	0.949277
chr16	22478016	22603821	X	547	+	0.78357
chr16	22795829	23493987	X	550	+	0.744467
chr16	23676090	24376231	X	559	+	0.609177
chr16	24810949	25167774	X	568	+	0.459861
chr16	25541754	26476898	X	553	+	0.702041
chr16	27365498	28072839	X	564	+	0.526688
chr16	28781316	28927272	X	606	+	0.0469709
chr16	29751883	29956256	X	557	+	0.641115
chr16	30156265	30767547	X	552	+	0.716526
chr16	31101628	31482200	X	549	+	0.757889
chr16	31654622	31855424	X	555	+	0.672133
chr16	32076223	32937379	X	558	+	0.625248
chr16	32948483	33693967	X	568	+	0.459861
chr16	33857294	34364029	X	547	+	0.78357
chr16	34724174	34780821	X	589	+	0.16479
chr16	35639803	35900758	X	532	+	0.922703
chr16	36056832	36327666	X	530	+	0.934372
chr17	783762	1016083	X	580	+	0.273714
chr17	1706887	2662109	X	562	+	0.559997
chr17	3550911	4252848	X	536	+	0.894798
chr17	4478967	5141652	X	569	+	0.443281
chr17	6007972	6311990	X	529	+	0.939674
chr17	6468041	6842911	X	578	+	0.302094
chr17	7304773	8254790	X	556	+	0.656751
chr17	8945827	9811073	X	522	+	0.968056
chr17	10167116	11152654	X	587	+	0.186153
chr17	11453112	12083329	X	585	+	0.209181
chr17	12934724	13001540	X	533	+	0.916313
chr17	13311394	13863338	X	588	+	0.175262
chr17	14601534	15591111	X	569	+	0.443281
chr17	15671282	15857959	X	579	+	0.287735
chr17	16094525	16254089	X	544	+	0.819029
chr17	16662245	17643213	X	606	+	0.0469709
chr17	17653900	18589822	X	535	+	0.90237
chr17	19523857	20344934	X	546	+	0.795806
chr17	20647782	21266127	X	584	+	0.221307
chr17	21332286	21834232	X	557	+	0.641115
chr17	22401870	22726018	X	600	+	0.07655
chr17	23127167	23860223	X	549	+	0.757889
chr17	23975698	24508415	X	554	+	0.687236
chr17	25222965	25708758	X	570	+	0.42681
chr17	26384367	26864985	X	594	+	0.118694
chr17	27516041	27699005	X	570	+	0.42681
chr17	27894309	28815763	X	610	+	0.0329796
chr17	29040235	29769719	X	557	+	0.641115
chr17	30242453	30585689	X	552	+	0.716526
chr17	30667832	31607842	X	565	+	0.509963
chr17	32370917	33055427	X	585	+	0.209181
chr17	33885627	34183023	X	608	+	0.0394694
chr17	34754593	35515528	X	548	+	0.770927
chr17	35960705	36511420	X	574	+	0.362554
chr17	37402732	37707706	X	564	+	0.526688
chr17	37746669	38479961	X	598	+	0.0890893
chr17	39025432	39408124	X	583	+	0.233834
chr17	39508817	39544749	X	602	+	0.0654124
chr17	40154077	40475376	X	577	+	0.316774
chr17	41444013	41447366	X	519	+	0.976279
chr17	41967043	41990303	X	580	+	0.273714
chr18	69957	450903	X	570	+	0.42681
chr18	1183134	1745316	X	557	+	0.641115
chr18	1863240	2317825	X	567	+	0.47652
chr18	2691146	3308340	X	575	+	0.347025
chr18	3832651	4045294	X	542	+	0.840547
chr18	4588146	4716110	X	588	+	0.175262
chr18	5297615	5321471	X	553	+	0.702041
chr18	5547399	6359149	X	563	+	0.543376
chr18	6871962	7237373	X	577	+	0.316774
chr18	7898347	8736051	X	561	+	0.576524
chr18	9250954	9813627	X	564	+	0.526688
chr18	10770320	11021098	X	584	+	0.221307
chr18	11457501	12134864	X	597	+	0.095911
chr18	13112163	13984065	X	584	+	0.221307
chr18	14210529	14979704	X	600	+	0.07655
chr18	15762038	16279002	X	566	+	0.493231
chr18	16943349	16981546	X	523	+	0.964843
chr18	17919901	18891820	X	573	+	0.378321
chr18	19028438	19045213	X	535	+	0.90237
chr18	19913236	20079303	X	570	+	0.42681
chr18	20286813	20795838	X	519	+	0.976279
chr18	21216537	21228742	X	582	+	0.246751
chr18	21666452	22089265	X	542	+	0.840547
chr18	22289021	22941110	X	528	+	0.944638
chr18	23809654	24482071	X	534	+	0.909539
chr18	25117979	25223124	X	578	+	0.302094
chr18	26168059	26470673	X	542	+	0.840547
chr18	27160616	27170329	X	607	+	0.0430874
chr18	27679256	27787610	X	527	+	0.949277
chr18	28062665	28198166	X	537	+	0.886816
chr18	28838029	29804457	X	564	+	0.526688
chr18	30751645	30759205	X	554	+	0.687236
chr18	31579660	32246022	X	588	+	0.175262
chr18	32425732	33408210	X	567	+	0.47652
chr18	33991379	34314500	X	581	+	0.260049
chr18	35112370	35606435	X	584	+	0.221307
chr18	35783485	36304791	X	539	+	0.869592
chr18	37240670	38125352	X	541	+	0.85066
chr18	38203053	39025191	X	581	+	0.260049
chr18	39761449	39850505	X	557	+	0.641115
chr18	40522950	40998627	X	555	+	0.672133
chr19	115273	836147	X	577	+	0.316774
chr19	1710652	2681042	X	574	+	0.362554
chr19	2928353	3073215	X	523	+	0.964843
chr19	3077974	3751773	X	538	+	0.878415
chr19	4247033	5087592	X	581	+	0.260049
chr19	5184742	5801960	X	587	+	0.186153
chr19	5858027	6468547	X	563	+	0.543376
chr19	6647083	6794317	X	554	+	0.687236
chr19	7305420	7448092	X	532	+	0.922703
chr19	8287652	8779156	X	556	+	0.656751
chr19	8910320	9306112	X	588	+	0.175262
chr19	9524539	9751639	X	586	+	0.197461
chr19	10502273	10924129	X	576	+	0.331758
chr19	11353446	11440243	X	523	+	0.964843
chr19	12032361	12333886	X	564	+	0.526688
chr19	12867435	12894029	X	615	+	0.0205329
chr19	13399793	14332709	X	590	+	0.154738
chr19	15014389	15326763	X	603	+	0.060341
chr19	15780458	16104453	X	581	+	0.260049
chr19	17010079	17883889	X	595	+	0.110705
chr19	18416960	18962080	X	552	+	0.716526
chr19	19454259	20010078	X	587	+	0.186153
chr19	20521999	21152716	X	564	+	0.526688
chr19	22135995	22777038	X	555	+	0.672133
chr19	22802628	23302628	X	564	+	0.526688
chr19	23485722	24093302	X	558	+	0.625248
chr19	24876972	25312879	X	589	+	0.16479
chr19	26071012	26680896	X	588	+	0.175262
chr19	26724093	27176623	X	550	+	0.744467
chr19	27930132	28363928	X	554	+	0.687236
chr19	29123094	29517134	X	551	+	0.730674
chr19	30485944	30507282	X	538	+	0.878415
chr19	30742788	31433308	X	575	+	0.347025
chr19	31440155	31578476	X	572	+	0.394303
chr19	31949603	32099159	X	594	+	0.118694
chr19	32186040	32850164	X	551	+	0.730674
chr19	32857990	33756614	X	542	+	0.840547
chr19	34315878	34405997	X	590	+	0.154738
chr19	34451601	35095409	X	579	+	0.287735
chr19	35200278	35951806	X	566	+	0.493231
chr19	36871993	37385793	X	540	+	0.860341
chr20	245226	260319	X	565	+	0.509963
chr20	850836	1822440	X	555	+	0.672133
chr20	2789141	3343215	X	586	+	0.197461
chr20	3692254	4559172	X	595	+	0.110705
chr20	4770159	5688516	X	525	+	0.957631
chr20	6534863	6989616	X	521	+	0.971023
chr20	7908545	8501362	X	572	+	0.394303
chr20	8875171	9435925	X	596	+	0.103113
chr20	9880263	10791826	X	577	+	0.316774
chr20	11590266	12516888	X	585	+	0.209181
chr20	12978568	13322335	X	542	+	0.840547
chr20	13771054	14276345	X	582	+	0.246751
chr20	14393731	15058250	X	546	+	0.795806
chr20	15750466	16199257	X	555	+	0.672133
chr20	16738856	17338178	X	616	+	0.0185968
chr20	18205791	18886115	X	554	+	0.687236
chr20	19452292	20253996	X	559	+	0.609177
chr20	20954126	21253965	X	581	+	0.260049
chr20	21940427	22272571	X	554	+	0.687236
chr20	22386746	22748936	X	555	+	0.672133
chr20	23485472	23737774	X	598	+	0.0890893
chr20	24579853	25219823	X	573	+	0.378321
chr20	25801962	26674206	X	550	+	0.744467
chr20	26822458	27778531	X	608	+	0.0394694
chr20	28610171	29277813	X	562	+	0.559997
chr20	29749400	29872124	X	540	+	0.860341
chr20	30390408	31064009	X	565	+	0.509963
chr20	31452418	32289701	X	587	+	0.186153
chr20	32348810	32848621	X	584	+	0.221307
chr20	33412553	33506419	X	584	+	0.221307
chr20	34217642	34602567	X	579	+	0.287735
chr20	35093654	35183202	X	588	+	0.175262
chr20	36124210	36524983	X	581	+	0.260049
chr20	36965232	37713189	X	618	+	0.0151902
chr20	38115586	38164076	X	568	+	0.459861
chr20	38645401	39516747	X	616	+	0.0185968
chr20	40425720	40641965	X	542	+	0.840547
chr20	41353172	42051658	X	564	+	0.526688
chr20	42493049	42864943	X	551	+	0.730674
chr20	43600828	43937485	X	547	+	0.78357
chr20	44572043	44715413	X	552	+	0.716526
chr21	490506	782501	X	544	+	0.819029
chr21	924583	1871600	X	571	+	0.410475
chr21	2257003	2260130	X	531	+	0.928718
chr21	3001384	3411597	X	594	+	0.118694
chr21	3842270	3858185	X	543	+	0.830003
chr21	4472403	4813003	X	579	+	0.287735
chr21	5270972	5938563	X	592	+	0.135889
chr21	6109473	6790406	X	527	+	0.949277
chr21	7344417	7970867	X	569	+	0.443281
chr21	8293948	8344413	X	585	+	0.209181
chr21	8752345	9609636	X	563	+	0.543376
chr21	9650151	10423509	X	575	+	0.347025
chr21	11136994	11857775	X	537	+	0.886816
chr21	12297966	13209663	X	530	+	0.934372
chr21	13657608	14293628	X	555	+	0.672133
chr21	14938266	15148082	X	577	+	0.316774
chr21	15702054	16365697	X	580	+	0.273714
chr21	17230286	17574416	X	547	+	0.78357
chr21	18541688	18680326	X	604	+	0.0555851
chr21	19524972	19727334	X	553	+	0.702041
chr21	20488022	20633110	X	553	+	0.702041
chr21	20840404	21368700	X	578	+	0.302094
chr21	22238842	22479846	X	556	+	0.656751
chr21	23231560	23871318	X	562	+	0.559997
chr21	24090288	24125183	X	534	+	0.909539
chr21	24465742	24529548	X	537	+	0.886816
chr21	24987021	25735619	X	607	+	0.0430874
chr21	26161882	26707127	X	562	+	0.559997
chr21	27367004	28179208	X	553	+	0.702041
chr21	28237345	28291909	X	509	+	0.992141
chr21	28476142	28620664	X	572	+	0.394303
chr21	29317648	29922172	X	540	+	0.860341
chr21	30539538	31397036	X	555	+	0.672133
chr21	32118268	32350757	X	544	+	0.819029
chr21	33257511	33950950	X	560	+	0.592926
chr21	34134103	34343031	X	535	+	0.90237
chr21	35038552	35750115	X	567	+	0.47652
chr21	36103605	36232880	X	551	+	0.730674
chr21	36413755	37179592	X	574	+	0.362554
chr21	38041190	38495499	X	567	+	0.47652
chr21	38917297	39409828	X	550	+	0.744467
chrX	208559	1004862	X	556	+	0.656751
chrX	1986293	2662678	X	579	+	0.287735
chrX	3345705	3417960	X	500	+	0.997504
chrX	3933417	4614004	X	576	+	0.331758
chrX	5186833	5323826	X	567	+	0.47652
chrX	5556261	6544482	X	569	+	0.443281
chrX	6669565	7284894	X	573	+	0.378321
chrX	7986518	8902588	X	557	+	0.641115
chrX	9175007	9457103	X	536	+	0.894798
chrX	10163290	10390617	X	606	+	0.0469709
chrX	11043836	11587764	X	540	+	0.860341
chrX	12128173	12880050	X	557	+	0.641115
chrX	13186190	13382506	X	584	+	0.221307
chrX	13942580	14791798	X	584	+	0.221307
chrX	14936564	15117307	X	573	+	0.378321
chrX	15694049	16028181	X	583	+	0.233834
chrX	16118383	16497937	X	539	+	0.869592
chrX	16766350	17154762	X	567	+	0.47652
chrX	17547307	18169607	X	614	+	0.0226382
chrX	19168178	19422233	X	568	+	0.459861
chrX	19828672	19876085	X	573	+	0.378321
chrX	20397159	20941693	X	553	+	0.702041
chrX	21610266	21946098	X	563	+	0.543376
chrX	22747530	23576359	X	549	+	0.757889
chrX	23659120	24448293	X	549	+	0.757889
chrX	24945724	25843101	X	573	+	0.378321
chrX	25900282	26336454	X	526	+	0.953603
chrX	26373297	26560254	X	544	+	0.819029
chrX	27454934	28282784	X	589	+	0.16479
chrX	29096830	29418147	X	574	+	0.362554
chrX	30406794	30489356	X	547	+	0.78357
chrX	30862667	31657264	X	591	+	0.145105
chrX	32050135	32618250	X	559	+	0.609177
chrX	32776700	33199429	X	549	+	0.757889
chrX	33508169	34009107	X	574	+	0.362554
chrX	34518198	35344121	X	552	+	0.716526
chrX	35368200	35715588	X	536	+	0.894798
chrX	35907921	36440237	X	578	+	0.302094
chrX	36590407	37280163	X	566	+	0.493231
chrX	37735211	38158020	X	550	+	0.744467
chrX	38685608	39267239	X	554	+	0.687236
chrY	286536	901482	X	585	+	0.209181
chrY	1721670	2620138	X	547	+	0.78357
chrY	2885131	3819588	X	581	+	0.260049
chrY	4095368	4414776	X	546	+	0.795806
chrY	5075821	5437552	X	571	+	0.410475
chrY	6362675	7270196	X	539	+	0.869592
chrY	7805068	7830397	X	574	+	0.362554
chrY	8312507	9286820	X	555	+	0.672133
chrY	10258771	10511707	X	576	+	0.331758
chrY	10721972	11627363	X	559	+	0.609177
chrY	11968902	12303310	X	544	+	0.819029
chrY	13260533	13956149	X	550	+	0.744467
chrY	14907177	15575907	X	566	+	0.493231
chrY	16036884	16079534	X	537	+	0.886816
chrY	16831815	17817661	X	606	+	0.0469709
chrY	18098656	18218085	X	540	+	0.860341
chrY	18623282	18764282	X	555	+	0.672133
chrY	19472851	19617193	X	528	+	0.944638
chrY	19735456	20060475	X	569	+	0.443281
chrY	20615753	21577222	X	564	+	0.526688
chrY	22359454	22787915	X	565	+	0.509963
chrY	22887145	23821009	X	581	+	0.260049
chrY	24584535	25211184	X	563	+	0.543376
chrY	25485529	25944463	X	557	+	0.641115
chrY	26663974	27455774	X	586	+	0.197461
chrY	28283184	28602712	X	527	+	0.949277
chrY	29470803	30373576	X	534	+	0.909539
chrY	31244582	31930259	X	546	+	0.795806
chrY	32928336	33437676	X	577	+	0.316774
chrY	33666205	33923839	X	557	+	0.641115
chrY	34686287	35421249	X	546	+	0.795806
chrY	35517541	35874935	X	536	+	0.894798
chrY	36023122	36032981	X	572	+	0.394303
chrY	36383664	36716706	X	573	+	0.378321
chrY	37666542	38539322	X	566	+	0.493231
chrY	39261138	40027954	X	568	+	0.459861
chrY	41010818	41543119	X	505	+	0.995193
chrY	42449866	43106372	X	596	+	0.103113
chrY	43272698	43370429	X	601	+	0.0708116
chrY	44228988	44702336	X	527	+	0.949277
chrY	44979881	45366060	X	550	+	0.744467
chrY	46018630	46319823	X	510	+	0.991153
chrY	46503944	47332934	X	541	+	0.85066
chrY	47492555	48187239	X	571	+	0.410475
chrY	48444272	48480739	X	538	+	0.878415
chrY	49101425	50095862	X	572	+	0.394303
chrY	50517716	50693866	X	550	+	0.744467
chrY	50761476	51749175	X	572	+	0.394303
chrY	52445317	52776218	X	559	+	0.609177
chrY	53082947	53634647	X	591	+	0.145105
chrY	54055824	54211083	X	589	+	0.16479
chrY	54353544	54994379	X	616	+	0.0185968
chrY	55458762	55985932	X	545	+	0.807628
chrY	56333842	57135938	X	546	+	0.795806
chrY	57439379	57441850	X	584	+	0.221307
chrY	58138077	58985421	X	559	+	0.609177
chrY	59304372	59612145	X	577	+	0.316774
