chr0	136313	616616	X	33	+	0.854265
chr0	1006236	1996979	X	6	+	0.847694
chr0	2120885	2639544	X	21	+	0.853924
chr0	3081520	3638711	X	9	+	0.236368
chr0	3685542	4173439	X	19	+	0.754901
chr0	4487470	4594712	X	28	+	0.0351921
chr0	5125790	5433015	X	15	+	0.946873
chr0	5949687	6291561	X	24	+	0.559879
chr0	6904173	7480575	X	4	+	0.750965
chr0	8288531	8530373	X	3	+	0.757527
chr0	9374857	9877054	X	7	+	0.433662
chr0	9988052	10709470	X	19	+	0.416868
chr0	11522905	12470035	X	34	+	0.4434
chr0	13084094	13838278	X	29	+	0.770275
chr0	14614194	15507530	X	2	+	0.921372
chr0	15790017	16117773	X	4	+	0.435631
chr0	16357233	16663709	X	3	+	0.448255
chr0	16785357	17522288	X	37	+	0.235335
chr0	18135397	18933576	X	21	+	0.27105
chr0	19686512	19790335	X	56	+	0.135465
chr0	20489603	21358485	X	30	+	0.24563
chr0	21416086	21518883	X	94	+	0.305384
chr0	22288415	22809783	X	10	+	0.495279
chr0	23625935	24537177	X	2	+	0.716338
chr0	25170506	26030759	X	26	+	0.722024
chr0	26829932	27132674	X	8	+	0.368818
chr0	27731517	28541221	X	2	+	0.735175
chr0	28943378	29619543	X	16	+	0.175769
chr0	29723233	30474205	X	34	+	0.817999
chr0	31218986	32160000	X	21	+	0.179682
chr0	32651198	33110128	X	22	+	0.780816
chr0	33430351	34275867	X	14	+	0.269304
chr0	34656621	34966148	X	7	+	0.62543
chr0	35645316	36416747	X	15	+	0.0582101
chr0	36919725	37853488	X	13	+	0.297541
chr0	37883559	38605906	X	13	+	0.103997
chr0	39603972	40585935	X	29	+	0.766049
chr0	40606302	40916052	X	8	+	0.282265
chr0	40995440	41501682	X	37	+	0.489823
chr0	42005042	42939475	X	6	+	0.553802
chr0	43554220	43571875	X	2	+	0.974225
chr1	365533	1206987	X	77	+	0.604045
chr1	2072280	2813975	X	5	+	0.512852
chr1	3324044	4149750	X	14	+	0.665237
chr1	4312826	4898200	X	27	+	0.0688938
chr1	5101981	5952099	X	4	+	0.221687
chr1	6515221	6609892	X	8	+	0.714102
chr1	6908969	7771024	X	49	+	0.244461
chr1	8414897	8576371	X	33	+	0.135075
chr1	9034434	9915355	X	49	+	0.212864
chr1	10905714	11413618	X	6	+	0.793002
chr1	12293932	13277709	X	4	+	0.452236
chr1	13594540	13945087	X	19	+	0.325745
chr1	14254704	14622622	X	42	+	0.373195
chr1	15052893	15391468	X	4	+	0.145736
chr1	15573093	16000744	X	20	+	0.254941
chr1	16255063	16776668	X	33	+	0.2277
chr1	16806962	16811597	X	41	+	0.741796
chr1	17019450	17100522	X	41	+	0.543603
chr1	18066708	18412698	X	6	+	0.120199
chr1	19179552	19302436	X	29	+	0.519667
chr1	19626386	20556317	X	23	+	0.593656
chr1	21553067	21690495	X	7	+	0.246195
chr1	22647443	22854258	X	64	+	0.888683
chr1	23341326	23800534	X	42	+	0.594817
chr1	24330401	25060306	X	12	+	0.306442
chr1	25992120	26165559	X	52	+	0.10106
chr1	27157819	27552500	X	8	+	0.600435
chr1	28199268	29013003	X	15	+	0.276289
chr1	29082148	29516603	X	21	+	0.0431084
chr1	30170049	31074445	X	27	+	0.159059
chr1	32062640	32806861	X	17	+	0.542904
chr1	33743386	34136552	X	18	+	0.030184
chr1	34349083	34980885	X	5	+	0.458035
chr1	35625467	35956027	X	17	+	0.315002
chr1	36263567	37106766	X	12	+	0.825553
chr1	37671189	38516355	X	4	+	0.377115
chr1	39411150	39463617	X	16	+	0.792859
chr1	39525335	40005846	X	47	+	0.0964573
chr1	40794299	41735740	X	23	+	0.666801
chr1	42704446	43644881	X	26	+	0.597618
chr1	43779611	44036927	X	16	+	0.648636
chr10	896996	1858010	X	2	+	0.662964
chr10	2166750	3116369	X	11	+	0.12921
chr10	3548292	4061167	X	30	+	0.636681
chr10	4895176	5790625	X	62	+	0.0851924
chr10	5869365	6337872	X	8	+	0.809777
chr10	6572307	7099392	X	6	+	0.424545
chr10	7159080	7364300	X	35	+	0.822161
chr10	7867111	7887750	X	9	+	0.856787
chr10	8067678	8549774	X	3	+	0.334235
chr10	9171462	9284280	X	14	+	0.608609
chr10	9509131	10158653	X	66	+	0.645057
chr10	10311974	10379841	X	16	+	0.270259
chr10	10723489	11351004	X	11	+	0.0824104
chr10	11557560	12214941	X	3	+	0.40938
chr10	12430564	13127385	X	17	+	0.0287268
chr10	13946338	14005774	X	40	+	0.269347
chr10	14968689	15904230	X	51	+	0.00629945
chr10	16613388	17548280	X	14	+	0.0252907
chr10	18062490	18564336	X	13	+	0.737563
chr10	18842490	19453661	X	16	+	0.57426
chr10	19538091	20513367	X	21	+	0.552831
chr10	20771173	21185537	X	5	+	0.182255
chr10	21710031	22589383	X	41	+	0.812138
chr10	23477855	23908590	X	1	+	0.848225
chr10	24089634	24891762	X	19	+	0.759312
chr10	25232671	25984073	X	37	+	0.385398
chr10	26252454	26793586	X	8	+	0.460265
chr10	27790313	27822569	X	15	+	0.52705
chr10	28066970	28447874	X	20	+	0.739088
chr10	29208280	29871234	X	91	+	0.442251
chr10	30375295	31333340	X	3	+	0.45227
chr10	31950601	32102305	X	2	+	0.477511
chr10	32475131	32836848	X	43	+	0.847108
chr10	33628086	33736799	X	14	+	0.659552
chr10	33924216	34410986	X	19	+	0.0654505
chr10	34964448	35949322	X	11	+	0.610028
chr10	36561477	37531149	X	24	+	0.892752
chr10	38155540	38421307	X	5	+	0.570434
chr10	39288920	39781314	X	16	+	0.62596
chr10	39789854	40086244	X	40	+	0.385328
chr10	40846224	41823628	X	11	+	0.759146
chr11	331868	1262922	X	6	+	0.984559
chr11	1660401	1964711	X	2	+	0.840104
chr11	2924753	3007672	X	10	+	0.296846
chr11	3291619	3321341	X	2	+	0.655405
chr11	3590751	3679945	X	15	+	0.192043
chr11	4176638	4984845	X	17	+	0.517895
chr11	5670753	6656128	X	24	+	0.414772
chr11	7517573	7537870	X	4	+	0.148028
chr11	8298993	8525530	X	36	+	0.304487
chr11	9523208	10324421	X	23	+	0.156008
chr11	11212356	12101355	X	5	+	0.382828
chr11	13098813	13986910	X	44	+	0.0362569
chr11	14379024	15282079	X	1	+	0.8515
chr11	15367128	16213459	X	9	+	0.294651
chr11	16695101	17630986	X	42	+	0.0999323
chr11	18293459	19092243	X	10	+	0.0772465
chr11	19725750	20061472	X	4	+	0.304457
chr11	20672843	21230434	X	22	+	0.423296
chr11	22009442	22480540	X	6	+	0.119289
chr11	23306851	23921479	X	2	+	0.797056
chr11	24669012	25383015	X	14	+	0.0269761
chr11	26014577	26135125	X	46	+	0.483171
chr11	26832209	27269844	X	11	+	0.295433
chr11	27465726	28201200	X	3	+	0.0512078
chr11	29104405	29989623	X	3	+	0.67622
chr11	30133492	30400744	X	2	+	0.469611
chr11	31058399	31316235	X	8	+	0.662125
chr11	31450150	31904712	X	13	+	0.39707
chr11	32112485	32926850	X	7	+	0.55232
chr11	33483374	33920838	X	6	+	0.112758
chr11	34376949	34469045	X	2	+	0.351501
chr11	34855972	35111084	X	26	+	0.00130943
chr11	35693775	36623939	X	8	+	0.235305
chr11	37623595	38320615	X	1	+	0.694817
chr11	38470701	39201468	X	26	+	0.40688
chr11	39531839	40497814	X	6	+	0.36111
chr11	40559845	41300540	X	36	+	0.661965
chr11	41557339	42410145	X	53	+	0.602898
chr11	42910092	43346156	X	33	+	0.524439
chr11	43963043	44631626	X	14	+	0.0199967
chr11	44847102	45189807	X	33	+	0.372042
chr12	155005	1084111	X	11	+	0.664645
chr12	1536915	1907514	X	2	+	0.781249
chr12	2726257	3000557	X	7	+	0.139122
chr12	3863044	4202804	X	2	+	0.977334
chr12	4570208	5087059	X	6	+	0.148219
chr12	6008182	6869105	X	24	+	0.324054
chr12	7640759	8580803	X	4	+	0.543032
chr12	8973961	9832815	X	3	+	0.464399
chr12	10256662	10787171	X	6	+	0.239949
chr12	11166696	11806068	X	8	+	0.834342
chr12	12681956	13441633	X	4	+	0.229954
chr12	13476435	14005612	X	32	+	0.0249708
chr12	14046079	14097990	X	16	+	0.507264
chr12	14923095	15601979	X	41	+	0.157747
chr12	16244244	17121673	X	4	+	0.610589
chr12	17622213	18009613	X	5	+	0.913639
chr12	18017479	18410133	X	29	+	0.422264
chr12	19170398	19783520	X	23	+	0.379655
chr12	20511598	21507280	X	8	+	0.367808
chr12	22021223	22873898	X	6	+	0.905543
chr12	23424413	23439803	X	12	+	0.608303
chr12	24178717	24365605	X	19	+	0.0967551
chr12	24473103	24698607	X	4	+	0.137579
chr12	25406982	25814750	X	39	+	0.77667
chr12	26149982	27052563	X	16	+	0.604258
chr12	27313601	27641769	X	20	+	0.6721
chr12	28547104	29060630	X	25	+	0.132076
chr12	29639518	30629030	X	42	+	0.694363
chr12	30665242	30893231	X	13	+	0.869917
chr12	31713658	32579145	X	21	+	0.075188
chr12	33504490	34355171	X	17	+	0.216533
chr12	34748755	35403402	X	29	+	0.175185
chr12	35705843	36627936	X	63	+	0.38615
chr12	36896120	37391552	X	15	+	0.866863
chr12	37851049	38768534	X	16	+	0.693893
chr12	39284609	40007127	X	4	+	0.829077
chr12	40570467	41347162	X	7	+	0.699378
chr12	41801470	42352037	X	10	+	0.418942
chr12	42532042	43309863	X	6	+	0.728727
chr12	44020033	44817938	X	33	+	0.12689
chr12	44953851	45546680	X	23	+	0.651621
chr13	510117	1369227	X	17	+	0.979553
chr13	2147805	3073759	X	38	+	0.247502
chr13	3741828	3891866	X	16	+	0.83896
chr13	4032540	4505008	X	38	+	0.252493
chr13	4712316	5627816	X	32	+	0.0658128
chr13	6259029	7186438	X	6	+	0.858061
chr13	8098863	8202270	X	14	+	0.225868
chr13	8555893	9354139	X	18	+	0.338766
chr13	9737668	10339781	X	40	+	0.147422
chr13	10536197	11238270	X	5	+	0.539026
chr13	11822940	12483657	X	9	+	0.331197
chr13	13237913	13933439	X	3	+	0.894045
chr13	14438805	14761275	X	7	+	0.78645
chr13	15601903	15863334	X	3	+	0.77323
chr13	15926802	16060798	X	17	+	0.147306
chr13	16499755	16822911	X	46	+	0.395394
chr13	17063110	17776768	X	29	+	0.603128
chr13	18408482	18702183	X	7	+	0.832241
chr13	19142236	19455594	X	7	+	0.391795
chr13	19503800	19831608	X	2	+	0.865424
chr13	20785199	20988071	X	35	+	0.694984
chr13	21492914	21499859	X	72	+	0.207549
chr13	21598260	22268808	X	32	+	0.16702
chr13	22732248	23201752	X	0	+	0.961323
chr13	23605468	23817767	X	22	+	0.52721
chr13	24743801	24828994	X	11	+	0.834601
chr13	25668169	26238854	X	7	+	0.708395
chr13	26384776	26865860	X	2	+	0.718219
chr13	27377034	27733412	X	13	+	0.401799
chr13	28475524	28492335	X	4	+	0.680054
chr13	29458579	29818129	X	31	+	0.89608
chr13	29857696	30441282	X	23	+	0.925917
chr13	30937795	31737034	X	2	+	0.992436
chr13	32222074	33219248	X	31	+	0.599231
chr13	33839703	34160146	X	25	+	0.404824
chr13	34706357	34869253	X	25	+	0.289441
chr13	35715025	36139740	X	4	+	0.515599
chr13	36207920	36804903	X	6	+	0.989839
chr13	37157360	37969842	X	17	+	0.660489
chr13	38738393	39327805	X	55	+	0.839833
chr13	39645743	40200968	X	36	+	0.66197
chr14	363056	596635	X	40	+	0.0838748
chr14	722971	1331054	X	27	+	0.73344
chr14	1448447	1740702	X	16	+	0.596164
chr14	2334990	2758674	X	7	+	0.0946162
chr14	3587165	4345743	X	65	+	0.0916307
chr14	5062718	5520395	X	73	+	0.923957
chr14	5812005	5946668	X	24	+	0.917812
chr14	6247416	7210503	X	11	+	0.627271
chr14	7719906	8459604	X	4	+	0.76743
chr14	9250572	10239880	X	7	+	0.0767832
chr14	10517643	10974363	X	9	+	0.313214
chr14	11534494	12322412	X	1	+	0.814183
chr14	13025395	13982501	X	86	+	0.392657
chr14	14938064	15496611	X	7	+	0.10092
chr14	16251523	16762599	X	62	+	0.907918
chr14	17434251	18395987	X	23	+	0.600256
chr14	19152300	19866666	X	29	+	0.751679
chr14	20590589	21470721	X	33	+	0.483648
chr14	21851416	21940411	X	12	+	0.0380822
chr14	22827744	22863495	X	22	+	0.0889383
chr14	23831655	24313864	X	52	+	0.118004
chr14	24787519	24808995	X	21	+	0.0441912
chr14	25664051	25990761	X	14	+	0.24178
chr14	26940961	27418952	X	37	+	0.152405
chr14	28097358	28548544	X	24	+	0.056284
chr14	29384790	30038178	X	26	+	0.144508
chr14	30155282	30985063	X	5	+	0.260493
chr14	31283341	31323575	X	7	+	0.440823
chr14	31437376	31747516	X	15	+	0.683351
chr14	31902003	32428700	X	26	+	0.889712
chr14	33026754	33123819	X	2	+	0.926265
chr14	33552353	33595137	X	11	+	0.313319
chr14	34521050	34568197	X	10	+	0.0246088
chr14	35064453	36029459	X	21	+	0.422836
chr14	36480394	37173461	X	9	+	0.157469
chr14	37708999	38416230	X	27	+	0.241901
chr14	39331997	39544376	X	22	+	0.00291638
chr14	40395705	41298047	X	3	+	0.434103
chr14	42051868	42454782	X	55	+	0.659865
chr14	42559634	42950837	X	14	+	0.531202
chr14	43935782	44764691	X	7	+	0.0541555
chr15	438669	1423041	X	4	+	0.168525
chr15	1499109	1917763	X	6	+	0.455705
chr15	2610780	3499226	X	3	+	0.411846
chr15	3959394	4382704	X	8	+	0.115561
chr15	4585277	5447046	X	10	+	0.87782
chr15	5575070	5600251	X	6	+	0.133539
chr15	5652516	5695994	X	2	+	0.752879
chr15	6512282	7262106	X	13	+	0.0679774
chr15	7504556	8497783	X	29	+	0.177002
chr15	9335562	10194142	X	10	+	0.425652
chr15	10799192	11779128	X	13	+	0.0409999
chr15	12586795	12888486	X	0	+	0.825433
chr15	13504240	13767953	X	26	+	0.191522
chr15	14460771	14967831	X	5	+	0.365285
chr15	15126351	15977227	X	18	+	0.772249
chr15	16244387	16656304	X	10	+	0.439384
chr15	17612740	17731132	X	5	+	0.866448
chr15	18659121	19596122	X	73	+	0.00442551
chr15	19822828	20646069	X	32	+	0.112885
chr15	21200276	22135932	X	25	+	0.88615
chr15	22597666	23440801	X	5	+	0.576123
chr15	23812025	24333778	X	17	+	0.81505
chr15	25268227	26087800	X	16	+	0.641311
chr15	26217917	26825213	X	10	+	0.16303
chr15	27054561	27639095	X	7	+	0.879727
chr15	28288173	28640349	X	6	+	0.636195
chr15	29549199	29810423	X	48	+	0.316487
chr15	30138955	30538799	X	91	+	0.370935
chr15	30980454	31933687	X	40	+	0.104358
chr15	32124934	32724544	X	2	+	0.881767
chr15	33305297	34033802	X	32	+	0.917921
chr15	34615825	35089474	X	11	+	0.215449
chr15	35845429	35988859	X	7	+	0.130631
chr15	36502383	37084696	X	12	+	0.236693
chr15	37800494	38426900	X	8	+	0.17516
chr15	38892845	39794568	X	3	+	0.457479
chr15	40083654	40601911	X	26	+	0.112919
chr15	40630367	41002999	X	13	+	0.184325
chr15	41618024	42396330	X	7	+	0.459477
chr15	42651119	43283045	X	11	+	0.659177
chr15	44123597	44993542	X	44	+	0.643106
chr16	83223	89158	X	25	+	0.0330412
chr16	230437	749476	X	22	+	0.26865
chr16	1585845	2570481	X	4	+	0.892404
chr16	2916500	3710701	X	76	+	0.0508819
chr16	4390806	5067030	X	7	+	0.752985
chr16	5925056	6655462	X	33	+	0.328795
chr16	6972532	7153593	X	13	+	0.416247
chr16	7781524	7929717	X	40	+	0.418715
chr16	8392374	8523169	X	33	+	0.0407437
chr16	8696092	9556596	X	5	+	0.303623
chr16	9887543	9990326	X	13	+	0.205588
chr16	10804583	11457963	X	46	+	2.30378e-05
chr16	12227234	12766907	X	43	+	0.582384
chr16	13535787	13679607	X	11	+	0.315829
chr16	14434175	14590413	X	7	+	0.108448
chr16	15140338	15586587	X	8	+	0.250205
chr16	16438205	17423404	X	48	+	0.973697
chr16	17652462	18483239	X	2	+	0.367625
chr16	18754303	19665110	X	8	+	0.0803649
chr16	20415010	20783473	X	14	+	0.232296
chr16	21275676	22226467	X	2	+	0.504986
chr16	22924091	23692707	X	10	+	0.40925
chr16	24595272	24773551	X	26	+	0.848129
chr16	25727383	26713493	X	21	+	0.536607
chr16	26975051	27198883	X	42	+	0.227917
chr16	27737442	28340762	X	14	+	0.149938
chr16	28626666	29472695	X	17	+	0.817229
chr16	30287819	31061170	X	18	+	0.979165
chr16	31384028	32343860	X	1	+	0.893394
chr16	32845941	33797653	X	27	+	0.308735
chr16	34200149	35162996	X	6	+	0.691219
chr16	35745099	36325643	X	6	+	0.125336
chr16	36499204	37245549	X	11	+	0.227853
chr16	37535896	38408423	X	7	+	0.115339
chr16	38635572	39105811	X	8	+	0.411647
chr16	39913742	40467136	X	2	+	0.827508
chr16	41145938	41534096	X	22	+	0.315694
chr16	42500499	43249072	X	23	+	0.263637
chr16	44174622	44735278	X	14	+	0.520497
chr16	45692674	46002673	X	8	+	0.272982
chr16	46433439	46960353	X	23	+	0.734968
chr17	374320	932116	X	50	+	0.94848
chr17	1024558	1595145	X	10	+	0.490121
chr17	2018917	2687847	X	21	+	0.675556
chr17	3640715	3744363	X	36	+	0.262943
chr17	4359873	4551199	X	7	+	0.652061
chr17	4775637	5396777	X	16	+	0.4188
chr17	5551167	6238527	X	9	+	0.934958
chr17	7104543	7490869	X	12	+	0.490696
chr17	7546424	8150524	X	3	+	0.869892
chr17	8605886	9490768	X	7	+	0.322209
chr17	9864087	10041238	X	45	+	0.941278
chr17	10078388	10233426	X	3	+	0.770267
chr17	10996360	11898010	X	5	+	0.898985
chr17	12316555	13218751	X	4	+	0.401961
chr17	13497027	14053284	X	0	+	0.903175
chr17	14640691	15393691	X	1	+	0.703929
chr17	16079179	16548072	X	9	+	0.242018
chr17	16883476	17865258	X	9	+	0.131448
chr17	18676341	18826110	X	55	+	0.123394
chr17	19526201	19747014	X	7	+	0.590401
chr17	20004737	20590107	X	14	+	0.90151
chr17	21449049	21992036	X	19	+	0.558755
chr17	22991405	23125294	X	6	+	0.0842696
chr17	23753900	24461443	X	6	+	0.98564
chr17	25084906	25732478	X	81	+	0.0413606
chr17	26584555	26929125	X	21	+	0.303354
chr17	26985854	27120247	X	26	+	0.987733
chr17	27251412	28099904	X	19	+	0.096798
chr17	28400113	28470401	X	30	+	0.310202
chr17	29232423	29916135	X	40	+	0.0803959
chr17	30353129	31173422	X	89	+	0.177962
chr17	31663580	32214169	X	16	+	0.0398086
chr17	32449435	32660098	X	8	+	0.511359
chr17	32888424	33524367	X	33	+	0.259294
chr17	33949346	34230661	X	62	+	0.371519
chr17	34290886	34614786	X	6	+	0.495778
chr17	35230381	35617596	X	60	+	0.314905
chr17	35716558	36251157	X	7	+	0.395004
chr17	37080758	37120301	X	35	+	0.673356
chr17	37130373	37914329	X	15	+	0.0445814
chr17	38425971	38485473	X	4	+	0.67712
chr18	213607	489726	X	6	+	0.409772
chr18	575454	905523	X	28	+	0.173267
chr18	1732825	2146542	X	12	+	0.667035
chr18	2340563	3042597	X	3	+	0.969022
chr18	3158489	3482262	X	3	+	0.71869
chr18	3978049	4375522	X	5	+	0.0640847
chr18	4472436	5256934	X	18	+	0.332993
chr18	5981850	6507205	X	14	+	0.304198
chr18	6523075	6801333	X	32	+	0.107489
chr18	7187972	8101253	X	6	+	0.0532224
chr18	8424824	9126521	X	1	+	0.65433
chr18	9306452	10178422	X	4	+	0.0256362
chr18	10601123	10766525	X	8	+	0.427373
chr18	11569818	11966304	X	49	+	0.102078
chr18	12373063	13249559	X	15	+	0.280097
chr18	13836932	13881716	X	5	+	0.749009
chr18	14279643	15215877	X	4	+	0.700406
chr18	15990209	16351308	X	5	+	0.494438
chr18	16518626	17315230	X	8	+	0.0867034
chr18	17425316	18169047	X	26	+	0.198008
chr18	18623789	19382745	X	7	+	0.743889
chr18	19588812	19607241	X	45	+	0.447065
chr18	19709102	19912293	X	4	+	0.236616
chr18	20509039	20607222	X	6	+	0.301746
chr18	21362759	21686858	X	51	+	0.661885
chr18	21990460	22104469	X	13	+	0.067152
chr18	22267769	22681242	X	13	+	0.00192791
chr18	22926356	23305996	X	21	+	0.731148
chr18	23775851	23987920	X	5	+	0.422013
chr18	24516143	24604589	X	9	+	0.742389
chr18	24876149	25074699	X	45	+	0.808217
chr18	25814019	26409094	X	10	+	0.00796747
chr18	27290450	27566973	X	2	+	0.830329
chr18	28012395	28841519	X	17	+	0.182369
chr18	28914459	29020169	X	15	+	0.162966
chr18	29148866	29695913	X	6	+	0.971166
chr18	30619429	30820271	X	21	+	0.864205
chr18	30935137	31480887	X	1	+	0.788271
chr18	32032600	32694316	X	6	+	0.365274
chr18	33418545	33785498	X	8	+	0.266372
chr18	34243280	35036235	X	7	+	0.591175
chr19	401736	562128	X	12	+	0.0310513
chr19	1305865	1636848	X	49	+	0.767837
chr19	1940624	2029582	X	9	+	0.141487
chr19	2949601	3597655	X	5	+	0.432837
chr19	4116215	4620062	X	4	+	0.908405
chr19	5152016	5408977	X	3	+	0.713324
chr19	6333154	6626607	X	0	+	0.854026
chr19	6785407	7520039	X	35	+	0.489964
chr19	8189658	8261820	X	13	+	0.0354662
chr19	8701604	8727356	X	1	+	0.921798
chr19	8909275	9384334	X	10	+	0.0789962
chr19	9906610	10890479	X	41	+	0.013621
chr19	11691662	12217670	X	27	+	0.417441
chr19	12545495	13182683	X	1	+	0.946342
chr19	14180182	14924107	X	1	+	0.880886
chr19	15072837	15607936	X	4	+	0.538717
chr19	16211603	16329465	X	32	+	0.0123539
chr19	16953980	17786324	X	8	+	0.16295
chr19	18355191	18751764	X	5	+	0.250868
chr19	19345788	19817832	X	8	+	0.905165
chr19	20665568	21383051	X	3	+	0.214448
chr19	21646160	22352595	X	16	+	0.673929
chr19	23245906	23996711	X	35	+	0.52364
chr19	24604354	24683361	X	5	+	0.115849
chr19	25285216	25580560	X	41	+	0.722237
chr19	26063934	26400342	X	1	+	0.622475
chr19	26892713	27432275	X	6	+	0.31442
chr19	28131281	28864669	X	6	+	0.535478
chr19	29140975	30090335	X	1	+	0.696666
chr19	30826412	31162002	X	8	+	0.757238
chr19	31732994	31935420	X	71	+	0.458508
chr19	32538126	32690881	X	66	+	0.287564
chr19	33190629	33301039	X	18	+	0.828405
chr19	34259395	34714816	X	4	+	0.293622
chr19	35113595	35389233	X	13	+	0.0616799
chr19	36107324	36615800	X	21	+	0.0153791
chr19	36689473	36981788	X	28	+	0.928345
chr19	37576588	38116081	X	2	+	0.251889
chr19	38834108	38976101	X	2	+	0.381932
chr19	39252271	39358517	X	3	+	0.806526
chr19	39642013	40584212	X	4	+	0.66146
chr2	574890	710991	X	39	+	0.0780278
chr2	1647682	1933411	X	12	+	0.338543
chr2	2066535	2540050	X	29	+	0.311588
chr2	3336676	4106279	X	10	+	0.1131
chr2	5027289	5522323	X	6	+	0.191866
chr2	5890611	6285192	X	21	+	0.581037
chr2	6455667	6493160	X	8	+	0.741344
chr2	7435292	8350660	X	10	+	0.00953033
chr2	8481399	9130885	X	24	+	0.233876
chr2	9395021	9702627	X	12	+	0.0511449
chr2	10678778	11417488	X	21	+	0.107673
chr2	12014555	12580963	X	4	+	0.934454
chr2	12613123	13234731	X	14	+	0.592472
chr2	13839771	14065466	X	26	+	0.941894
chr2	14892740	15784123	X	14	+	0.318509
chr2	16629012	16937505	X	6	+	0.105831
chr2	17458908	18238713	X	21	+	0.38044
chr2	19078470	19819060	X	23	+	0.0180698
chr2	19983916	20071757	X	21	+	0.862524
chr2	20543125	20663379	X	1	+	0.917536
chr2	20971056	21256033	X	8	+	0.0217494
chr2	21294579	22141233	X	9	+	0.621638
chr2	22912001	23462467	X	83	+	0.204785
chr2	24004053	24731396	X	11	+	0.256371
chr2	25651851	26292219	X	35	+	0.547647
chr2	26386379	27238737	X	4	+	0.693872
chr2	27733001	27982919	X	21	+	0.464986
chr2	28038591	28283720	X	6	+	0.356921
chr2	28604819	28924308	X	27	+	0.0310024
chr2	29260870	29440111	X	1	+	0.892067
chr2	29471059	29821757	X	11	+	0.461191
chr2	30182150	30386086	X	70	+	0.015649
chr2	31181009	31942022	X	22	+	0.533472
chr2	32399127	32977220	X	11	+	0.676633
chr2	33655138	34443803	X	4	+	0.0835818
chr2	34990949	35251013	X	5	+	0.653282
chr2	36143994	36449012	X	25	+	0.186324
chr2	36951883	37950630	X	32	+	0.0463077
chr2	38697573	39347172	X	2	+	0.72867
chr2	39831152	40778976	X	14	+	0.616161
chr2	41410756	41938417	X	16	+	0.703936
chr20	698196	1363076	X	10	+	0.594813
chr20	1602683	1859638	X	28	+	0.673945
chr20	2198204	3191192	X	3	+	0.523716
chr20	4134398	4173618	X	34	+	0.208559
chr20	4478411	4657535	X	28	+	0.408945
chr20	4998956	5402979	X	6	+	0.478117
chr20	6314605	6779284	X	5	+	0.376652
chr20	7034672	7568046	X	12	+	0.838251
chr20	8266200	9183764	X	22	+	0.52546
chr20	9391152	9574732	X	12	+	0.055784
chr20	10404702	10904309	X	19	+	0.0698349
chr20	11491862	11782477	X	10	+	0.419957
chr20	11865995	12142467	X	25	+	0.780356
chr20	12853432	13831971	X	3	+	0.243324
chr20	14438760	15318134	X	13	+	0.200393
chr20	15728870	16317596	X	4	+	0.913563
chr20	16735203	17038153	X	10	+	0.140993
chr20	17101397	17279023	X	13	+	0.174122
chr20	17609912	17714653	X	1	+	0.746287
chr20	18662934	19547603	X	11	+	0.292786
chr20	19678405	19855307	X	48	+	0.0155605
chr20	20303935	20793858	X	70	+	0.74172
chr20	21071814	21934612	X	9	+	0.543744
chr20	22176584	22567625	X	22	+	0.0580202
chr20	23472004	23863109	X	33	+	0.584846
chr20	24293359	24967917	X	16	+	0.426114
chr20	25223652	26156404	X	49	+	0.628283
chr20	26865764	27512679	X	20	+	0.0115252
chr20	28376553	28402394	X	7	+	0.595911
chr20	29154154	29475093	X	3	+	0.308339
chr20	30189210	30565737	X	11	+	0.181861
chr20	31387116	32185871	X	17	+	0.0131508
chr20	33133762	33203329	X	4	+	0.611696
chr20	33965460	34876601	X	27	+	0.42315
chr20	35362705	35453105	X	29	+	0.0407382
chr20	35527410	36026139	X	52	+	0.0851068
chr20	36369227	37288321	X	51	+	0.736613
chr20	37818678	38385968	X	17	+	0.0742721
chr20	39337346	39367276	X	18	+	0.68942
chr20	39791953	40400464	X	2	+	0.466997
chr20	40783727	41389664	X	5	+	0.427883
chr21	624448	868984	X	11	+	0.392516
chr21	1705431	1923898	X	4	+	0.147339
chr21	2723035	2862856	X	18	+	0.677301
chr21	3619704	4560175	X	19	+	0.248087
chr21	5552980	6151822	X	46	+	0.0226641
chr21	6751303	7554068	X	13	+	0.316282
chr21	7573992	8426355	X	4	+	0.706505
chr21	9185768	9255697	X	6	+	0.0579392
chr21	9758938	9997383	X	11	+	0.747555
chr21	10598555	10807458	X	0	+	0.958937
chr21	10850085	11503837	X	7	+	0.576964
chr21	11539679	12495736	X	23	+	0.575563
chr21	12875086	13843596	X	27	+	0.323702
chr21	14574455	14971453	X	4	+	0.335806
chr21	15245812	15637635	X	14	+	0.00417481
chr21	16223533	16660627	X	22	+	0.817144
chr21	17455750	17660573	X	2	+	0.787443
chr21	18024977	18708349	X	8	+	0.00709522
chr21	19025453	19386383	X	26	+	0.486652
chr21	20104595	20108264	X	38	+	0.247996
chr21	20969157	21182664	X	25	+	0.481124
chr21	21532967	22252899	X	5	+	0.333627
chr21	22534422	23309378	X	1	+	0.872845
chr21	23710452	24419112	X	23	+	0.130037
chr21	25252223	26016572	X	15	+	0.00335191
chr21	26299649	26684976	X	0	+	0.955024
chr21	27023126	27418035	X	77	+	0.129718
chr21	28126542	28372672	X	3	+	0.599541
chr21	29088853	29572661	X	18	+	0.432433
chr21	30294932	31097021	X	10	+	0.575976
chr21	31531788	32191032	X	10	+	0.628803
chr21	32417817	32855593	X	86	+	0.631867
chr21	33265669	34206557	X	7	+	0.738586
chr21	35071229	35853686	X	3	+	0.358338
chr21	36412421	37376745	X	7	+	0.101765
chr21	38169758	38349812	X	16	+	0.035804
chr21	39273221	39864109	X	2	+	0.667965
chr21	40797732	41770543	X	16	+	0.464784
chr21	42268027	42860576	X	2	+	0.91881
chr21	43549094	44058017	X	12	+	0.59567
chr21	44521898	45053286	X	7	+	0.118966
chr3	343480	1155551	X	12	+	0.752352
chr3	1986977	2711388	X	28	+	0.969954
chr3	3041267	3354102	X	3	+	0.552346
chr3	4353679	4658102	X	55	+	0.195243
chr3	5380912	5728001	X	41	+	0.485136
chr3	6162972	6767894	X	32	+	0.0667052
chr3	6853338	6872583	X	6	+	0.446416
chr3	7293938	7448608	X	13	+	0.0831725
chr3	7579993	7761068	X	0	+	0.843432
chr3	8442558	9014644	X	30	+	0.298579
chr3	9198464	10184698	X	10	+	0.500181
chr3	11142166	11939313	X	14	+	0.572427
chr3	11986261	12748545	X	37	+	0.357117
chr3	13099409	14082169	X	12	+	0.584778
chr3	14329615	14996647	X	9	+	0.131622
chr3	15891919	16096231	X	4	+	0.525052
chr3	17074527	17703748	X	10	+	0.459576
chr3	18087842	18558103	X	7	+	0.153544
chr3	18940200	19838379	X	17	+	0.752265
chr3	19936402	20600353	X	7	+	0.0037781
chr3	20801936	20849558	X	4	+	0.28299
chr3	21585492	21881951	X	2	+	0.396649
chr3	22324047	22490202	X	3	+	0.657925
chr3	23307305	23402656	X	15	+	0.153733
chr3	23610181	23756463	X	26	+	0.797694
chr3	23785903	24203968	X	5	+	0.15148
chr3	24612990	24952910	X	34	+	0.101676
chr3	25279277	25378020	X	7	+	0.238658
chr3	25823292	25849331	X	28	+	0.125943
chr3	26174353	26574728	X	3	+	0.998112
chr3	26954567	27937258	X	33	+	0.26714
chr3	28093134	28724715	X	10	+	0.43978
chr3	28946428	29748432	X	11	+	0.393244
chr3	30472193	31144043	X	2	+	0.753345
chr3	31980938	32773777	X	5	+	0.717394
chr3	33738888	33916720	X	8	+	0.869016
chr3	34631592	34633682	X	33	+	0.512896
chr3	35565563	35999396	X	34	+	0.0999028
chr3	36978339	37531051	X	4	+	0.735081
chr3	38071443	38443776	X	34	+	0.220321
chr3	38834011	39112150	X	5	+	0.094449
chr4	376538	1037255	X	3	+	0.330883
chr4	1387657	1829454	X	23	+	0.562361
chr4	2434132	2792407	X	15	+	0.719086
chr4	3255173	4004010	X	8	+	0.508678
chr4	4357610	5351110	X	1	+	0.982267
chr4	5355054	5798386	X	3	+	0.213255
chr4	6723099	6951553	X	55	+	0.618684
chr4	7100191	7951034	X	22	+	0.514708
chr4	8778846	9362875	X	23	+	0.956229
chr4	9717010	10698244	X	39	+	0.135201
chr4	10940150	11447949	X	40	+	0.502161
chr4	11621567	12171466	X	24	+	0.290452
chr4	12513530	12899851	X	8	+	0.196194
chr4	13743063	13836174	X	57	+	0.907177
chr4	14422324	14816474	X	21	+	0.819271
chr4	15097702	15805355	X	7	+	0.600441
chr4	16273487	16704464	X	2	+	0.531971
chr4	17485908	18368710	X	29	+	0.951806
chr4	18512234	19302096	X	61	+	0.960732
chr4	19732196	20595744	X	23	+	0.773379
chr4	20706491	20764265	X	41	+	0.592446
chr4	21503888	21804702	X	3	+	0.172214
chr4	22495110	23330261	X	17	+	0.498912
chr4	24260822	24761519	X	26	+	0.876159
chr4	25583541	26473173	X	2	+	0.588406
chr4	26764903	27078503	X	4	+	0.856328
chr4	27459738	27538316	X	9	+	0.5473
chr4	28043547	28654568	X	56	+	0.0527215
chr4	29531975	29777951	X	37	+	0.0466654
chr4	30634946	31104470	X	46	+	0.513969
chr4	31777824	31966872	X	5	+	0.398438
chr4	32870492	33731338	X	16	+	0.811352
chr4	33847567	33960650	X	20	+	0.238196
chr4	34463247	35425564	X	11	+	0.313442
chr4	35751779	36736793	X	12	+	0.870183
chr4	37475088	38340738	X	20	+	0.126332
chr4	38753238	39120181	X	5	+	0.0967517
chr4	39901331	40634364	X	44	+	0.500084
chr4	41095187	41727749	X	24	+	0.636841
chr4	42674502	42869225	X	10	+	0.688643
chr4	42930019	43827376	X	51	+	0.285733
chr5	746244	1013432	X	16	+	0.0945216
chr5	1867686	1874189	X	77	+	0.161013
chr5	2288132	3061400	X	25	+	0.658714
chr5	3503396	3686038	X	7	+	0.109655
chr5	4226472	5012471	X	8	+	0.366443
chr5	5885610	6534985	X	2	+	0.377902
chr5	7190331	7287077	X	24	+	0.997412
chr5	7940957	8596375	X	44	+	0.135162
chr5	8638244	9358348	X	38	+	0.0602611
chr5	10127496	10956643	X	46	+	0.788949
chr5	11871248	11913163	X	5	+	0.77834
chr5	11991357	12151736	X	47	+	0.2586
chr5	12978137	13748121	X	41	+	0.9183
chr5	14704596	14816340	X	17	+	0.498482
chr5	15149970	15903026	X	13	+	0.74752
chr5	15957602	16189414	X	29	+	0.0869831
chr5	16908347	17706731	X	13	+	0.586612
chr5	17966216	18174283	X	26	+	0.211303
chr5	19102076	19616518	X	4	+	0.64148
chr5	20279989	20314703	X	10	+	0.00152097
chr5	20581885	20668616	X	13	+	0.394162
chr5	21582806	22023992	X	15	+	0.404207
chr5	22411359	22465189	X	21	+	0.438602
chr5	22588705	22761219	X	25	+	0.808644
chr5	23056210	23065016	X	15	+	0.302557
chr5	23472690	24446882	X	4	+	0.579981
chr5	25244213	25514292	X	37	+	0.0736108
chr5	26365290	27135555	X	10	+	0.15933
chr5	27624277	27822656	X	29	+	0.356182
chr5	28599303	29122420	X	5	+	0.341487
chr5	29290739	29562732	X	34	+	0.219748
chr5	29847191	30724328	X	9	+	0.305195
chr5	30933608	31846259	X	42	+	0.0161394
chr5	32442282	33051768	X	4	+	0.0742056
chr5	33115244	33611384	X	6	+	0.618247
chr5	33817092	34660134	X	31	+	0.118289
chr5	35173904	35898411	X	13	+	0.158206
chr5	36740655	37616079	X	28	+	0.188743
chr5	38310032	38542696	X	7	+	0.803544
chr5	38716429	39564199	X	6	+	0.880163
chr5	40266765	40718411	X	13	+	0.250924
chr6	224438	338351	X	3	+	0.256111
chr6	1249006	2056291	X	14	+	0.274592
chr6	2218341	3216302	X	24	+	0.427878
chr6	3608743	4012999	X	8	+	0.189576
chr6	4636204	5529365	X	25	+	0.433106
chr6	5796970	6067678	X	11	+	0.289854
chr6	6242608	6922354	X	11	+	0.139561
chr6	7098478	7418706	X	23	+	0.555799
chr6	8227513	9048920	X	23	+	0.464079
chr6	9788688	10693889	X	3	+	0.263141
chr6	11036069	12029539	X	10	+	0.510827
chr6	12441952	13214545	X	14	+	0.758317
chr6	14131144	14158924	X	3	+	0.804161
chr6	14494340	15443201	X	6	+	0.98938
chr6	16390221	16737562	X	1	+	0.843542
chr6	17194853	17456944	X	6	+	0.508114
chr6	18219130	19005109	X	3	+	0.32857
chr6	19990265	20604880	X	14	+	0.207017
chr6	20774754	21325091	X	6	+	0.622963
chr6	21844189	22576267	X	37	+	0.738851
chr6	23431505	23548741	X	7	+	0.487538
chr6	23811884	23812849	X	13	+	0.00172496
chr6	24684913	24829585	X	1	+	0.971158
chr6	25813247	26294436	X	7	+	0.597976
chr6	26948934	27519503	X	12	+	0.539073
chr6	27625158	28415451	X	14	+	0.441161
chr6	29063646	29807562	X	19	+	0.467091
chr6	30355667	30789101	X	4	+	0.0871785
chr6	31539335	32464167	X	50	+	0.178379
chr6	33430073	33668485	X	18	+	0.468298
chr6	33947233	34659994	X	13	+	0.978518
chr6	35479168	36185914	X	8	+	0.342742
chr6	36741817	37617251	X	4	+	0.147655
chr6	37906802	38230768	X	50	+	0.257631
chr6	39196711	39217092	X	11	+	0.41629
chr6	39845408	40731178	X	11	+	0.695125
chr6	41431472	42090213	X	12	+	0.237773
chr6	42624391	43435239	X	37	+	0.019253
chr6	44137488	45014227	X	24	+	0.390026
chr6	45806418	45931240	X	24	+	0.311507
chr6	46887102	47346499	X	24	+	0.48225
chr7	40245	451667	X	23	+	0.706253
chr7	1104851	1627921	X	32	+	0.136675
chr7	2543756	3363381	X	22	+	0.90679
chr7	4121831	4598605	X	7	+	0.990292
chr7	5344616	6279170	X	11	+	0.726245
chr7	6371335	7293297	X	7	+	0.89522
chr7	7890435	8539635	X	14	+	0.0767203
chr7	8901291	9552008	X	60	+	0.188836
chr7	10350230	11331032	X	3	+	0.875178
chr7	11731101	12244443	X	37	+	0.0822408
chr7	13237376	13450913	X	27	+	0.848801
chr7	13691029	13998488	X	2	+	0.44827
chr7	14290577	15217262	X	8	+	0.502835
chr7	15422174	16165681	X	12	+	0.0847082
chr7	16428475	16771596	X	5	+	0.258635
chr7	17442309	18338146	X	10	+	0.338951
chr7	18523096	18806099	X	8	+	0.824604
chr7	19200536	19225481	X	5	+	0.443405
chr7	19511274	20399934	X	31	+	0.852492
chr7	21038133	21946329	X	66	+	0.686032
chr7	22408270	22741136	X	13	+	0.272917
chr7	23026533	23975093	X	10	+	0.817467
chr7	24375718	25283490	X	35	+	0.011599
chr7	25701473	26190859	X	2	+	0.434537
chr7	26529744	27100864	X	19	+	0.651321
chr7	27213119	27714663	X	27	+	0.806958
chr7	28575146	28935843	X	43	+	0.656454
chr7	29426144	30250386	X	17	+	0.271491
chr7	30922341	31872878	X	35	+	0.321761
chr7	32800143	33519926	X	19	+	0.120201
chr7	33998112	34405584	X	3	+	0.401858
chr7	35112561	35158147	X	3	+	0.966943
chr7	36123975	36607168	X	12	+	0.623928
chr7	36754179	37495742	X	7	+	0.351256
chr7	38126137	38875039	X	21	+	0.411803
chr7	39199243	39400975	X	5	+	0.477553
chr7	40035677	40527879	X	17	+	0.64228
chr7	40818836	40827376	X	7	+	0.285179
chr7	41751763	42412784	X	9	+	0.270188
chr7	43357487	44293993	X	7	+	0.688388
chr7	45044631	45045402	X	19	+	0.256571
chr8	355301	1031708	X	9	+	0.38137
chr8	1845132	2231456	X	4	+	0.638166
chr8	2314725	2865911	X	18	+	0.887005
chr8	3597947	3770154	X	3	+	0.194012
chr8	4544608	4659793	X	38	+	0.433174
chr8	5112959	5249761	X	20	+	0.0821838
chr8	5346738	5804225	X	29	+	0.0847678
chr8	6169888	6827151	X	20	+	0.766358
chr8	7612150	7907273	X	58	+	0.242547
chr8	8248917	8929506	X	8	+	0.291353
chr8	9096024	9944777	X	14	+	0.110676
chr8	10768745	11002181	X	18	+	0.161318
chr8	11947328	12396400	X	20	+	0.640849
chr8	13349743	13689880	X	25	+	0.892215
chr8	14460452	14674700	X	6	+	0.422712
chr8	15488373	15714193	X	52	+	0.753508
chr8	16000079	16928952	X	23	+	0.10832
chr8	17493150	17650330	X	9	+	0.652
chr8	18513872	18901670	X	25	+	0.438051
chr8	19087730	19205223	X	10	+	0.472568
chr8	19392456	19689210	X	10	+	0.263385
chr8	19864382	20838441	X	3	+	0.29596
chr8	21003731	21411962	X	61	+	0.102078
chr8	22262956	23209337	X	6	+	0.727827
chr8	23845048	23941323	X	6	+	0.0652962
chr8	24594579	25191156	X	5	+	0.576165
chr8	25830555	25968773	X	11	+	0.440193
chr8	26806412	27305759	X	17	+	0.695195
chr8	27512260	27851028	X	35	+	0.590757
chr8	28728336	29040842	X	11	+	0.567581
chr8	29941517	30269461	X	2	+	0.591257
chr8	30551881	30572839	X	39	+	0.133836
chr8	31528115	32228892	X	14	+	0.989471
chr8	32452304	32796033	X	19	+	0.956147
chr8	33422173	33916198	X	70	+	0.368299
chr8	34717277	35255520	X	2	+	0.739326
chr8	35820599	36205518	X	8	+	0.237907
chr8	36928546	37489472	X	6	+	0.172501
chr8	38203651	38267089	X	8	+	0.115695
chr8	38763051	39601912	X	17	+	0.542307
chr8	39836154	40180627	X	16	+	0.305681
chr9	998254	1526598	X	34	+	0.0675482
chr9	2388232	3157216	X	19	+	0.0160022
chr9	3811213	4577591	X	16	+	0.410299
chr9	4862903	4937985	X	4	+	0.8316
chr9	5334792	6095867	X	105	+	0.850878
chr9	6283492	6314009	X	10	+	0.478824
chr9	6788569	7518840	X	54	+	0.109328
chr9	8205041	8776967	X	7	+	0.331927
chr9	9153876	9555629	X	11	+	0.672036
chr9	10268601	10394423	X	6	+	0.729959
chr9	10489565	11350962	X	12	+	0.0895801
chr9	11351789	11932348	X	4	+	0.399421
chr9	12598705	12861189	X	12	+	0.00640911
chr9	12981349	13167614	X	9	+	0.00334524
chr9	13666497	14075415	X	12	+	0.938252
chr9	14187495	15169273	X	4	+	0.115265
chr9	15292475	16220642	X	5	+	0.78838
chr9	17028559	17650126	X	38	+	0.615631
chr9	17715246	18501326	X	6	+	0.554821
chr9	19472677	20091915	X	20	+	0.0369149
chr9	20665121	20745498	X	4	+	0.608665
chr9	21707640	22702903	X	10	+	0.160044
chr9	23123476	23617595	X	23	+	0.108269
chr9	23830727	23871851	X	5	+	0.213534
chr9	24398300	24851085	X	39	+	0.724861
chr9	25134267	26110622	X	20	+	0.576109
chr9	26921460	27308040	X	11	+	0.847869
chr9	28053412	28513379	X	5	+	0.308199
chr9	29127035	29765018	X	36	+	0.347623
chr9	30054504	30222142	X	3	+	0.429009
chr9	31133431	31816829	X	48	+	0.149608
chr9	32573431	33152628	X	13	+	0.0558412
chr9	33794084	34413097	X	17	+	0.439923
chr9	34546760	35234445	X	11	+	0.494717
chr9	36044113	36824169	X	11	+	0.466872
chr9	37603977	38421545	X	10	+	0.990861
chr9	38840266	39399369	X	50	+	0.0259476
chr9	39825775	40524570	X	16	+	0.307517
chr9	41250128	41871093	X	12	+	0.651408
chr9	42340107	42389212	X	37	+	0.21317
chr9	43346310	44149375	X	57	+	0.132696
chrX	265292	941187	X	52	+	0.917642
chrX	1136496	2047393	X	9	+	0.893133
chrX	2432730	2444883	X	3	+	0.892073
chrX	2920270	3149497	X	6	+	0.864913
chrX	3513646	4023836	X	9	+	0.258253
chrX	4099239	4362213	X	5	+	0.755502
chrX	4390630	4542992	X	31	+	0.0100793
chrX	4960451	5801349	X	45	+	0.609271
chrX	6617987	7424475	X	16	+	0.782638
chrX	7707909	8076945	X	23	+	0.0635756
chrX	8596093	8764576	X	1	+	0.83171
chrX	8921737	9647927	X	33	+	0.147871
chrX	10031618	10915700	X	88	+	0.82788
chrX	11743221	12586352	X	9	+	0.230927
chrX	12828634	13114373	X	14	+	0.749132
chrX	13906146	14705030	X	43	+	0.546096
chrX	15680160	16193579	X	14	+	0.320222
chrX	16515943	16533130	X	33	+	0.72693
chrX	17125795	17374516	X	69	+	0.729425
chrX	18148210	18957616	X	39	+	0.382521
chrX	19195557	19594541	X	54	+	0.106086
chrX	20351398	20902309	X	4	+	0.532619
chrX	21508695	21986388	X	18	+	0.220418
chrX	22783224	23145776	X	38	+	0.804889
chrX	24011038	24560172	X	32	+	0.398579
chrX	25115799	26107179	X	11	+	0.17828
chrX	26279207	27207292	X	14	+	0.0831551
chrX	27611533	28183321	X	5	+	0.0733185
chrX	29085912	29831390	X	6	+	0.712456
chrX	30597384	31563871	X	18	+	0.289756
chrX	32214281	33084769	X	7	+	0.656526
chrX	33178619	34083656	X	14	+	0.48714
chrX	34283672	34303590	X	33	+	0.000911667
chrX	34551731	35111175	X	5	+	0.527565
chrX	35487159	36013841	X	9	+	0.950365
chrX	36213260	36685663	X	16	+	0.23467
chrX	37642248	37954938	X	42	+	0.307635
chrX	38413181	39392542	X	10	+	0.807894
chrX	40096411	41083797	X	60	+	0.155895
chrX	41278551	41583368	X	2	+	0.501504
chrX	42016349	42237918	X	9	+	0.479258
chrY	307994	1035018	X	8	+	0.539182
chrY	1462555	1794460	X	11	+	0.238582
chrY	1860739	2821303	X	6	+	0.806649
chrY	3371187	3454144	X	7	+	0.117068
chrY	4128467	4496481	X	11	+	0.282608
chrY	5455244	5822382	X	5	+	0.577735
chrY	5982549	6040017	X	33	+	0.447591
chrY	6355694	7113693	X	21	+	0.157132
chrY	8085729	8750228	X	6	+	0.133504
chrY	9208758	9514131	X	21	+	0.523933
chrY	9907021	10364409	X	2	+	0.900103
chrY	11289668	12229782	X	15	+	0.0247466
chrY	12689981	13659255	X	7	+	0.629228
chrY	13902921	14755322	X	9	+	0.879382
chrY	14765695	14881196	X	44	+	0.805854
chrY	15155779	15298180	X	49	+	0.841472
chrY	15615710	16496569	X	8	+	0.347163
chrY	16647395	17455439	X	9	+	0.428649
chrY	18366850	18449408	X	9	+	0.0554975
chrY	18654095	18826955	X	8	+	0.603925
chrY	18852971	19564172	X	3	+	0.85733
chrY	20418942	21175945	X	7	+	0.515688
chrY	21203997	22115935	X	12	+	0.387624
chrY	22749569	23478119	X	31	+	0.557019
chrY	24310103	25098027	X	12	+	0.501214
chrY	26035016	26928530	X	11	+	0.668552
chrY	27910123	28627376	X	6	+	0.471131
chrY	28718318	29596791	X	3	+	0.40361
chrY	30144774	30808876	X	10	+	0.750939
chrY	31644258	32353760	X	5	+	0.134365
chrY	33085609	33413557	X	77	+	0.0936955
chrY	33824392	34185463	X	21	+	0.670358
chrY	35181260	35708406	X	10	+	0.718174
chrY	36649584	36854947	X	15	+	0.0470563
chrY	37170888	38082821	X	2	+	0.680587
chrY	38892381	39037845	X	9	+	0.947158
chrY	39669701	40393731	X	3	+	0.642651
chrY	41310754	42194960	X	8	+	0.450369
chrY	42635228	43046666	X	37	+	0.625303
chrY	43948936	44723131	X	12	+	0.454255
chrY	44958784	45230146	X	5	+	0.872658
chrY	46018050	46147989	X	21	+	0.438496
chrY	46581669	46956976	X	22	+	0.452887
chrY	47940964	48036139	X	8	+	0.157192
chrY	48200776	48795166	X	3	+	0.345171
chrY	49792822	50439342	X	29	+	0.672208
chrY	50670073	51157771	X	11	+	0.804856
chrY	51887538	52250093	X	23	+	0.298798
chrY	52976245	53952056	X	9	+	0.620206
chrY	54751901	55427042	X	2	+	0.848273
chrY	56370398	56470626	X	50	+	0.0288263
chrY	56839383	57558843	X	23	+	0.819478
chrY	58126258	58394661	X	10	+	0.0751509
chrY	58414388	59144348	X	25	+	0.094002
chrY	59147619	59898842	X	43	+	0.0981678
chrY	60581141	61331246	X	1	+	0.488146
chrY	62139766	62244869	X	34	+	0.583016
