0
<ZeroTruncatedPoisson>
	<lambda> 101.776 	</lambda>
</ZeroTruncatedPoisson>
	