chr1	138679	138680	X	286	+	0.0105468	0.486443	0.731245
chr3	39251	39252	X	45	+	0.433305	0.568233	0.148706
chr4	108876	108877	X	191	+	0.433305	0.160819	0.815794
chr4	418398	418399	X	41	+	0.433305	0.174646	0.178619
