chr1	207672133	207672134	NR_029622	526	+	0.00192016269809
chr10	68475286	68475287	NM_178011	1183	+	3.51988796409e-08
chr12	20595645	20595646	NM_000921	588	+	0.0006998434926
chr12	20595649	20595650	NM_000921	469	+	0.00521461855122
chr12	20595728	20595729	NM_000921	586	+	0.000718968466931
chr16	33873012	33873013	NR_031727	3030	+	0.0
chr16	46096595	46096596	NM_001031835	563	+	0.00103828344318
chr16	46096596	46096597	NM_001031835	1121	+	9.70141225083e-08
chr16	46096597	46096598	NM_001031835	1420	+	5.57511762244e-10
chr16	46096598	46096599	NM_001031835	566	+	0.00099146033
chr16	46096599	46096600	NM_001031835	584	+	0.000738699773137
chr16	46096643	46096644	NM_001031835	940	+	1.99430836203e-06
chr16	46096672	46096673	NM_001031835	432	+	0.00976851993939
chr16	46096740	46096741	NM_001031835	1013	+	5.79703149455e-07
chr17	30502263	30502264	NM_173167	663	+	0.000200489133568
chr17	30502316	30502317	NM_173167	1386	+	1.00402609933e-09
chr17	30502356	30502357	NM_173167	945	+	1.85484238897e-06
chr17	55273415	55273416	NR_029493	5954	+	0.0
chr17	72669934	72669935	NM_001143998	712	+	9.01731453e-05
chr19	13808249	13808250	X	684	+	0.000142337575279
chr22	44888234	44888235	NR_029479	719	+	8.1420031e-05
chr4	134302423	134302424	NM_032961	847	+	9.93239668889e-06
chr4	134302425	134302426	NM_032961	1817	+	0.0
chr4	134302428	134302429	NM_032961	20091	+	0.0
chr4	134302432	134302433	NM_032961	16083	+	0.0
chr4	134302433	134302434	NM_032961	17767	+	0.0
chr5	148788733	148788734	NR_029684	1880	+	0.0
chr6	133635674	133635675	NM_172103	485	+	0.00395808646333
chr6	133635685	133635686	NM_172103	1952	+	0.0
chr6	133635689	133635690	NM_172103	535	+	0.00166762519125
chr6	133635702	133635703	NM_172103	530	+	0.00181394848885
chr6	133635703	133635704	NM_172103	904	+	3.67938860754e-06
chr6	133635757	133635758	NM_172103	888	+	4.82559472613e-06
chr6	133635763	133635764	NM_172103	1825	+	0.0
chr6	133635772	133635773	NM_172103	457	+	0.00638062642222
chr7	25956056	25956057	X	686	+	0.000141324604707
chr7	130212036	130212037	X	801	+	2.08025184348e-05
chr9	4789807	4789808	NM_005772	824	+	1.45754884154e-05
chr9	138684925	138684926	NR_029695	477	+	0.0045610421124
chr1	91625436	91625437	NM_001017975	435	-	0.00929933816641
chr1	91625489	91625490	NM_001017975	784	-	2.7495552e-05
chr1	91625502	91625503	NM_001017975	683	-	0.000142337575279
chr1	91625508	91625509	NM_001017975	488	-	0.00383761803863
chr1	91625509	91625510	NM_001017975	2968	-	0.0
chr1	91625648	91625649	NM_001017975	1351	-	1.83133658465e-09
chr1	91625649	91625650	NM_001017975	46846	-	0.0
chr1	91625650	91625651	NM_001017975	1059	-	2.74778167731e-07
chr1	91625705	91625706	NM_001017975	1902	-	0.0
chr11	77275176	77275177	NM_033547	839	-	1.12938683813e-05
chr11	77275180	77275181	NM_033547	632	-	0.000338464671087
chr11	77275186	77275187	NM_033547	1144	-	6.876897552e-08
chr11	77275188	77275189	NM_033547	60796	-	0.0
chr11	77275189	77275190	NM_033547	760	-	4.13086057041e-05
chr11	77275191	77275192	NM_033547	56207	-	0.0
chr11	77275192	77275193	NM_033547	1640	-	0.0
chr11	77275193	77275194	NM_033547	465	-	0.00557677206935
chr11	77275201	77275202	NM_033547	2294	-	0.0
chr11	77275204	77275205	NM_033547	965	-	1.342807735e-06
chr11	84872800	84872801	NM_001142699	571	-	0.000912457257333
chr14	89411135	89411136	NM_145231	1488	-	1.6072883085e-10
chr14	89411144	89411145	NM_145231	2284	-	0.0
chr14	89411145	89411146	NM_145231	35136	-	0.0
chr14	89411147	89411148	NM_145231	5697	-	0.0
chr14	89411151	89411152	NM_145231	9752	-	0.0
chr17	24212536	24212537	NR_029970	549	-	0.00132119206183
chr17	27943294	27943295	NM_015194	453	-	0.00677297078281
chr2	132728580	132728581	NR_027020	807	-	1.92217746836e-05
chr2	132728587	132728588	NR_027020	600	-	0.000572363051429
chr2	132728686	132728687	NR_027020	728	-	7.18891547733e-05
chr2	132728687	132728688	NR_027020	487	-	0.00387707375051
chr2	132728690	132728691	NR_027020	589	-	0.000693986903838
chr2	132728692	132728693	NR_027020	674	-	0.00016584354154
chr2	132728708	132728709	NR_027020	609	-	0.000495040132271
chr2	132728711	132728712	NR_027020	2779	-	0.0
chr2	132728762	132728763	NR_027020	1058	-	2.74778167731e-07
chr2	132728767	132728768	NR_027020	2456	-	0.0
chr2	132728789	132728790	NR_027020	914	-	3.126018175e-06
chr2	132728793	132728794	NR_027020	2441	-	0.0
chr2	132728796	132728797	NR_027020	11789	-	0.0
chr2	132728798	132728799	NR_027020	1083	-	1.8308364732e-07
chr2	132729011	132729012	NR_027020	526	-	0.00192016269809
chr2	132729016	132729017	NR_027020	815	-	1.68872949212e-05
chr2	132729027	132729028	NR_027020	3232	-	0.0
chr2	132729035	132729036	NR_027020	1020	-	5.30911304e-07
chr2	132729043	132729044	NR_027020	436	-	0.00919515680462
chr2	132729063	132729064	NR_027020	2323	-	0.0
chr2	132729149	132729150	NR_027020	742	-	5.64939698514e-05
chr2	132729366	132729367	NR_027020	628	-	0.000360342614108
chr2	132729658	132729659	NR_027020	573	-	0.000887782880385
chr2	132729686	132729687	NR_027020	722	-	7.91235117105e-05
chr2	132729687	132729688	NR_027020	9090	-	0.0
chr2	132729690	132729691	NR_027020	1017	-	5.49743499148e-07
chr2	132729692	132729693	NR_027020	554	-	0.0012153347163
chr2	132729695	132729696	NR_027020	685	-	0.000142193795783
chr2	132729698	132729699	NR_027020	2935	-	0.0
chr2	132729706	132729707	NR_027020	5159	-	0.0
chr2	132730006	132730007	NR_027020	625	-	0.000376706564128
chr2	132730098	132730099	NR_027020	453	-	0.00677297078281
chr2	132730111	132730112	NR_027020	789	-	2.547558526e-05
chr2	132730124	132730125	NR_027020	439	-	0.00875497246357
chr2	229724036	229724037	NM_001100818	2501	-	0.0
chr2	229753730	229753731	NM_001100818	1119	-	9.84735169429e-08
chr2	229753837	229753838	NM_001100818	485	-	0.00395808646333
chr2	229753890	229753891	NM_001100818	603	-	0.000547170459175
chr20	35099235	35099236	NM_002895	546	-	0.00138413334309
chr3	52277381	52277382	NR_029660	488	-	0.00383761803863
chr4	77026214	77026215	NM_006239	660	-	0.000209423380584
chr4	77026359	77026360	NM_006239	1131	-	8.29466881064e-08
chr5	79982302	79982303	NM_000791	806	-	1.92844785206e-05
chr5	79982590	79982591	NM_000791	15413	-	0.0
chr5	79983147	79983148	NM_000791	475	-	0.00469677302787
chr5	79983181	79983182	NM_000791	765	-	3.82524733694e-05
chr5	79983468	79983469	NM_000791	1136	-	7.75460715826e-08
chr5	79983482	79983483	NM_000791	573	-	0.000887782880385
chr5	79983485	79983486	NM_000791	947	-	1.82095795123e-06
chr5	79983490	79983491	NM_000791	460	-	0.0060781962864
chr8	70764924	70764925	NM_001146009	1877	-	0.0
chr8	70764940	70764941	NM_001146009	651	-	0.000244197459956
chr8	70764989	70764990	NM_001146009	683	-	0.000142337575279
chr8	70764990	70764991	NM_001146009	18360	-	0.0
chr8	70764992	70764993	NM_001146009	688	-	0.000137940987852
chr8	70764993	70764994	NM_001146009	25095	-	0.0
chr8	70764994	70764995	NM_001146009	720	-	8.09907069091e-05
chr8	70764995	70764996	NM_001146009	30126	-	0.0
chr8	70764997	70764998	NM_001146009	619	-	0.000416195009116
chr8	70764998	70764999	NM_001146009	713	-	8.96667645823e-05
chr8	70765019	70765020	NM_001146009	7866	-	0.0
chr8	70765022	70765023	NM_001146009	7679	-	0.0
chr8	70765023	70765024	NM_001146009	1923	-	0.0
chr8	70765034	70765035	NM_001146009	3867	-	0.0
chr8	70765127	70765128	NM_001146009	637	-	0.000312182532462
chr8	70765128	70765129	NM_001146009	541	-	0.00150511050162
