chr2	37315104	37359588	X	4782	+	0.00302138
chr2	64060093	64097000	X	3710	+	0.00706644
chr2	70890767	70899087	X	4121	+	0.00507772
chr2	108310035	108358072	X	3508	+	0.00833438
chr4	15255233	15270226	X	5334	+	0.00197704
chr4	68328497	68370087	X	4772	+	0.0030449
chr4	78426316	78508706	X	5576	+	0.00164532
chr5	4254442	4349578	X	5297	+	0.00203358
chr5	9112027	9128253	X	3542	+	0.00810499
chr5	39780021	39859580	X	3527	+	0.00820534
