<ZeroTruncatedNegativeBinomialRegression>
<coefficient> 0.925278 </coefficient>
<coefficient> 0.163401 </coefficient>
<coefficient> 0.859097 </coefficient>
<coefficient> 0.70694 </coefficient>
<alpha>8.87606</alpha>
</ZeroTruncatedNegativeBinomialRegression>