chr0	764937	1725264	X	2	+	0.708435
chr0	1734058	2151202	X	2	+	0.805555
chr0	3128829	3575116	X	43	+	0.289562
chr0	4474227	5430293	X	2	+	0.807469
chr0	5650701	5704575	X	4	+	0.700769
chr0	6300536	7211741	X	13	+	0.289794
chr0	7777205	8211032	X	3	+	0.712589
chr0	8818408	9355489	X	24	+	0.227681
chr0	9872019	10535453	X	7	+	0.411013
chr0	11110355	11641033	X	221	+	0.0678674
chr0	12603556	12797564	X	3	+	0.763766
chr0	13299431	13347505	X	7	+	0.41687
chr0	13714493	14291690	X	34	+	0.224779
chr0	15157514	15543185	X	234	+	0.0153251
chr0	16280717	16788568	X	8	+	0.62088
chr0	17697149	18612708	X	20	+	0.383489
chr0	19262850	19842523	X	2	+	0.610114
chr0	20451315	21095620	X	1	+	0.861538
chr0	21766475	22061586	X	9	+	0.556951
chr0	22344210	22941129	X	2	+	0.677525
chr0	22986599	23233446	X	2	+	0.767679
chr0	23326858	23928007	X	140	+	0.0943605
chr0	24408067	24736569	X	2	+	0.763972
chr0	24894868	25816819	X	56	+	0.341163
chr0	26637609	27545961	X	92	+	0.314954
chr0	27569822	27583168	X	2	+	0.777478
chr0	28216698	29127495	X	26	+	0.475774
chr0	29324775	29608934	X	4	+	0.668792
chr0	30596977	30951207	X	1	+	0.824685
chr0	31489927	32327374	X	9	+	0.449034
chr0	32961407	33712114	X	36	+	0.260368
chr0	34353048	34953049	X	44	+	0.130107
chr0	35411615	36238018	X	4	+	0.694394
chr0	37042420	37289086	X	2	+	0.758665
chr0	37635542	37728736	X	6	+	0.513222
chr0	38429696	38812502	X	4	+	0.482717
chr0	39009737	39220601	X	118	+	0.0142851
chr0	40205649	41102385	X	1	+	0.733647
chr0	41503550	42190785	X	1	+	0.807554
chr0	43189032	43925351	X	19	+	0.44319
chr0	43970256	44778701	X	18	+	0.40711
chr1	294522	838691	X	50	+	0.140047
chr1	1110780	1794972	X	209	+	0.16629
chr1	1806775	2720764	X	61	+	0.335386
chr1	3170929	3198572	X	42	+	0.33071
chr1	3812936	3890798	X	11	+	0.321038
chr1	4272500	4290581	X	161	+	0.0504384
chr1	5011880	5698861	X	44	+	0.173743
chr1	6160294	7076984	X	1	+	0.821615
chr1	7197133	7342008	X	7	+	0.624045
chr1	7731742	7861057	X	24	+	0.316866
chr1	8503219	8884877	X	32	+	0.23982
chr1	9024786	9113927	X	35	+	0.210651
chr1	9129034	9430057	X	1	+	0.806287
chr1	9660712	9985788	X	1	+	0.82268
chr1	10887196	11244268	X	181	+	0.0305856
chr1	11520163	12328453	X	1	+	0.869404
chr1	12418265	13412000	X	16	+	0.378118
chr1	14401029	14873839	X	3	+	0.687952
chr1	15094795	15543411	X	1	+	0.830066
chr1	15846292	16488598	X	1	+	0.84841
chr1	17280382	17469411	X	53	+	0.213738
chr1	18280728	18507790	X	214	+	0.182308
chr1	19355238	20152084	X	1	+	0.778581
chr1	20926096	21817419	X	64	+	0.369382
chr1	22505995	23356019	X	15	+	0.258279
chr1	24188766	24260767	X	279	+	0.0379236
chr1	25140133	25212316	X	8	+	0.311657
chr1	25558163	25796213	X	7	+	0.474285
chr1	26448977	27149382	X	1	+	0.79615
chr1	28057218	28664826	X	3	+	0.537358
chr1	29252155	29444794	X	188	+	0.068427
chr1	30320542	30511705	X	6	+	0.443231
chr1	30552860	31420820	X	1	+	0.849492
chr1	31795831	32321958	X	1	+	0.799472
chr1	32476936	32764102	X	358	+	0.131296
chr1	33355643	34219158	X	30	+	0.155793
chr1	34717770	35390038	X	11	+	0.616649
chr1	35700262	35747417	X	210	+	0.0656225
chr1	36354050	36515996	X	6	+	0.522528
chr1	37186712	37382917	X	4	+	0.561324
chr1	37517695	38043654	X	18	+	0.355759
chr2	158595	260529	X	10	+	0.554994
chr2	479882	502383	X	1	+	0.881721
chr2	856744	1442752	X	415	+	0.0387021
chr2	1473284	2228467	X	89	+	0.186675
chr2	2361863	2906219	X	1	+	0.743735
chr2	3652591	4252359	X	23	+	0.340285
chr2	5042280	5565110	X	5	+	0.522932
chr2	5631181	5763406	X	152	+	0.0766197
chr2	6287894	7090915	X	756	+	0.0119891
chr2	7874264	8365788	X	4	+	0.548836
chr2	8514616	8821816	X	1	+	0.840234
chr2	9379971	10148185	X	5	+	0.648591
chr2	10193452	10582422	X	17	+	0.395601
chr2	10781501	11205970	X	30	+	0.117027
chr2	11658228	11771778	X	3	+	0.636686
chr2	11796475	12635049	X	11	+	0.598514
chr2	13517514	14426913	X	2	+	0.791342
chr2	14914854	15386948	X	1	+	0.860056
chr2	16360983	16733040	X	16	+	0.560973
chr2	16900222	16977048	X	12	+	0.530277
chr2	17210226	18208199	X	1	+	0.877981
chr2	18347491	18788456	X	9	+	0.475085
chr2	19179074	20076154	X	1	+	0.88227
chr2	20351945	20567685	X	4	+	0.657295
chr2	21150679	21469373	X	27	+	0.0170252
chr2	22206579	22384093	X	19	+	0.336106
chr2	22761063	22818659	X	79	+	0.305442
chr2	22867946	23771601	X	537	+	0.0847621
chr2	24491711	24668714	X	6	+	0.571026
chr2	24699596	25280106	X	29	+	0.393781
chr2	26153431	26822993	X	6	+	0.54065
chr2	26874662	27323569	X	3	+	0.694658
chr2	27331598	28274510	X	8	+	0.349043
chr2	28419142	29013000	X	1	+	0.857214
chr2	29810408	30773718	X	68	+	0.0941502
chr2	31749452	32366671	X	34	+	0.228656
chr2	33167015	33531637	X	3	+	0.700311
chr2	34063757	34955448	X	53	+	0.369461
chr2	35696950	36057242	X	8	+	0.422255
chr2	36955751	37616890	X	4	+	0.68177
chr2	37818264	37840276	X	71	+	0.0322127
chr3	559725	741079	X	7	+	0.490702
chr3	1091161	1934770	X	35	+	0.0515456
chr3	2628359	2669216	X	15	+	0.439179
chr3	2699875	3660936	X	55	+	0.23936
chr3	3691115	4166861	X	25	+	0.20886
chr3	4591716	5529904	X	3	+	0.678102
chr3	6254065	7080833	X	30	+	0.185782
chr3	7466046	8456322	X	96	+	0.0681939
chr3	8468863	8753006	X	30	+	0.233052
chr3	8886527	9535920	X	21	+	0.329711
chr3	9638966	10464408	X	116	+	0.148624
chr3	11213454	12093784	X	25	+	0.231397
chr3	12191210	12206939	X	39	+	0.156338
chr3	12822378	13563327	X	46	+	0.392399
chr3	14469621	14702233	X	1	+	0.877225
chr3	14763156	15008786	X	7	+	0.595918
chr3	15868834	16436110	X	2	+	0.76589
chr3	17006739	17756059	X	39	+	0.335256
chr3	17824608	18231467	X	121	+	0.261722
chr3	18701315	19563153	X	5	+	0.516562
chr3	20409796	20603380	X	3	+	0.633249
chr3	21325828	21825172	X	111	+	0.0856855
chr3	22454054	22528933	X	10	+	0.326298
chr3	23508249	24120973	X	1	+	0.847133
chr3	24290536	25288634	X	4	+	0.49204
chr3	25391870	26284429	X	36	+	0.318189
chr3	26366876	26794958	X	32	+	0.229806
chr3	27288271	27766936	X	14	+	0.342819
chr3	27857679	28189348	X	1	+	0.816887
chr3	29040634	29701331	X	1	+	0.797467
chr3	30357061	30697847	X	14	+	0.299074
chr3	31198433	32099781	X	92	+	0.150047
chr3	32932600	33910603	X	64	+	0.130803
chr3	34256826	34423770	X	14	+	0.441748
chr3	34500925	34864547	X	5	+	0.588978
chr3	35110960	35487652	X	176	+	0.119598
chr3	36439206	36746496	X	10	+	0.606584
chr3	36758387	37113264	X	210	+	0.082017
chr3	37484922	37593398	X	79	+	0.0600219
chr3	38146519	38903933	X	6	+	0.52748
chr3	39062995	39373932	X	7	+	0.62822
chr4	811435	826261	X	74	+	0.135952
chr4	1563939	1804875	X	3	+	0.76218
chr4	2103156	2155601	X	78	+	0.0163568
chr4	2358313	3134251	X	1	+	0.807368
chr4	3411738	4044380	X	69	+	0.078281
chr4	4304353	5021835	X	113	+	0.0708802
chr4	5926181	6011611	X	2	+	0.799469
chr4	6238052	6350257	X	4	+	0.705038
chr4	6437420	7398268	X	85	+	0.173969
chr4	7622137	8148134	X	3	+	0.717222
chr4	8218856	8685620	X	4	+	0.598237
chr4	8692684	9017562	X	16	+	0.372881
chr4	9286283	9519956	X	2	+	0.811244
chr4	9764215	10761708	X	124	+	0.188534
chr4	11595207	12176429	X	171	+	0.0617015
chr4	12308416	13104441	X	270	+	0.019966
chr4	13788103	14077508	X	18	+	0.195045
chr4	14226787	14726213	X	1	+	0.797767
chr4	14913162	15723957	X	248	+	0.0614999
chr4	15963130	16616635	X	1	+	0.777504
chr4	16650560	17431811	X	218	+	0.0651579
chr4	17917453	17980727	X	3	+	0.735731
chr4	18128334	18859883	X	24	+	0.10414
chr4	19520139	19974311	X	2	+	0.602488
chr4	20251325	20797945	X	1	+	0.845962
chr4	21463349	22356225	X	4	+	0.668084
chr4	23298708	23682068	X	18	+	0.185496
chr4	24619297	25556715	X	2	+	0.797039
chr4	26528503	27236850	X	2	+	0.73094
chr4	27971747	28391450	X	11	+	0.521243
chr4	28641511	29445462	X	58	+	0.0503255
chr4	30090096	30408723	X	1	+	0.844662
chr4	31127626	31516576	X	1	+	0.828558
chr4	32404531	33246536	X	7	+	0.61438
chr4	33335427	33750686	X	23	+	0.289647
chr4	34281812	34831280	X	25	+	0.272452
chr4	35740414	36443717	X	37	+	0.135551
chr4	36866332	37029704	X	11	+	0.551349
chr4	37651614	37717400	X	1	+	0.815819
chr4	38170180	38759601	X	1	+	0.845243
chr4	39454656	39767321	X	92	+	0.394759
chr5	294395	600782	X	268	+	0.0839408
chr5	831039	1036207	X	27	+	0.306874
chr5	1691534	2166501	X	76	+	0.124279
chr5	2334358	2581260	X	31	+	0.213186
chr5	3363163	3848286	X	1	+	0.842011
chr5	4684852	5563179	X	1	+	0.789943
chr5	6178547	6296263	X	8	+	0.434684
chr5	7222835	8063448	X	91	+	0.27845
chr5	8588503	9288498	X	3	+	0.735265
chr5	9481684	9695710	X	36	+	0.0697739
chr5	10438391	10653767	X	36	+	0.0756144
chr5	10729442	11375944	X	43	+	0.400971
chr5	12175520	12180754	X	5	+	0.393119
chr5	12608167	13529402	X	5	+	0.506992
chr5	14268534	14829100	X	10	+	0.473259
chr5	15492420	15891066	X	1	+	0.874474
chr5	16412545	16756754	X	35	+	0.177016
chr5	16788992	17643006	X	127	+	0.0295274
chr5	18481560	19102621	X	1	+	0.835012
chr5	19869742	19943772	X	3	+	0.553217
chr5	20394150	21032546	X	30	+	0.254614
chr5	21609761	22078999	X	32	+	0.319961
chr5	22296445	22556051	X	1	+	0.858857
chr5	22803137	23038579	X	1	+	0.844483
chr5	23688751	24552249	X	1	+	0.840712
chr5	24638934	25136148	X	64	+	0.151428
chr5	25605638	26231333	X	1	+	0.865621
chr5	26352742	26738292	X	13	+	0.198108
chr5	27091423	27448380	X	27	+	0.386531
chr5	27745291	28546586	X	6	+	0.642302
chr5	28778136	29566974	X	9	+	0.55406
chr5	29717447	30590163	X	21	+	0.407561
chr5	31371021	31949361	X	16	+	0.315956
chr5	32180266	32526910	X	23	+	0.320595
chr5	33399064	33753009	X	5	+	0.669325
chr5	34232201	34698779	X	1	+	0.876267
chr5	35474183	35861095	X	1	+	0.845745
chr5	36009513	36705299	X	8	+	0.484426
chr5	36764332	37282247	X	3	+	0.762377
chr5	37919236	38320961	X	2	+	0.740492
chr5	38419720	39380130	X	30	+	0.192032
chr6	613938	1402301	X	337	+	0.0291928
chr6	1501434	2212322	X	2	+	0.62236
chr6	2861988	3170420	X	1	+	0.817167
chr6	3516837	4166592	X	196	+	0.0359312
chr6	4570842	4627181	X	186	+	0.0600822
chr6	5131006	6060679	X	2	+	0.741013
chr6	6225831	6301970	X	48	+	0.0216096
chr6	7102388	8053778	X	34	+	0.280427
chr6	8910304	9810148	X	1	+	0.879693
chr6	10635837	11003267	X	7	+	0.498579
chr6	11097095	11406362	X	58	+	0.313235
chr6	12057218	12531395	X	4	+	0.553404
chr6	13006043	13414113	X	1	+	0.845811
chr6	13710019	13958906	X	68	+	0.277672
chr6	14421575	15038280	X	2	+	0.778435
chr6	15379419	16289824	X	6	+	0.649709
chr6	16877413	17406212	X	45	+	0.252678
chr6	18208363	18242422	X	1	+	0.836737
chr6	19045250	19861767	X	32	+	0.410737
chr6	20711634	21168889	X	29	+	0.307429
chr6	21698350	22591847	X	1	+	0.84529
chr6	22964392	23754058	X	5	+	0.6751
chr6	24197701	24581596	X	3	+	0.667075
chr6	25353337	26008110	X	35	+	0.355676
chr6	26733359	27604175	X	190	+	0.144343
chr6	28250975	28818726	X	57	+	0.0729045
chr6	28819672	29584240	X	26	+	0.30195
chr6	30256656	30687356	X	32	+	0.362037
chr6	31395832	32053969	X	4	+	0.632363
chr6	32643300	33234424	X	6	+	0.684461
chr6	33802491	34473003	X	2	+	0.804867
chr6	35195260	35761763	X	23	+	0.363723
chr6	36656005	37325225	X	4	+	0.726028
chr6	38282295	38849688	X	22	+	0.544346
chr6	39792709	40736166	X	11	+	0.424944
chr6	41395165	41600324	X	7	+	0.609318
chr6	41604485	42185837	X	1	+	0.780782
chr6	42822014	43300523	X	65	+	0.112712
chr6	43342355	44041586	X	1	+	0.830352
chr6	44466233	44494123	X	10	+	0.430688
chr6	45419321	46056350	X	41	+	0.355144
chr7	36674	446147	X	8	+	0.601857
chr7	852090	1352490	X	66	+	0.112635
chr7	1742900	2303164	X	6	+	0.341911
chr7	2359999	3328138	X	1	+	0.844561
chr7	3936615	4613394	X	3	+	0.648241
chr7	5373793	6015507	X	3	+	0.77097
chr7	6155443	6609226	X	17	+	0.433501
chr7	7376774	8118512	X	3	+	0.55712
chr7	8945447	9886605	X	39	+	0.362734
chr7	10133191	10692754	X	8	+	0.560184
chr7	11515877	11801041	X	47	+	0.102773
chr7	12644671	13365860	X	1	+	0.772984
chr7	13664284	14242628	X	10	+	0.317776
chr7	14376987	14489831	X	12	+	0.546985
chr7	15268724	15327337	X	8	+	0.555454
chr7	15773881	16212844	X	6	+	0.677254
chr7	16924731	17414678	X	15	+	0.347558
chr7	17544598	17733152	X	6	+	0.637248
chr7	18231960	18777881	X	3	+	0.659086
chr7	19454716	19564904	X	19	+	0.430975
chr7	20262940	20960184	X	2	+	0.609404
chr7	21497230	21750445	X	1	+	0.792152
chr7	22456735	22503276	X	60	+	0.0419632
chr7	22806575	23161664	X	73	+	0.198484
chr7	23861666	24747016	X	7	+	0.687794
chr7	24854927	25645177	X	13	+	0.446153
chr7	26505517	27473216	X	52	+	0.405082
chr7	27487148	28297363	X	12	+	0.556404
chr7	29029426	29448405	X	133	+	0.0777376
chr7	30325658	30979488	X	1	+	0.872418
chr7	31480920	32398321	X	499	+	0.0353375
chr7	32971929	33168826	X	26	+	0.368629
chr7	33176076	33252968	X	125	+	0.134024
chr7	33313572	33855892	X	39	+	0.0242529
chr7	34579010	35187047	X	45	+	0.0963173
chr7	36013029	36087735	X	3	+	0.729142
chr7	36937105	37164442	X	24	+	0.243555
chr7	37831122	38233385	X	1	+	0.890355
chr7	38719122	39368875	X	26	+	0.499759
chr7	39665973	39924674	X	4	+	0.666911
chr7	40820382	41743567	X	41	+	0.326583
chr8	824748	1140492	X	2	+	0.765558
chr8	1996197	2500772	X	6	+	0.49843
chr8	3190782	3369753	X	2	+	0.675902
chr8	4220090	4566438	X	17	+	0.166447
chr8	4913763	5413250	X	26	+	0.297516
chr8	6114804	6878576	X	4	+	0.606681
chr8	6958713	7380355	X	131	+	0.1735
chr8	7531527	7616305	X	7	+	0.546197
chr8	8108393	8163556	X	6	+	0.605093
chr8	9006351	9653243	X	81	+	0.204204
chr8	10478538	10649164	X	92	+	0.177842
chr8	10811200	11004991	X	7	+	0.59442
chr8	11335223	11681238	X	61	+	0.256584
chr8	12269541	12422870	X	3	+	0.722593
chr8	13256668	14212237	X	5	+	0.505151
chr8	14447623	14922992	X	5	+	0.541766
chr8	15346532	15735260	X	3	+	0.736622
chr8	15907638	15928858	X	61	+	0.363547
chr8	16654649	17431726	X	3	+	0.727473
chr8	17995427	18697169	X	21	+	0.249655
chr8	19525431	20478237	X	3	+	0.622823
chr8	20946911	21144921	X	2	+	0.731169
chr8	21793891	22406692	X	14	+	0.304788
chr8	22679145	22850406	X	555	+	0.0368438
chr8	23722423	24334862	X	1	+	0.856207
chr8	24941132	25215453	X	15	+	0.194505
chr8	25236101	26140632	X	14	+	0.127456
chr8	27053932	27676465	X	16	+	0.408908
chr8	28672260	28879816	X	1	+	0.85983
chr8	29564459	29848897	X	11	+	0.643492
chr8	30835396	31495546	X	2	+	0.770581
chr8	31937582	32909141	X	12	+	0.508107
chr8	33034481	33171604	X	17	+	0.221791
chr8	33248415	33611617	X	1	+	0.797315
chr8	34053347	34281340	X	1	+	0.867233
chr8	34292742	34986649	X	1	+	0.799852
chr8	35966292	36819908	X	168	+	0.0114026
chr8	36833616	37531033	X	36	+	0.324381
chr8	38373641	38976663	X	47	+	0.0464488
chr8	39941229	40331842	X	14	+	0.527287
chr8	40929541	41772405	X	1545	+	0.0138569
chr9	645183	1601747	X	20	+	0.515831
chr9	2434308	3387091	X	29	+	0.412564
chr9	3947559	4595385	X	4	+	0.705214
chr9	5153170	5760195	X	104	+	0.155967
chr9	6365239	7013483	X	5	+	0.722726
chr9	7941545	8026272	X	48	+	0.200745
chr9	8529692	9279463	X	6	+	0.423733
chr9	9721915	9829852	X	1	+	0.783629
chr9	10259785	10805847	X	3	+	0.57959
chr9	11529332	11666815	X	36	+	0.355298
chr9	12155570	12735786	X	3	+	0.735114
chr9	13270726	13595780	X	13	+	0.419506
chr9	14336879	14369471	X	185	+	0.0563802
chr9	15124508	15911802	X	300	+	0.026862
chr9	16795738	16812055	X	6	+	0.633385
chr9	17212461	17225620	X	3	+	0.752463
chr9	17970250	18145038	X	19	+	0.312268
chr9	18670741	19477662	X	71	+	0.289493
chr9	19672364	19832548	X	8	+	0.663504
chr9	20131839	20336925	X	2	+	0.742601
chr9	21205546	21413659	X	12	+	0.445306
chr9	21803619	22239319	X	3	+	0.764553
chr9	22262166	22854220	X	81	+	0.154176
chr9	23031986	24016466	X	5	+	0.496488
chr9	25012545	25386604	X	52	+	0.174556
chr9	25394508	26024221	X	1	+	0.875799
chr9	26113313	26442226	X	1	+	0.906568
chr9	27129475	27598279	X	10	+	0.530531
chr9	28130888	28299906	X	2	+	0.74191
chr9	28306928	28457128	X	26	+	0.174603
chr9	28895181	29726351	X	15	+	0.463007
chr9	29990502	30536981	X	1	+	0.770872
chr9	30869878	31432438	X	27	+	0.348715
chr9	31708584	31817979	X	40	+	0.282857
chr9	32421265	33130980	X	2	+	0.750067
chr9	33364599	33845639	X	11	+	0.291412
chr9	34746871	34915239	X	9	+	0.554966
chr9	35214189	35947524	X	46	+	0.230319
chr9	36822930	37073942	X	2	+	0.65519
chr9	37997984	38479987	X	1	+	0.754719
chr9	39040306	39761945	X	37	+	0.184967
chr10	180843	1063852	X	1	+	0.799051
chr10	1431477	2313548	X	1	+	0.815367
chr10	2945035	3218668	X	38	+	0.282864
chr10	3805193	3996088	X	3	+	0.618346
chr10	4212079	4769856	X	3	+	0.710427
chr10	4988164	5935524	X	122	+	0.0497932
chr10	6739112	7297358	X	3	+	0.618721
chr10	8284158	8629685	X	2	+	0.683632
chr10	9534123	9909891	X	3	+	0.682428
chr10	10666839	11655880	X	2	+	0.699566
chr10	12066317	12334225	X	42	+	0.11956
chr10	13212340	13935033	X	130	+	0.0917227
chr10	14389341	14709726	X	38	+	0.234825
chr10	14864497	15387334	X	3	+	0.703791
chr10	15415331	16023255	X	1	+	0.84524
chr10	16733528	17022938	X	3	+	0.762215
chr10	17919657	18867781	X	145	+	0.124145
chr10	19783041	20366800	X	168	+	0.021406
chr10	20884573	21813766	X	2	+	0.676308
chr10	22003963	22487113	X	4	+	0.631779
chr10	22736544	23226482	X	1	+	0.805944
chr10	23228693	23612533	X	118	+	0.139778
chr10	24520132	25097812	X	9	+	0.343088
chr10	25941771	26010145	X	131	+	0.0690949
chr10	26398065	26879449	X	15	+	0.493026
chr10	27113156	27243495	X	4	+	0.688657
chr10	27246776	27305493	X	8	+	0.527335
chr10	28192757	28834764	X	1	+	0.803223
chr10	29734388	30447509	X	6	+	0.520804
chr10	31205824	31964692	X	29	+	0.253964
chr10	32201783	32261882	X	112	+	0.281057
chr10	32853215	33772662	X	5	+	0.60284
chr10	34665429	34859151	X	7	+	0.418153
chr10	35600761	36595069	X	8	+	0.552866
chr10	37063166	37074663	X	4	+	0.602148
chr10	37823406	37952556	X	1	+	0.751232
chr10	38352871	38828053	X	1	+	0.862609
chr10	39592828	39917539	X	1378	+	0.00502039
chr10	40742086	40948368	X	2	+	0.78779
chr10	41873139	42390422	X	36	+	0.26616
chr10	42689896	43132448	X	3	+	0.709081
chr11	762527	920161	X	2	+	0.747146
chr11	1831766	2341217	X	177	+	0.0249908
chr11	2954337	3602092	X	1	+	0.838048
chr11	3705856	3969904	X	15	+	0.409113
chr11	4677352	5190720	X	18	+	0.319538
chr11	5228935	6141351	X	37	+	0.0610629
chr11	6709835	7626695	X	3	+	0.665247
chr11	8496135	9460549	X	19	+	0.422864
chr11	9573942	9585501	X	94	+	0.238039
chr11	10101912	10666479	X	81	+	0.24933
chr11	11208490	11343541	X	1	+	0.877024
chr11	11474224	11737238	X	12	+	0.379685
chr11	12472812	12995952	X	1	+	0.884225
chr11	13814988	14720387	X	4	+	0.712227
chr11	14758467	15347083	X	1	+	0.807801
chr11	16329473	16669319	X	31	+	0.223446
chr11	17184189	17949529	X	11	+	0.342826
chr11	18097407	18584410	X	8	+	0.409219
chr11	19238305	19743301	X	4	+	0.629194
chr11	20331939	20465814	X	7	+	0.624636
chr11	21366770	22161264	X	1	+	0.831456
chr11	22264142	22963416	X	1	+	0.814431
chr11	23674078	24657519	X	10	+	0.264879
chr11	24703091	25502503	X	13	+	0.409209
chr11	26131509	26167397	X	5	+	0.686832
chr11	26309210	26718541	X	70	+	0.297236
chr11	27679452	27962249	X	94	+	0.273847
chr11	28038722	28764366	X	77	+	0.267645
chr11	29510761	30408603	X	12	+	0.259913
chr11	31101447	31571096	X	220	+	0.00137995
chr11	31916634	32231119	X	1	+	0.824198
chr11	32979087	33016388	X	1	+	0.840665
chr11	33857269	34742109	X	1	+	0.878332
chr11	35650427	36407134	X	1	+	0.751835
chr11	36963350	37502086	X	17	+	0.494626
chr11	38128582	38832980	X	7	+	0.549686
chr11	39199371	39744638	X	39	+	0.108223
chr11	40564181	40912453	X	15	+	0.341973
chr11	41100440	41825323	X	1	+	0.828827
chr11	42245924	43039572	X	101	+	0.157875
chr11	43197380	43434312	X	11	+	0.471102
chr12	333436	1078644	X	3	+	0.693788
chr12	1474958	2230123	X	6	+	0.56023
chr12	2492715	2667606	X	33	+	0.357853
chr12	2847912	3773202	X	31	+	0.177441
chr12	4078048	5017952	X	8	+	0.455717
chr12	5250640	5743863	X	28	+	0.344946
chr12	6694642	7331366	X	3	+	0.687659
chr12	7607237	8094639	X	9	+	0.631592
chr12	9093572	10031568	X	764	+	0.0415287
chr12	10857947	11453243	X	89	+	0.114169
chr12	12076808	12348236	X	1	+	0.860761
chr12	13332638	13748540	X	11	+	0.392243
chr12	14718656	15025243	X	13	+	0.511351
chr12	15648179	16444236	X	357	+	0.00624583
chr12	16831324	17491724	X	9	+	0.510058
chr12	17659364	17792055	X	32	+	0.241624
chr12	18245881	18577379	X	86	+	0.137908
chr12	19253258	19696890	X	4	+	0.539707
chr12	20659005	21241230	X	40	+	0.308799
chr12	21650484	22323842	X	46	+	0.260046
chr12	22439825	23335292	X	2	+	0.773926
chr12	23411459	23906645	X	10	+	0.398118
chr12	24063094	24172264	X	1	+	0.826992
chr12	24847038	24982813	X	12	+	0.477456
chr12	25580492	25921866	X	10	+	0.6021
chr12	25956319	26600039	X	4	+	0.60055
chr12	27125044	27621606	X	25	+	0.463302
chr12	27903426	28547216	X	7	+	0.438581
chr12	29527706	29584998	X	463	+	0.0232594
chr12	29667955	30098644	X	3	+	0.818488
chr12	30382702	31208133	X	2	+	0.773035
chr12	31805548	32558610	X	24	+	0.258802
chr12	33039398	33373586	X	17	+	0.431875
chr12	33725751	34263416	X	33	+	0.097882
chr12	34725670	35086244	X	1	+	0.876034
chr12	35458774	35637365	X	1	+	0.839759
chr12	35892001	36741021	X	2	+	0.701926
chr12	37427015	37944000	X	66	+	0.145629
chr12	38031004	38642398	X	9	+	0.535292
chr12	39631919	39909651	X	2	+	0.796382
chr12	40784031	41373565	X	5	+	0.632017
chr13	582696	1131479	X	86	+	0.0516602
chr13	1197168	1482102	X	6	+	0.573822
chr13	1561492	2231781	X	11	+	0.47966
chr13	2538779	2812914	X	20	+	0.310063
chr13	2919720	3845787	X	1	+	0.811564
chr13	4307363	4698007	X	52	+	0.06544
chr13	4899855	5593117	X	4	+	0.609984
chr13	6275214	6807221	X	12	+	0.473155
chr13	6829994	7159720	X	111	+	0.131846
chr13	7685886	8483090	X	1	+	0.836716
chr13	9070531	9097408	X	2	+	0.787198
chr13	9948440	10161125	X	3	+	0.589225
chr13	10712722	10938128	X	24	+	0.293738
chr13	11825881	12341092	X	11	+	0.504693
chr13	13166521	13720924	X	162	+	0.109731
chr13	14471969	14524994	X	2	+	0.673493
chr13	14578237	15278535	X	2	+	0.626564
chr13	15612951	16311687	X	17	+	0.396176
chr13	16741477	17230764	X	6	+	0.639523
chr13	17713832	17810286	X	4	+	0.774415
chr13	18194559	18801644	X	67	+	0.278949
chr13	19050546	19358439	X	70	+	0.265596
chr13	20215906	20262405	X	11	+	0.480738
chr13	20616866	21092434	X	12	+	0.370223
chr13	21853276	22090805	X	56	+	0.22622
chr13	22331664	22443983	X	3	+	0.645925
chr13	22496443	23387126	X	3	+	0.676857
chr13	23564930	23966935	X	57	+	0.192935
chr13	24577803	25550730	X	2	+	0.737491
chr13	25640733	25882365	X	11	+	0.333942
chr13	26678900	27496940	X	1	+	0.810228
chr13	27721836	27972714	X	171	+	0.065301
chr13	28604518	29232962	X	203	+	0.0781409
chr13	29757334	30517786	X	2	+	0.753522
chr13	30598175	31094155	X	5	+	0.439013
chr13	31119336	32098192	X	12	+	0.439973
chr13	33015400	33397285	X	6	+	0.607699
chr13	33405049	34185073	X	1	+	0.779257
chr13	34988467	35372680	X	69	+	0.140704
chr13	36207287	36865137	X	4	+	0.719245
chr13	37160460	37926378	X	8	+	0.580478
chr14	646190	787223	X	102	+	0.173618
chr14	1482942	1511057	X	9	+	0.509493
chr14	1768193	2616950	X	8	+	0.562371
chr14	3609754	4473854	X	11	+	0.524276
chr14	4800382	5695134	X	148	+	0.18842
chr14	6396971	6634986	X	52	+	0.109469
chr14	7263834	7467588	X	14	+	0.546527
chr14	7837925	8832955	X	73	+	0.0835921
chr14	9807080	10362487	X	5	+	0.531222
chr14	11148462	11198335	X	14	+	0.370759
chr14	11981009	12975697	X	3	+	0.655504
chr14	13398019	14107362	X	22	+	0.0691246
chr14	14295174	15253855	X	162	+	0.00713622
chr14	15444596	15520632	X	15	+	0.548762
chr14	15891688	16420256	X	62	+	0.04493
chr14	16515699	16970757	X	771	+	0.00368242
chr14	17110520	17264413	X	1	+	0.832557
chr14	17336656	17404131	X	4	+	0.688143
chr14	18240177	18915650	X	1	+	0.870483
chr14	19251813	19647302	X	2	+	0.753962
chr14	20496376	20804043	X	10	+	0.572599
chr14	21343236	22228582	X	42	+	0.329485
chr14	22767054	23032629	X	76	+	0.188292
chr14	23600700	23829981	X	11	+	0.402027
chr14	24436882	24468014	X	20	+	0.462439
chr14	25339884	25474589	X	22	+	0.110792
chr14	25570370	25897719	X	35	+	0.223654
chr14	26299211	26345946	X	2	+	0.708788
chr14	26369612	26496403	X	41	+	0.180202
chr14	26679533	26974093	X	1	+	0.879598
chr14	27061183	27782841	X	5	+	0.685974
chr14	28632413	29338454	X	20	+	0.374642
chr14	29430304	30245048	X	3	+	0.752049
chr14	30462432	30995954	X	256	+	0.202136
chr14	31911031	32643691	X	4	+	0.564677
chr14	33037917	33401931	X	6	+	0.539855
chr14	34088370	34772281	X	6	+	0.554393
chr14	35113449	35219544	X	248	+	0.130881
chr14	35311950	35798356	X	8	+	0.640838
chr14	36766586	37667293	X	2	+	0.747931
chr14	38386129	39104311	X	1	+	0.821907
chr15	710165	971965	X	49	+	0.211726
chr15	1739573	2605589	X	2	+	0.674681
chr15	3162617	3760936	X	29	+	0.397287
chr15	4072814	4682396	X	64	+	0.262409
chr15	5070287	5534954	X	1	+	0.86022
chr15	6226266	7183847	X	2	+	0.827199
chr15	7931095	7989577	X	2	+	0.768139
chr15	8881029	9513881	X	14	+	0.352583
chr15	10375602	10617140	X	2	+	0.731038
chr15	10976916	11544569	X	14	+	0.270069
chr15	12483555	13232058	X	144	+	0.0940806
chr15	13246031	13904131	X	2	+	0.783996
chr15	14706280	15245222	X	2	+	0.785766
chr15	15803397	16358016	X	3	+	0.692432
chr15	17066966	17778732	X	8	+	0.518701
chr15	18282052	18554091	X	81	+	0.158177
chr15	19241391	19494385	X	1	+	0.742023
chr15	20313855	20721927	X	35	+	0.307338
chr15	21538374	22524821	X	4	+	0.71624
chr15	22540710	23146682	X	35	+	0.0967736
chr15	24124038	24438282	X	115	+	0.140617
chr15	24554031	24862748	X	1	+	0.857601
chr15	25815381	26380818	X	32	+	0.290115
chr15	26566828	26790720	X	2	+	0.768321
chr15	27416923	28212505	X	2	+	0.784084
chr15	28814789	28940913	X	91	+	0.171712
chr15	29931041	30587973	X	16	+	0.373249
chr15	30658234	31506713	X	37	+	0.272925
chr15	31701429	32466706	X	10	+	0.533138
chr15	33400171	33504381	X	22	+	0.346722
chr15	34343121	34434930	X	57	+	0.0537058
chr15	35210715	35451968	X	2	+	0.809308
chr15	36318594	36398221	X	1	+	0.876594
chr15	36933723	37707427	X	4	+	0.647335
chr15	37991254	38062731	X	18	+	0.434655
chr15	38783183	39620559	X	118	+	0.0837471
chr15	40399210	40671837	X	4	+	0.54091
chr15	41292383	41570751	X	1	+	0.879914
chr15	42523962	43247067	X	9	+	0.623698
chr15	43733127	44617075	X	92	+	0.236245
chr15	45159292	45527822	X	2	+	0.785729
chr16	328038	1297498	X	32	+	0.349411
chr16	1819057	1904375	X	2	+	0.789658
chr16	2839533	2941981	X	21	+	0.203358
chr16	3145442	3886086	X	3	+	0.734315
chr16	4304599	4978568	X	105	+	0.198401
chr16	4987016	5705219	X	6	+	0.631035
chr16	6645347	7503470	X	33	+	0.358276
chr16	8460449	8936101	X	240	+	0.202229
chr16	9428247	9858533	X	9	+	0.498642
chr16	10563912	10633082	X	12	+	0.595127
chr16	10693385	11363674	X	2	+	0.777226
chr16	11619364	11660085	X	1	+	0.807807
chr16	12245858	12973284	X	1	+	0.821933
chr16	13286230	13659361	X	3	+	0.738184
chr16	14095613	14571339	X	3	+	0.674884
chr16	15034443	15100958	X	3	+	0.621338
chr16	16088111	16361804	X	148	+	0.131575
chr16	16813084	17604068	X	13	+	0.614569
chr16	18242556	19201305	X	2	+	0.819523
chr16	19718699	20300057	X	48	+	0.337923
chr16	20891603	21590292	X	10	+	0.552157
chr16	22026859	22925972	X	128	+	0.10669
chr16	23807307	24495370	X	12	+	0.403584
chr16	24998788	25810981	X	1	+	0.769885
chr16	26036967	26869221	X	1	+	0.782648
chr16	27757742	28114826	X	33	+	0.234637
chr16	29030101	29587742	X	8	+	0.502853
chr16	29904543	30503686	X	39	+	0.335233
chr16	31071689	31347360	X	12	+	0.580541
chr16	31441583	31673158	X	1	+	0.829169
chr16	31907203	32331443	X	4	+	0.638495
chr16	33310820	34029705	X	32	+	0.453932
chr16	34714290	35276079	X	563	+	0.0364844
chr16	35284141	35362826	X	67	+	0.121213
chr16	36055399	36122376	X	3	+	0.738682
chr16	36825666	37058675	X	25	+	0.311877
chr16	38002127	38937787	X	9	+	0.515881
chr16	39057569	39602159	X	105	+	0.168151
chr16	40514624	40747960	X	7	+	0.567728
chr16	41106751	41239235	X	17	+	0.191611
chr16	41297351	42059980	X	1	+	0.875039
chr17	201406	398825	X	1	+	0.829064
chr17	624655	1593299	X	19	+	0.419847
chr17	1962726	2140123	X	27	+	0.384801
chr17	2341261	3318916	X	2	+	0.748135
chr17	4069026	4789837	X	1	+	0.840288
chr17	5089584	5927372	X	51	+	0.108021
chr17	6629320	6886509	X	109	+	0.118162
chr17	7865184	8719491	X	27	+	0.37503
chr17	9187807	10163285	X	64	+	0.053003
chr17	10377872	10595816	X	4	+	0.376909
chr17	10947957	11932059	X	1	+	0.849946
chr17	12517740	12602475	X	4	+	0.487035
chr17	12919319	13612914	X	62	+	0.318109
chr17	13807433	13812624	X	23	+	0.360943
chr17	14531800	14641571	X	25	+	0.497422
chr17	15225848	15456246	X	5	+	0.608904
chr17	16224079	16997275	X	1	+	0.81895
chr17	17616319	18386392	X	8	+	0.37942
chr17	19321105	19943680	X	7	+	0.520007
chr17	20243392	20493215	X	374	+	0.109569
chr17	21295936	21461812	X	235	+	0.19651
chr17	21667857	22298704	X	3	+	0.577003
chr17	22540979	23092268	X	1	+	0.862673
chr17	23990322	24112269	X	4	+	0.551083
chr17	24655727	25645285	X	25	+	0.241987
chr17	26385783	26892737	X	17	+	0.567813
chr17	26962118	27402428	X	4	+	0.74318
chr17	28220542	28249711	X	1	+	0.848621
chr17	28461850	29193319	X	1	+	0.865525
chr17	29588245	29711096	X	51	+	0.321186
chr17	29744282	30689868	X	7	+	0.43661
chr17	31355954	31873849	X	29	+	0.34664
chr17	32325221	32801399	X	51	+	0.333048
chr17	33785328	34492559	X	14	+	0.417091
chr17	35248937	35675370	X	6	+	0.657776
chr17	36470327	36746060	X	298	+	0.0473196
chr17	37576659	37609375	X	6	+	0.473924
chr17	38342051	39319089	X	7	+	0.5042
chr17	39729142	40275203	X	22	+	0.518065
chr17	41108267	41465409	X	15	+	0.355945
chr17	41765673	41916880	X	19	+	0.313177
chr18	445974	499695	X	16	+	0.574347
chr18	926910	1732313	X	1	+	0.801316
chr18	2055519	2898643	X	4	+	0.564146
chr18	3735458	3775899	X	1	+	0.809088
chr18	3930091	4818100	X	108	+	0.0519757
chr18	4823037	5727418	X	2	+	0.767183
chr18	6274230	6655675	X	2	+	0.738011
chr18	7028590	7510216	X	108	+	0.0764961
chr18	7789461	8711964	X	13	+	0.561914
chr18	9111403	9257675	X	10	+	0.515984
chr18	9920489	10670861	X	14	+	0.651406
chr18	10997748	11651613	X	18	+	0.391271
chr18	11907138	12617882	X	1	+	0.777625
chr18	12852713	13258974	X	1	+	0.765946
chr18	13300900	14128761	X	208	+	0.102715
chr18	14560685	15233397	X	55	+	0.105849
chr18	16178505	17111845	X	7	+	0.518906
chr18	17515889	17546732	X	3	+	0.66734
chr18	17741141	18733297	X	13	+	0.380496
chr18	19703212	19743899	X	3	+	0.734633
chr18	20603117	20748027	X	6	+	0.630785
chr18	20936223	21199230	X	12	+	0.291682
chr18	22062481	22951115	X	6	+	0.464376
chr18	23044493	23057211	X	1	+	0.795889
chr18	24051836	24943851	X	3	+	0.592525
chr18	25852103	26551404	X	19	+	0.380926
chr18	26862177	27246452	X	443	+	0.0732683
chr18	27507085	28063196	X	28	+	0.340554
chr18	28845242	29071332	X	6	+	0.474363
chr18	29510014	30354296	X	63	+	0.120333
chr18	31255639	32076226	X	2	+	0.647575
chr18	32240937	33071474	X	25	+	0.340418
chr18	33808763	34135445	X	38	+	0.186398
chr18	34999835	35252611	X	9	+	0.585037
chr18	35521772	36357215	X	174	+	0.0194871
chr18	36429861	36873319	X	14	+	0.484243
chr18	37738616	38683396	X	21	+	0.0775299
chr18	39371759	40023644	X	9	+	0.510745
chr18	40109248	40962379	X	2	+	0.748369
chr18	41611552	41905146	X	18	+	0.273163
chr18	42506310	42788702	X	128	+	0.0256628
chr19	255652	622312	X	2	+	0.759641
chr19	869404	1680731	X	3	+	0.674387
chr19	2284472	2931874	X	136	+	0.18693
chr19	3102511	4024741	X	1	+	0.848731
chr19	4320295	4490754	X	77	+	0.0500025
chr19	4503489	5008368	X	1	+	0.817576
chr19	5806336	6357947	X	2	+	0.736144
chr19	7301097	7447986	X	32	+	0.280285
chr19	7898681	8632367	X	4	+	0.707199
chr19	8791021	9173374	X	47	+	0.139854
chr19	9438297	9744810	X	9	+	0.311257
chr19	10062372	10081061	X	2	+	0.741413
chr19	10936717	11360314	X	8	+	0.54353
chr19	11490504	12138266	X	3	+	0.789526
chr19	12210991	13035141	X	1	+	0.718817
chr19	13537209	13628313	X	13	+	0.556486
chr19	13826209	14086192	X	6	+	0.553134
chr19	14560514	15534664	X	2	+	0.635471
chr19	15681515	16619352	X	1	+	0.838055
chr19	17364271	17572014	X	419	+	0.00429606
chr19	17676516	18633971	X	1	+	0.826563
chr19	18811530	19521885	X	2	+	0.726142
chr19	20477138	21107099	X	1	+	0.867536
chr19	21952203	21983153	X	58	+	0.115528
chr19	22095063	22347238	X	1	+	0.767224
chr19	22456308	23177026	X	123	+	0.21573
chr19	23874285	24036315	X	13	+	0.351866
chr19	24786244	25524033	X	2	+	0.805787
chr19	26452012	26900388	X	7	+	0.668674
chr19	27570376	28275840	X	7	+	0.560841
chr19	28630369	29327153	X	26	+	0.256957
chr19	30015819	30955812	X	12	+	0.348125
chr19	31745505	32227347	X	1	+	0.874562
chr19	32287790	32402015	X	2	+	0.810981
chr19	32618199	32710476	X	19	+	0.420517
chr19	33409539	33680294	X	74	+	0.311453
chr19	33901903	33935123	X	5	+	0.487477
chr19	33993354	34451221	X	78	+	0.0559919
chr19	35204448	36172721	X	40	+	0.271768
chr19	36716356	37050662	X	26	+	0.0948291
chr19	37663476	37886232	X	16	+	0.449432
chr20	798202	1156431	X	8	+	0.264399
chr20	1592265	2162550	X	24	+	0.463928
chr20	2180584	2915830	X	26	+	0.358818
chr20	3835288	4280604	X	108	+	0.184158
chr20	4361263	4616212	X	17	+	0.525291
chr20	5254172	5604604	X	1	+	0.861136
chr20	6193634	6486599	X	193	+	0.0369608
chr20	6962980	7682172	X	7	+	0.456589
chr20	8296787	9292095	X	4	+	0.756206
chr20	9706414	9977960	X	6	+	0.732154
chr20	10687380	10788804	X	4	+	0.630738
chr20	11404552	11681429	X	8	+	0.605563
chr20	12214356	12852803	X	138	+	0.0618054
chr20	13142346	13613387	X	4	+	0.731012
chr20	14345578	14836899	X	11	+	0.535243
chr20	15791563	15966433	X	1	+	0.890087
chr20	16351307	16637237	X	86	+	0.124317
chr20	16790960	17579079	X	2	+	0.815726
chr20	18440126	19247538	X	2	+	0.789444
chr20	19288963	19298050	X	6	+	0.639186
chr20	19414542	19490713	X	1	+	0.823304
chr20	19638939	19802141	X	218	+	0.13591
chr20	20522476	20534677	X	39	+	0.149493
chr20	21226377	21321815	X	2	+	0.769572
chr20	21384857	21513889	X	35	+	0.222198
chr20	22313913	22400627	X	1	+	0.823654
chr20	22413790	22817246	X	1	+	0.845898
chr20	23177785	23734372	X	3	+	0.80488
chr20	24076679	24559087	X	57	+	0.162822
chr20	24687995	25109873	X	80	+	0.179136
chr20	25836350	26641235	X	14	+	0.234513
chr20	26906030	27749820	X	3	+	0.708847
chr20	28272148	28704749	X	9	+	0.492043
chr20	29300503	29659509	X	32	+	0.212163
chr20	30194857	30352806	X	1	+	0.854865
chr20	31029419	31147668	X	367	+	0.0328495
chr20	31458593	31826646	X	8	+	0.454677
chr20	32608595	33397211	X	25	+	0.37631
chr20	33631540	34541062	X	1	+	0.7967
chr20	35065899	35488432	X	33	+	0.336311
chr20	35876478	36465448	X	3	+	0.62514
chr21	149956	458687	X	21	+	0.325217
chr21	807169	1019907	X	293	+	0.0509886
chr21	1209353	1824227	X	3	+	0.756523
chr21	2666773	2822862	X	8	+	0.494255
chr21	3133113	3177162	X	22	+	0.238717
chr21	3395467	4362313	X	22	+	0.244018
chr21	4803357	5289797	X	4	+	0.583268
chr21	5369947	6267965	X	658	+	0.00408584
chr21	7050863	7336209	X	36	+	0.157779
chr21	8245356	8802120	X	25	+	0.234814
chr21	9786269	10525169	X	18	+	0.499202
chr21	10593555	11221215	X	12	+	0.418995
chr21	11534353	12328057	X	1	+	0.87918
chr21	12895183	13720110	X	10	+	0.647067
chr21	13997964	14013910	X	62	+	0.120112
chr21	14910661	15384613	X	38	+	0.290261
chr21	16337716	17225373	X	14	+	0.334408
chr21	17939664	18525090	X	56	+	0.135776
chr21	19068682	19207865	X	45	+	0.190652
chr21	20203271	20817770	X	10	+	0.512505
chr21	20990457	21077676	X	72	+	0.24008
chr21	21987344	22845424	X	1	+	0.870657
chr21	23360252	23758888	X	1	+	0.831288
chr21	24143090	24737942	X	66	+	0.143803
chr21	24772345	25398093	X	85	+	0.0679862
chr21	25649178	26637713	X	18	+	0.416197
chr21	27486332	27884657	X	6	+	0.459256
chr21	28499468	28553092	X	18	+	0.501697
chr21	28561133	29393297	X	36	+	0.309648
chr21	30041867	30852819	X	18	+	0.534077
chr21	31039134	31334914	X	6	+	0.459721
chr21	31885679	32537432	X	1	+	0.773365
chr21	32763194	33697730	X	8	+	0.491466
chr21	34424669	35396104	X	824	+	0.000924818
chr21	36238238	36905726	X	2	+	0.612355
chr21	37246441	37949229	X	108	+	0.120904
chr21	38274516	38581801	X	3	+	0.731311
chr21	39387431	39608621	X	170	+	0.138377
chr21	40198196	40353850	X	1	+	0.83484
chr21	40622229	41479456	X	1	+	0.820008
chr21	42435498	42718828	X	9	+	0.436053
chrX	25202	966500	X	3	+	0.799925
chrX	1641174	1917251	X	14	+	0.546369
chrX	2291513	2805460	X	22	+	0.184724
chrX	3037585	3781963	X	1	+	0.807304
chrX	4271805	4336116	X	45	+	0.351232
chrX	4700800	5606658	X	2	+	0.68606
chrX	5798487	6175581	X	5	+	0.603512
chrX	6514285	6914618	X	12	+	0.431704
chrX	7483438	8422708	X	3	+	0.620145
chrX	9037214	9445254	X	9	+	0.619125
chrX	10262354	10283001	X	203	+	0.090898
chrX	11210349	11639474	X	6	+	0.55922
chrX	12130130	12451877	X	105	+	0.144747
chrX	12512827	13072817	X	1	+	0.846912
chrX	13957538	14219195	X	13	+	0.410636
chrX	14642623	15109740	X	3	+	0.63433
chrX	16100531	16638500	X	2	+	0.727484
chrX	17550425	18488307	X	31	+	0.163835
chrX	18740679	19382121	X	12	+	0.489967
chrX	20256403	20606794	X	3	+	0.750011
chrX	21525529	22440589	X	6	+	0.672767
chrX	22640325	23593135	X	1	+	0.890457
chrX	24112578	24558029	X	1	+	0.859095
chrX	24736784	25480447	X	48	+	0.252731
chrX	26283739	26930394	X	10	+	0.545185
chrX	27860232	27930043	X	26	+	0.218232
chrX	28694548	29315587	X	8	+	0.437883
chrX	29364569	29378722	X	605	+	0.00227973
chrX	29758026	30263436	X	463	+	0.0113144
chrX	30592407	31511804	X	24	+	0.408546
chrX	31654514	31831614	X	74	+	0.201885
chrX	32208001	32382413	X	1	+	0.810197
chrX	32664727	33359774	X	14	+	0.354834
chrX	33844994	34510751	X	39	+	0.234058
chrX	34518161	35058547	X	244	+	0.0873807
chrX	35905879	36216363	X	2	+	0.854967
chrX	36733703	37114863	X	58	+	0.304195
chrX	37714254	38522182	X	4	+	0.506172
chrX	39000088	39214820	X	17	+	0.399419
chrX	39866664	40795661	X	7	+	0.589939
chrX	40853841	40977043	X	2	+	0.763041
chrY	179981	298224	X	32	+	0.477458
chrY	1056782	1264732	X	8	+	0.513354
chrY	1488585	1839849	X	53	+	0.225508
chrY	2291413	2319680	X	5	+	0.523035
chrY	3275966	3625078	X	8	+	0.546654
chrY	3863016	4168834	X	1161	+	0.00363397
chrY	4517051	4961813	X	3	+	0.724523
chrY	5685024	5694031	X	1	+	0.824075
chrY	6304062	6994797	X	1	+	0.884138
chrY	7343977	7432821	X	13	+	0.542772
chrY	7520836	8214287	X	15	+	0.388672
chrY	8386353	8877953	X	23	+	0.344202
chrY	9096910	9600883	X	53	+	0.219771
chrY	9842218	10045613	X	23	+	0.197918
chrY	11024832	11437239	X	5	+	0.674195
chrY	11718491	12269386	X	3	+	0.6862
chrY	12882686	13341044	X	1	+	0.76001
chrY	14249999	14620228	X	2	+	0.644505
chrY	15279289	16172816	X	6	+	0.590773
chrY	16596527	17146170	X	38	+	0.107859
chrY	17261434	17330898	X	44	+	0.180447
chrY	17512774	17856734	X	1	+	0.770936
chrY	18413238	19281778	X	228	+	0.0342579
chrY	19387746	20147343	X	3	+	0.589629
chrY	20963642	21829057	X	7	+	0.577561
chrY	22268640	22635714	X	21	+	0.266407
chrY	23141894	23808917	X	5	+	0.648766
chrY	24056726	24523082	X	1	+	0.728738
chrY	24838069	24854467	X	1	+	0.763842
chrY	25077784	25570571	X	35	+	0.262186
chrY	25645410	26588931	X	38	+	0.265083
chrY	27519036	27594176	X	1	+	0.82495
chrY	28166562	28481288	X	12	+	0.299722
chrY	29190380	29684956	X	3	+	0.710552
chrY	29897829	30458097	X	1	+	0.845759
chrY	30720884	31263965	X	1	+	0.825462
chrY	31748083	32320936	X	20	+	0.37963
chrY	32372789	33224132	X	5	+	0.617715
chrY	33912883	34823600	X	79	+	0.164526
chrY	35610867	35967657	X	2	+	0.700743
chrY	36497693	37071326	X	36	+	0.331795
chrY	37837748	38722402	X	101	+	0.179536
chrY	38858890	39622931	X	340	+	0.0742894
chrY	40497629	41102367	X	1	+	0.850784
chrY	41801270	42065072	X	1	+	0.896366
chrY	42986189	43481438	X	1	+	0.794322
chrY	43640065	44368492	X	2	+	0.815355
chrY	44524656	45029042	X	5	+	0.380248
chrY	45992255	46178762	X	8	+	0.417482
chrY	47045607	47931935	X	9	+	0.379393
chrY	48574225	49494188	X	16	+	0.269433
chrY	50321328	50822926	X	2	+	0.779948
chrY	51016693	51232835	X	25	+	0.455759
chrY	51967287	52922034	X	7	+	0.591431
chrY	53255481	53386468	X	1	+	0.867098
chrY	53968164	54676763	X	2	+	0.757567
chrY	55349913	55567583	X	8	+	0.459714
