<ZTNB>
	<mean> 152.385 	</mean>

	<alpha> 10.5518 	</alpha>
</ZTNB>
	