<TruncatedPoissonRegression>
<truncateAt> 0 </truncateAt>
<coefficient> 1.29502 </coefficient>
<coefficient> 0.183767 </coefficient>
</TruncatedPoissonRegression>