chr0	348571	1149350	X	8	+	0.233467
chr0	1381849	1876804	X	20	+	0.067556
chr0	2298661	2423818	X	1	+	0.477598
chr0	2542682	3270110	X	4	+	0.437836
chr0	4092224	4123314	X	15	+	0.436702
chr0	4784100	5682463	X	3	+	0.096201
chr0	6666410	6761876	X	5	+	0.302722
chr0	7759057	8276470	X	6	+	0.431102
chr0	8800130	8910696	X	10	+	0.677535
chr0	9167330	9592473	X	3	+	0.617495
chr0	10177982	10955138	X	7	+	0.386271
chr0	11163867	11507963	X	6	+	0.0373105
chr0	12301751	12911255	X	4	+	0.425158
chr0	13593938	13908265	X	3	+	0.144959
chr0	14885200	15028318	X	4	+	0.306389
chr0	15457097	15981890	X	6	+	0.490802
chr0	16895356	17790730	X	13	+	0.295558
chr0	18029032	18398261	X	1	+	0.751943
chr0	19109517	19307509	X	7	+	0.772097
chr0	19481481	20335962	X	8	+	0.278499
chr0	21127050	21194782	X	8	+	0.160484
chr0	21204240	21287806	X	5	+	0.276982
chr0	21847804	22684078	X	1	+	0.508898
chr0	23141649	23680969	X	3	+	0.0689814
chr0	24317204	24960605	X	3	+	0.426925
chr0	25618668	26261327	X	5	+	0.907232
chr0	26484450	26743922	X	3	+	0.481984
chr0	27547978	27992870	X	7	+	0.669717
chr0	28198699	28986303	X	2	+	0.439725
chr0	29135350	29600483	X	15	+	0.211254
chr0	29603545	30081053	X	4	+	0.2942
chr0	30287942	30354706	X	5	+	0.0147836
chr0	30437533	30939191	X	4	+	0.525069
chr0	31191495	31313666	X	1	+	0.658141
chr0	32052090	32893730	X	7	+	0.788348
chr0	33728115	34117857	X	2	+	0.146374
chr0	34181489	35055511	X	7	+	0.860639
chr0	35676981	36579061	X	13	+	0.0477144
chr0	37261690	37635477	X	3	+	0.778253
chr0	38623708	38831981	X	4	+	0.562734
chr0	39115375	39679904	X	7	+	0.70143
chr1	322156	1048395	X	3	+	0.629519
chr1	2017378	2775301	X	1	+	0.744005
chr1	2922957	3365806	X	1	+	0.808047
chr1	3855004	4368986	X	3	+	0.203763
chr1	4745340	5562706	X	6	+	0.0324261
chr1	5990288	6935402	X	11	+	0.426425
chr1	7798221	7895889	X	2	+	0.271006
chr1	8830794	9800581	X	3	+	0.186875
chr1	10551893	11195230	X	12	+	0.352616
chr1	11304867	11669655	X	2	+	0.421323
chr1	12264103	13221644	X	12	+	0.770434
chr1	13644703	13862389	X	1	+	0.484177
chr1	14413059	14773922	X	1	+	0.597234
chr1	15365190	15573165	X	1	+	0.567007
chr1	15637287	15830596	X	14	+	0.25595
chr1	16138498	16910370	X	3	+	0.27074
chr1	17044152	17333738	X	7	+	0.336325
chr1	18326191	18613373	X	4	+	0.0686906
chr1	18892259	19453817	X	8	+	0.407954
chr1	19560666	20078825	X	1	+	0.678795
chr1	20172119	20611991	X	3	+	0.187347
chr1	21010715	21366163	X	6	+	0.668065
chr1	21936723	22198141	X	1	+	0.508837
chr1	22852473	23124409	X	1	+	0.450479
chr1	23660821	23926852	X	13	+	0.329961
chr1	24600536	24900420	X	2	+	0.283301
chr1	25861061	26839507	X	2	+	0.224813
chr1	26876312	26915467	X	9	+	0.697952
chr1	27728694	28087092	X	2	+	0.77626
chr1	28246033	28904801	X	6	+	0.256306
chr1	28974221	29888686	X	7	+	0.195819
chr1	29931726	30472051	X	6	+	0.0778226
chr1	30792613	31428762	X	2	+	0.421309
chr1	31886753	32643581	X	6	+	0.736086
chr1	33169915	33982365	X	1	+	0.479668
chr1	34915292	35400009	X	3	+	0.16845
chr1	35861037	36619362	X	4	+	0.164993
chr1	36998646	37732612	X	8	+	0.650341
chr1	38538643	38692645	X	12	+	0.702568
chr1	38788120	39591751	X	6	+	0.254258
chr1	40407529	40658938	X	12	+	0.335697
chr2	823163	1481743	X	3	+	0.0724147
chr2	1720376	2610697	X	6	+	0.0150546
chr2	3263825	3312081	X	12	+	0.317969
chr2	3930447	4671253	X	5	+	0.464236
chr2	4982871	5543771	X	5	+	0.24525
chr2	6037775	6113878	X	4	+	0.0851559
chr2	6337198	6427427	X	1	+	0.549669
chr2	6881857	7560517	X	3	+	0.0799826
chr2	8476989	9081093	X	1	+	0.59138
chr2	9220839	9886201	X	14	+	0.541264
chr2	10101102	11008455	X	7	+	0.56324
chr2	11987330	12268859	X	16	+	0.292247
chr2	12275384	13072869	X	5	+	0.690929
chr2	14007187	14066741	X	13	+	0.404864
chr2	15014673	15591265	X	5	+	0.220145
chr2	15792217	15846498	X	1	+	0.681967
chr2	16588022	16976115	X	2	+	0.250822
chr2	17409330	17437995	X	5	+	0.930328
chr2	18192318	18371364	X	5	+	0.0783304
chr2	18812371	19473921	X	2	+	0.289922
chr2	19566859	20038697	X	10	+	0.200236
chr2	20480187	20926773	X	17	+	0.0475855
chr2	21067542	21168188	X	2	+	0.536319
chr2	21917035	22021936	X	5	+	0.0812397
chr2	22926344	22960537	X	17	+	0.334287
chr2	23942539	24410619	X	13	+	0.108429
chr2	25322668	26018938	X	1	+	0.507036
chr2	26516351	26844980	X	7	+	0.436385
chr2	27595545	28377175	X	1	+	0.612985
chr2	29055112	30001797	X	3	+	0.227092
chr2	30537800	30724025	X	3	+	0.991943
chr2	31393918	31868142	X	6	+	0.534615
chr2	32804757	33105360	X	1	+	0.680842
chr2	34036980	34898889	X	8	+	0.87124
chr2	35071845	35889001	X	2	+	0.285591
chr2	36400381	36775604	X	3	+	0.419344
chr2	37598902	38552995	X	17	+	0.0184687
chr2	38658209	39013188	X	7	+	0.67713
chr2	39971315	40185943	X	2	+	0.274279
chr2	41072673	42054756	X	6	+	0.27912
chr2	43048654	43519948	X	4	+	0.896895
chr3	990375	1039304	X	4	+	0.164614
chr3	1172161	2048468	X	2	+	0.351355
chr3	3013716	3570427	X	10	+	0.852285
chr3	4409244	4551274	X	9	+	0.204591
chr3	5381799	5956876	X	6	+	0.188764
chr3	6232697	6409919	X	25	+	0.00819003
chr3	7166088	7679607	X	1	+	0.892791
chr3	8107861	8611259	X	6	+	0.729085
chr3	8969595	9137446	X	3	+	0.150374
chr3	9817241	10352398	X	1	+	0.704448
chr3	10378245	11244153	X	1	+	0.625665
chr3	11563488	12030916	X	1	+	0.477444
chr3	12970536	13363140	X	3	+	0.321541
chr3	13787375	14057427	X	4	+	0.27657
chr3	14929070	14946351	X	5	+	0.162716
chr3	15440772	16067137	X	10	+	0.0251588
chr3	16937922	17870856	X	1	+	0.517651
chr3	18826304	18947883	X	2	+	0.203515
chr3	19659593	20402960	X	6	+	0.354676
chr3	21099537	21561382	X	13	+	0.388969
chr3	21870662	22814720	X	4	+	0.636877
chr3	22860600	23112571	X	13	+	0.471463
chr3	23179386	23185428	X	9	+	0.711598
chr3	23906994	24497694	X	2	+	0.458328
chr3	24849346	25136621	X	3	+	0.335098
chr3	25514821	26376571	X	3	+	0.457346
chr3	27124610	27874675	X	6	+	0.490343
chr3	28736514	29641038	X	8	+	0.743583
chr3	30161080	30188019	X	8	+	0.336336
chr3	31186612	31324215	X	1	+	0.852559
chr3	31959071	32700299	X	6	+	0.283811
chr3	33670982	33865095	X	8	+	0.798723
chr3	33979517	34072532	X	4	+	0.658585
chr3	34852690	35642740	X	5	+	0.206536
chr3	36307207	36826768	X	15	+	0.0662555
chr3	37318156	38004960	X	1	+	0.562261
chr3	38544947	38770258	X	2	+	0.952964
chr3	39096715	39580222	X	10	+	0.0135076
chr3	40235384	40649823	X	8	+	0.0520288
chr3	40991108	41919017	X	13	+	0.345025
chr3	42289525	42500675	X	4	+	0.175984
chr4	939980	1064980	X	2	+	0.201713
chr4	1677701	2213123	X	8	+	0.630893
chr4	2460716	3276143	X	6	+	0.303843
chr4	3975745	4867778	X	6	+	0.718581
chr4	5775531	6519765	X	5	+	0.759318
chr4	6773371	7022994	X	13	+	0.334582
chr4	7570664	7865671	X	4	+	0.476828
chr4	8563455	9362813	X	3	+	0.556128
chr4	9885577	10240789	X	4	+	0.151662
chr4	10959842	11674900	X	12	+	0.0931912
chr4	11693644	12476772	X	4	+	0.103134
chr4	12816255	12834620	X	4	+	0.3569
chr4	13670579	13744685	X	9	+	0.187788
chr4	13943989	13946461	X	5	+	0.150375
chr4	13976643	14938630	X	7	+	0.825879
chr4	15119503	15967977	X	3	+	0.457196
chr4	16638959	17479667	X	6	+	0.17523
chr4	17896615	18437741	X	5	+	0.232223
chr4	19258528	19438112	X	1	+	0.715917
chr4	19620297	19784990	X	6	+	0.556935
chr4	20336332	20872462	X	1	+	0.767964
chr4	21413306	22402373	X	3	+	0.210637
chr4	23300756	24278750	X	2	+	0.587851
chr4	24624867	25399413	X	1	+	0.549598
chr4	26045768	26698838	X	8	+	0.264539
chr4	26772357	27411311	X	7	+	0.522215
chr4	28188840	28506141	X	16	+	0.289477
chr4	29452725	29659663	X	8	+	0.148836
chr4	30180806	30882030	X	3	+	0.0717004
chr4	31796853	32404641	X	1	+	0.475963
chr4	33328492	33492445	X	7	+	0.0717519
chr4	33760940	34390543	X	8	+	0.378524
chr4	35023915	35545780	X	5	+	0.494202
chr4	35564314	36227050	X	15	+	0.20925
chr4	37166697	37480865	X	14	+	0.497995
chr4	38015047	38118544	X	1	+	0.87015
chr4	38993414	39920464	X	3	+	0.0865201
chr4	40698731	41573450	X	15	+	0.568505
chr4	41897826	42454556	X	3	+	0.450034
chr4	42547048	43353170	X	2	+	0.264378
chr4	43903585	44470458	X	4	+	0.512536
chr5	685887	1468772	X	10	+	0.749357
chr5	1682367	2037183	X	23	+	0.0965195
chr5	2587715	3266994	X	1	+	0.810344
chr5	3910089	4221364	X	5	+	0.625581
chr5	5034703	5173810	X	2	+	0.300663
chr5	5862418	5989884	X	4	+	0.169516
chr5	6876331	7466989	X	3	+	0.3491
chr5	7703455	8498637	X	8	+	0.162744
chr5	8599510	9568399	X	2	+	0.204001
chr5	9635864	10528856	X	2	+	0.358197
chr5	11024403	11279552	X	14	+	0.224805
chr5	11993095	12137268	X	1	+	0.772087
chr5	12564714	13028053	X	5	+	0.63228
chr5	13725916	14237097	X	2	+	0.245698
chr5	14593060	14666635	X	2	+	0.29571
chr5	15074477	15515813	X	7	+	0.834267
chr5	15945619	16170524	X	4	+	0.0557857
chr5	16220980	16886723	X	16	+	0.396537
chr5	17262276	17617303	X	6	+	0.357554
chr5	17854793	18022275	X	1	+	0.44476
chr5	18502132	19423254	X	2	+	0.532022
chr5	20423201	20754850	X	11	+	0.673017
chr5	21196909	21272631	X	2	+	0.647152
chr5	22154351	22287173	X	5	+	0.453378
chr5	22932428	23662413	X	18	+	0.122945
chr5	23756531	24246885	X	5	+	0.00318086
chr5	25124316	25916456	X	1	+	0.948197
chr5	26329779	27328351	X	4	+	0.391014
chr5	27665109	28446610	X	10	+	0.80173
chr5	28751330	29086871	X	10	+	0.425497
chr5	30065744	30323460	X	3	+	0.386461
chr5	30514301	31491326	X	1	+	0.900161
chr5	31524606	31576719	X	7	+	0.00493474
chr5	32230503	32435908	X	10	+	0.608613
chr5	33139097	33926826	X	2	+	0.306393
chr5	34409744	35086705	X	8	+	0.269948
chr5	35543924	35551141	X	2	+	0.661357
chr5	36517497	37470862	X	6	+	0.191051
chr5	37638042	38550366	X	2	+	0.300377
chr5	38985986	39165310	X	6	+	0.471243
chr5	40032697	40395517	X	8	+	0.141264
chr6	948260	1315057	X	2	+	0.865413
chr6	1347240	1536641	X	16	+	0.174972
chr6	2149474	2863389	X	18	+	0.0430151
chr6	2919765	3817407	X	3	+	0.549402
chr6	4370263	4727934	X	4	+	0.304382
chr6	5343272	6026638	X	12	+	0.121114
chr6	6447606	6515087	X	2	+	0.562681
chr6	7349473	7953656	X	2	+	0.468731
chr6	8873553	9820667	X	6	+	0.977023
chr6	9870759	10171379	X	1	+	0.547402
chr6	10815871	11282646	X	3	+	0.721445
chr6	11473117	11893952	X	1	+	0.691881
chr6	12039962	12643432	X	1	+	0.511885
chr6	12717706	13576425	X	3	+	0.691953
chr6	14307711	14446839	X	4	+	0.359299
chr6	15275905	15345789	X	5	+	0.876753
chr6	15914268	16172137	X	4	+	0.659472
chr6	16969825	16974019	X	8	+	0.317139
chr6	17833561	17974918	X	2	+	0.367795
chr6	18754941	19051804	X	11	+	0.100315
chr6	19168142	19394606	X	3	+	0.459011
chr6	19592458	20297759	X	1	+	0.809031
chr6	20821360	21556063	X	3	+	0.287782
chr6	21638596	22057692	X	6	+	0.190198
chr6	22971052	23300160	X	7	+	0.798936
chr6	24278903	24857950	X	4	+	0.408993
chr6	25778434	25952463	X	15	+	0.507749
chr6	26217600	26941843	X	1	+	0.6054
chr6	27549678	27593841	X	1	+	0.611506
chr6	28037504	28682190	X	5	+	0.122796
chr6	29392673	29557882	X	5	+	0.691547
chr6	30258088	30810575	X	6	+	0.819667
chr6	31570728	32168607	X	13	+	0.403723
chr6	32943895	33149861	X	16	+	0.128509
chr6	33630138	34006753	X	2	+	0.981851
chr6	34337299	34984792	X	3	+	0.487042
chr6	35286117	35526048	X	13	+	0.287649
chr6	35678707	36455503	X	3	+	0.835666
chr6	37159673	37936018	X	1	+	0.524977
chr6	38397619	38820158	X	2	+	0.353675
chr6	39256466	39645240	X	1	+	0.558365
chr7	968888	1874154	X	9	+	0.745638
chr7	2845728	3478735	X	6	+	0.860798
chr7	3734446	3798348	X	6	+	0.0310786
chr7	4314156	4515098	X	1	+	0.675883
chr7	5491216	6104464	X	5	+	0.787885
chr7	6454226	7153270	X	2	+	0.611797
chr7	7353418	7671112	X	3	+	0.033156
chr7	8011850	8708364	X	6	+	0.372343
chr7	8790769	8995408	X	2	+	0.83716
chr7	9679330	10642553	X	2	+	0.353846
chr7	10914464	11275126	X	12	+	0.287467
chr7	11410745	11863492	X	2	+	0.270271
chr7	12749388	13445753	X	2	+	0.627337
chr7	14302795	14704002	X	7	+	0.471363
chr7	15206656	15381872	X	2	+	0.395278
chr7	16061288	16892180	X	6	+	0.278417
chr7	16978492	17964784	X	1	+	0.763079
chr7	18383018	18827315	X	4	+	0.994018
chr7	19822158	20311473	X	5	+	0.00262259
chr7	20488536	20669990	X	3	+	0.455783
chr7	21661608	22305797	X	1	+	0.436422
chr7	22727190	23471772	X	2	+	0.762761
chr7	24299031	25082858	X	4	+	0.416248
chr7	25756778	26368848	X	8	+	0.469573
chr7	26894583	27013028	X	7	+	0.798286
chr7	27513103	28478137	X	1	+	0.949435
chr7	29140302	30063281	X	2	+	0.826507
chr7	30612168	30702763	X	5	+	0.0106607
chr7	30706880	30849678	X	2	+	0.200195
chr7	30958190	31921554	X	1	+	0.6756
chr7	32622211	32805168	X	2	+	0.608272
chr7	33755739	34496195	X	10	+	0.595565
chr7	34913252	35347140	X	1	+	0.550796
chr7	35968095	36948125	X	1	+	0.913133
chr7	37206600	37565884	X	2	+	0.964736
chr7	38493739	39088367	X	9	+	0.664473
chr7	39887835	40008801	X	2	+	0.187283
chr7	40532269	40979994	X	12	+	0.48558
chr7	41701796	42038439	X	14	+	0.0423194
chr7	42467783	43041455	X	19	+	0.120283
chr7	43378251	44181112	X	1	+	0.642777
chr8	916409	1343194	X	9	+	0.880819
chr8	2018089	2667305	X	1	+	0.427888
chr8	2999282	3211231	X	15	+	0.296053
chr8	3743633	4357683	X	6	+	0.0281965
chr8	5218710	5371413	X	3	+	0.247377
chr8	5667938	6432461	X	2	+	0.393466
chr8	6793990	7495778	X	1	+	0.517969
chr8	8075922	8863779	X	4	+	0.0523443
chr8	9071450	9319042	X	2	+	0.2355
chr8	9679830	10466354	X	5	+	0.247697
chr8	11396725	11926154	X	4	+	0.314384
chr8	12679108	13435400	X	3	+	0.0856458
chr8	13696176	14455235	X	9	+	0.320799
chr8	14879739	15605964	X	5	+	0.687309
chr8	16230588	16391432	X	1	+	0.577779
chr8	16663880	16972807	X	1	+	0.531966
chr8	17222376	17556660	X	8	+	0.793861
chr8	18021754	18274243	X	8	+	0.697499
chr8	19042629	19196211	X	4	+	0.168533
chr8	19887532	20617071	X	14	+	0.0449904
chr8	21380807	21689809	X	6	+	0.045027
chr8	22515160	22803072	X	2	+	0.466424
chr8	23185045	23980905	X	7	+	0.707828
chr8	24409246	24580188	X	1	+	0.528229
chr8	24881628	25280561	X	2	+	0.319577
chr8	26273682	27208140	X	2	+	0.611565
chr8	28195091	28226982	X	9	+	0.0538384
chr8	28497222	28741904	X	3	+	0.189006
chr8	29103673	29741019	X	1	+	0.661571
chr8	30342211	31110489	X	1	+	0.431721
chr8	31900515	32673902	X	7	+	0.206252
chr8	32713147	32772385	X	3	+	0.148106
chr8	33372453	33791840	X	10	+	0.175883
chr8	33888966	34281464	X	4	+	0.899711
chr8	34323859	35319513	X	9	+	0.608182
chr8	35509943	36299929	X	2	+	0.312541
chr8	37151208	37646416	X	1	+	0.712997
chr8	37947682	38346076	X	8	+	0.544779
chr8	38693960	39061331	X	20	+	0.158477
chr8	39702603	39711099	X	12	+	0.931642
chr8	40101987	40862124	X	5	+	0.468042
chr9	917374	1337622	X	2	+	0.31007
chr9	2082388	2123716	X	3	+	0.618541
chr9	2550338	3018765	X	17	+	0.110757
chr9	3718678	3793402	X	6	+	0.773566
chr9	4130698	4755257	X	2	+	0.72969
chr9	5594876	6341484	X	3	+	0.0599012
chr9	7300608	7631427	X	13	+	0.0947216
chr9	8279050	8452318	X	3	+	0.652199
chr9	9195713	9464885	X	2	+	0.329481
chr9	10430843	11102366	X	1	+	0.794333
chr9	11201029	11995532	X	18	+	0.349123
chr9	12795802	12880965	X	4	+	0.481868
chr9	13836076	14008654	X	1	+	0.470265
chr9	14268784	14861702	X	26	+	0.000409927
chr9	15106790	15200864	X	2	+	0.464328
chr9	16095017	16400300	X	1	+	0.649087
chr9	16648793	16805491	X	4	+	0.864237
chr9	17338808	18258524	X	2	+	0.310886
chr9	19015742	19219718	X	4	+	0.0570177
chr9	19662772	20604280	X	6	+	0.48092
chr9	21026542	22024804	X	4	+	0.190362
chr9	22240313	22626187	X	3	+	0.110027
chr9	23350723	24320152	X	6	+	0.63697
chr9	24719514	25000773	X	5	+	0.197603
chr9	25241524	26089111	X	2	+	0.251457
chr9	26903054	26990645	X	2	+	0.666303
chr9	27195078	28049362	X	9	+	0.826331
chr9	28532292	28611798	X	2	+	0.187421
chr9	29141210	30008832	X	7	+	0.348914
chr9	30296139	30793834	X	9	+	0.51989
chr9	31175039	31958259	X	1	+	0.510098
chr9	32139222	32339643	X	2	+	0.525093
chr9	32789059	32985644	X	5	+	0.0876696
chr9	33096461	33633336	X	8	+	0.931832
chr9	34056173	34803310	X	3	+	0.361971
chr9	34888325	34905079	X	1	+	0.973032
chr9	35880148	36536233	X	2	+	0.36664
chr9	37128432	37814263	X	4	+	0.469035
chr9	38238780	39230762	X	4	+	0.716655
chr9	39375976	39488039	X	10	+	0.622844
chr9	39634645	40464036	X	4	+	0.276883
chr10	92482	810765	X	1	+	0.58277
chr10	1390498	1641868	X	12	+	0.14561
chr10	2265937	2610224	X	13	+	0.107111
chr10	2642968	2840018	X	12	+	0.0507805
chr10	3032473	3980055	X	12	+	0.867871
chr10	4596019	4908436	X	12	+	0.420982
chr10	5864357	5867988	X	1	+	0.526231
chr10	6023986	6128602	X	3	+	0.433471
chr10	6271636	6544205	X	2	+	0.28521
chr10	7491555	7884407	X	8	+	0.799687
chr10	8104846	8362004	X	1	+	0.671277
chr10	9248282	9650505	X	6	+	0.161255
chr10	9714164	10077509	X	3	+	0.105507
chr10	10275353	10980339	X	13	+	0.299385
chr10	11930414	12106618	X	3	+	0.17005
chr10	13082447	13520810	X	1	+	0.855759
chr10	14309235	15260547	X	2	+	0.242391
chr10	15278511	16163917	X	4	+	0.484541
chr10	16707073	17370576	X	2	+	0.490922
chr10	17767030	17820362	X	10	+	0.438313
chr10	18611798	19173560	X	12	+	0.172999
chr10	19251278	20205547	X	6	+	0.765883
chr10	20826613	21618985	X	2	+	0.814752
chr10	22197995	22710038	X	2	+	0.863516
chr10	23103145	23355416	X	1	+	0.95988
chr10	23926218	24505320	X	1	+	0.813014
chr10	25446040	25946586	X	14	+	0.114278
chr10	26444457	26879005	X	4	+	0.169614
chr10	27053140	27599161	X	9	+	0.596877
chr10	27621148	28426363	X	2	+	0.247123
chr10	28568165	29228975	X	8	+	0.164595
chr10	29655975	30612853	X	3	+	0.842888
chr10	31108502	31430110	X	4	+	0.959686
chr10	32109239	32748124	X	5	+	0.0952782
chr10	33555512	34075445	X	10	+	0.224013
chr10	34108512	34306237	X	4	+	0.448425
chr10	34628651	35566290	X	9	+	0.41292
chr10	36003689	36113911	X	15	+	0.0570866
chr10	36587460	36705436	X	3	+	0.08257
chr10	37344746	37546744	X	5	+	0.319593
chr10	38352351	38404048	X	5	+	0.148668
chr11	193220	977392	X	3	+	0.190817
chr11	1162829	2090726	X	16	+	0.152455
chr11	2913221	3641881	X	4	+	0.0414764
chr11	4536979	5118286	X	6	+	0.901618
chr11	6079776	6925013	X	4	+	0.486154
chr11	7035419	7753142	X	9	+	0.453718
chr11	8045881	8476516	X	5	+	0.923897
chr11	9374793	9677246	X	5	+	0.271496
chr11	10111800	10695807	X	4	+	0.297513
chr11	10769788	11525773	X	10	+	0.26312
chr11	11667777	12180181	X	7	+	0.616056
chr11	12572122	12980736	X	10	+	0.230804
chr11	13964572	14208845	X	5	+	0.40554
chr11	15024180	16021998	X	8	+	0.177897
chr11	16293061	16877662	X	1	+	0.798504
chr11	17550549	18225271	X	10	+	0.504571
chr11	18961480	19700396	X	6	+	0.507176
chr11	20516146	20589679	X	4	+	0.24364
chr11	20652947	20896153	X	3	+	0.0967441
chr11	21156850	21238805	X	4	+	0.0223532
chr11	21548389	22258900	X	1	+	0.800609
chr11	22337702	22849152	X	7	+	0.136321
chr11	22872241	23121047	X	3	+	0.189881
chr11	23812367	23872256	X	9	+	0.522946
chr11	24339692	24474236	X	8	+	0.459822
chr11	25450055	26229166	X	6	+	0.0758082
chr11	26725526	26782570	X	6	+	0.696661
chr11	27290702	27528162	X	3	+	0.0461873
chr11	28398682	28507343	X	9	+	0.157424
chr11	28622539	28633805	X	19	+	0.134865
chr11	28650675	29085481	X	3	+	0.0872693
chr11	30073776	30755538	X	4	+	0.584229
chr11	31676281	32371042	X	7	+	0.0374246
chr11	32843113	33366346	X	7	+	0.0461179
chr11	34018190	34639137	X	2	+	0.179632
chr11	35099653	35233251	X	9	+	0.635729
chr11	36004510	36480248	X	6	+	0.808024
chr11	36964211	37562593	X	8	+	0.177176
chr11	37735050	37895683	X	4	+	0.777862
chr11	38366578	38441788	X	4	+	0.541934
chr11	38903435	39750692	X	11	+	0.259993
chr12	958268	1260831	X	2	+	0.327039
chr12	1632013	2345620	X	3	+	0.24766
chr12	2880782	3130507	X	1	+	0.438188
chr12	3612801	3727623	X	2	+	0.384862
chr12	4379121	4852109	X	8	+	0.130639
chr12	5810024	6686373	X	6	+	0.907377
chr12	7480801	7613819	X	5	+	0.342119
chr12	8198869	8283952	X	1	+	0.761117
chr12	8332318	8799107	X	4	+	0.0313801
chr12	9628780	9712434	X	10	+	0.143998
chr12	9857515	9907417	X	3	+	0.211367
chr12	10893669	11326770	X	1	+	0.550408
chr12	11387004	12080830	X	2	+	0.194331
chr12	12431025	12589513	X	7	+	0.18953
chr12	12714640	13108540	X	13	+	0.271159
chr12	13611741	13616848	X	4	+	0.0689287
chr12	13948127	14523178	X	4	+	0.0616058
chr12	15089452	15099851	X	4	+	0.110678
chr12	15753035	16679695	X	7	+	0.509589
chr12	17153682	17899998	X	9	+	0.0737017
chr12	18393928	18943269	X	20	+	0.0871286
chr12	19032982	19567098	X	1	+	0.83653
chr12	19937045	20852889	X	3	+	0.432727
chr12	21801593	22384844	X	4	+	0.628228
chr12	22451955	22633243	X	13	+	0.00730237
chr12	23290700	23836693	X	9	+	0.657181
chr12	24009999	24493868	X	2	+	0.324114
chr12	25215807	25623509	X	16	+	0.0339473
chr12	26287000	26825290	X	4	+	0.0459893
chr12	27442658	27919913	X	9	+	0.10136
chr12	28579696	28627285	X	1	+	0.723932
chr12	28941733	29640460	X	12	+	0.00932176
chr12	30000202	30374172	X	3	+	0.0544869
chr12	31142840	31923083	X	4	+	0.0743994
chr12	32609941	32612926	X	7	+	0.0117369
chr12	33313959	33613510	X	3	+	0.171791
chr12	34072531	34862945	X	4	+	0.620454
chr12	35759737	35814820	X	3	+	0.362405
chr12	36223326	37043250	X	17	+	0.287352
chr12	37560788	38515069	X	10	+	0.0201149
chr12	38840712	39563565	X	6	+	0.379142
chr13	404872	889456	X	7	+	0.855793
chr13	1596598	1994044	X	11	+	0.483453
chr13	2304642	2755614	X	6	+	0.962757
chr13	3380049	4139098	X	2	+	0.207521
chr13	5114968	5460654	X	11	+	0.434521
chr13	5665745	6127780	X	21	+	0.0130813
chr13	6134485	6920236	X	1	+	0.665141
chr13	7814691	8204931	X	7	+	0.385838
chr13	8629879	9009221	X	4	+	0.0438932
chr13	9741212	10559192	X	11	+	0.00550189
chr13	10826698	10832928	X	1	+	0.664645
chr13	11446135	12316658	X	1	+	0.510352
chr13	13214771	14032721	X	1	+	0.522948
chr13	14732951	15412474	X	7	+	0.632201
chr13	15686270	16249082	X	7	+	0.294844
chr13	16743067	17515570	X	5	+	0.142447
chr13	17683977	18452593	X	6	+	0.175165
chr13	18490703	18734496	X	3	+	0.402818
chr13	18926021	19789340	X	3	+	0.888596
chr13	19822042	20113790	X	1	+	0.605843
chr13	20209527	20766314	X	14	+	0.411764
chr13	20966717	20988729	X	8	+	0.654157
chr13	21958446	22794996	X	12	+	0.415814
chr13	23641150	23862303	X	5	+	0.0046418
chr13	24158659	24165948	X	6	+	0.00935502
chr13	24497334	25414140	X	1	+	0.725991
chr13	26233127	27083543	X	3	+	0.448297
chr13	27759329	28535257	X	1	+	0.52016
chr13	28761440	29386261	X	1	+	0.730077
chr13	29729185	30213931	X	3	+	0.258405
chr13	30825564	31769742	X	9	+	0.0277222
chr13	32427852	33247645	X	16	+	0.139053
chr13	33302331	33521069	X	3	+	0.664691
chr13	33619520	34453549	X	2	+	0.316105
chr13	34483202	35310623	X	20	+	0.0146255
chr13	36190192	36547274	X	11	+	0.113721
chr13	36652034	36819485	X	1	+	0.699915
chr13	36964979	37521414	X	1	+	0.762222
chr13	37635037	37757029	X	4	+	0.976166
chr13	38127035	38910538	X	16	+	0.587936
chr13	39850157	40128408	X	20	+	0.0290899
chr14	117157	369394	X	4	+	0.150307
chr14	1331980	1727357	X	17	+	0.103801
chr14	2381129	3316993	X	8	+	0.301695
chr14	3637596	4201443	X	2	+	0.401363
chr14	4906935	5265361	X	8	+	0.27891
chr14	5299587	5718575	X	1	+	0.890426
chr14	6284257	6850771	X	21	+	0.0390813
chr14	7349281	8182477	X	1	+	0.532829
chr14	8482371	9292775	X	12	+	0.565281
chr14	10251542	10825275	X	7	+	0.0327984
chr14	11098946	11867351	X	4	+	0.75031
chr14	12143094	13021133	X	6	+	0.00675576
chr14	13530079	14385630	X	12	+	0.575181
chr14	15385321	15482944	X	3	+	0.453327
chr14	15774942	16582165	X	2	+	0.492618
chr14	17552979	18372663	X	2	+	0.457026
chr14	18496848	19455367	X	1	+	0.520422
chr14	20221468	21205772	X	4	+	0.142541
chr14	21979338	22512996	X	6	+	0.498429
chr14	22718512	22788877	X	2	+	0.289639
chr14	23023899	23624383	X	2	+	0.25689
chr14	23759947	24674902	X	14	+	0.386348
chr14	24831315	25326958	X	11	+	0.217325
chr14	26227103	26516320	X	8	+	0.0983653
chr14	27382526	27810727	X	3	+	0.227006
chr14	28195966	29152404	X	3	+	0.581126
chr14	30096972	30237516	X	2	+	0.44869
chr14	30679378	30867838	X	2	+	0.150364
chr14	30976181	31150898	X	2	+	0.392871
chr14	32062332	32435981	X	8	+	0.0239336
chr14	32598203	32778936	X	3	+	0.842729
chr14	33221307	34085709	X	9	+	0.201883
chr14	34197039	34951907	X	6	+	0.302651
chr14	35192770	35567628	X	15	+	0.102959
chr14	36305310	37196542	X	4	+	0.142887
chr14	37679207	38214564	X	1	+	0.621362
chr14	39098644	40036839	X	3	+	0.861692
chr14	40096199	40983045	X	3	+	0.854605
chr14	41272211	41930726	X	6	+	0.273073
chr14	42000834	42782971	X	2	+	0.421882
chr14	43437732	43461198	X	1	+	0.586011
chr15	609569	794859	X	5	+	0.202886
chr15	1418276	2160516	X	3	+	0.375798
chr15	2166649	3017986	X	4	+	0.0102636
chr15	3402804	3844836	X	11	+	0.184063
chr15	4256971	4318169	X	11	+	0.290776
chr15	4399956	5314583	X	7	+	0.186622
chr15	5383046	5737131	X	2	+	0.79692
chr15	5737466	5868590	X	2	+	0.37787
chr15	6426460	6918790	X	5	+	0.500691
chr15	7828166	8210339	X	11	+	0.622181
chr15	8607418	8749234	X	9	+	0.224579
chr15	9691442	10274359	X	2	+	0.225989
chr15	10817359	11458052	X	6	+	0.411978
chr15	11989091	12490754	X	6	+	0.243861
chr15	13086183	13696200	X	9	+	0.863917
chr15	13799621	14167190	X	1	+	0.518847
chr15	14387670	15238061	X	2	+	0.231315
chr15	15907548	16321943	X	12	+	0.216187
chr15	16481032	17187479	X	2	+	0.498282
chr15	17655199	17714465	X	7	+	0.381702
chr15	17906208	18231307	X	5	+	0.342349
chr15	18854207	19214902	X	22	+	0.184353
chr15	20166885	20881538	X	2	+	0.595204
chr15	21608017	22031230	X	1	+	0.65771
chr15	22160519	22404896	X	2	+	0.299418
chr15	22574073	22632938	X	2	+	0.291965
chr15	23566043	24229925	X	3	+	0.39842
chr15	24959506	25123804	X	2	+	0.939344
chr15	25253227	25304410	X	2	+	0.246963
chr15	26012903	26769016	X	1	+	0.873004
chr15	26943097	27320821	X	2	+	0.988719
chr15	28069154	28165624	X	1	+	0.588111
chr15	28205419	28946151	X	8	+	0.634535
chr15	29547012	30314363	X	16	+	0.273821
chr15	31128156	31668868	X	2	+	0.933331
chr15	32141720	32499426	X	2	+	0.27868
chr15	32676941	33028338	X	4	+	0.0722571
chr15	33772951	34376851	X	10	+	0.657506
chr15	34949337	35165915	X	4	+	0.334841
chr15	35564693	36496024	X	1	+	0.621596
chr15	36824442	37440929	X	5	+	0.416302
chr16	439041	729351	X	1	+	0.835597
chr16	930933	1454534	X	9	+	0.0445117
chr16	2111990	2780023	X	13	+	0.434376
chr16	3207494	3559014	X	6	+	0.00414603
chr16	3647884	3818366	X	23	+	0.00948699
chr16	3838672	4127822	X	1	+	0.635832
chr16	4805457	4880009	X	3	+	0.185067
chr16	5580119	5640802	X	5	+	0.136999
chr16	5877489	6707493	X	1	+	0.628942
chr16	7334642	7875187	X	1	+	0.515793
chr16	8508736	9092221	X	6	+	0.0454881
chr16	9379755	10097771	X	1	+	0.480613
chr16	10680069	11122012	X	8	+	0.599087
chr16	11708658	12202188	X	6	+	0.319094
chr16	12948662	12962405	X	5	+	0.772384
chr16	13814653	14224537	X	14	+	0.399256
chr16	14305022	14831123	X	1	+	0.434128
chr16	15526692	15992977	X	7	+	0.957112
chr16	16938622	17454874	X	5	+	0.259144
chr16	18033229	18548041	X	3	+	0.256077
chr16	19044309	19848486	X	7	+	0.384508
chr16	20662454	20693232	X	12	+	0.185682
chr16	21527592	21915266	X	6	+	0.675868
chr16	22683716	23544712	X	2	+	0.17046
chr16	24116574	24815811	X	3	+	0.106613
chr16	25594352	25725999	X	1	+	0.513553
chr16	26333033	27254581	X	6	+	0.0333556
chr16	28123257	28337276	X	4	+	0.526858
chr16	28592745	28702501	X	8	+	0.272662
chr16	29050122	29515094	X	2	+	0.648928
chr16	30103918	30858180	X	1	+	0.450814
chr16	31788551	32625738	X	2	+	0.404235
chr16	32809280	33310518	X	2	+	0.436844
chr16	33876826	34737476	X	10	+	0.0114146
chr16	35296675	35509398	X	1	+	0.805064
chr16	36053526	36445994	X	3	+	0.600108
chr16	37117979	37690361	X	1	+	0.665172
chr16	38112074	38173259	X	18	+	0.223088
chr16	38400668	38818638	X	1	+	0.617118
chr16	39403318	39715682	X	2	+	0.282201
chr16	40184023	40620035	X	3	+	0.695043
chr17	881826	1216501	X	2	+	0.274569
chr17	1814613	2739081	X	3	+	0.88844
chr17	3372300	3934051	X	5	+	0.836846
chr17	4468548	5115117	X	8	+	0.193074
chr17	5171322	5490895	X	12	+	0.325207
chr17	6417648	6557504	X	15	+	0.247835
chr17	6767588	7730629	X	1	+	0.634533
chr17	8300048	8427191	X	4	+	0.602756
chr17	8833031	9648961	X	4	+	0.0326726
chr17	9854634	9897467	X	6	+	0.0540655
chr17	10022995	10896001	X	2	+	0.399322
chr17	11429519	12286688	X	6	+	0.547098
chr17	12972138	13191111	X	4	+	0.316529
chr17	13468495	13653611	X	1	+	0.771312
chr17	13935019	14248490	X	15	+	0.0935037
chr17	15071130	15712923	X	7	+	0.0225631
chr17	16335775	17170318	X	3	+	0.191024
chr17	17280365	17772493	X	3	+	0.11658
chr17	17915737	18706559	X	12	+	0.290513
chr17	19158820	19217968	X	2	+	0.318573
chr17	19494945	19568479	X	4	+	0.119597
chr17	20043850	20240245	X	6	+	0.354909
chr17	21188535	21324793	X	6	+	0.457068
chr17	22098655	22858441	X	4	+	0.294587
chr17	23705486	23986415	X	14	+	0.146622
chr17	24322287	24802828	X	6	+	0.303259
chr17	25774538	26704882	X	9	+	0.0232076
chr17	27396778	28230423	X	16	+	0.0175277
chr17	28714391	29542604	X	17	+	0.141975
chr17	29724339	30634066	X	1	+	0.958313
chr17	31335468	31935399	X	15	+	0.266018
chr17	32483660	32647595	X	7	+	0.315836
chr17	33543397	33851506	X	4	+	0.2937
chr17	34368516	34935012	X	14	+	0.809919
chr17	35683069	36554735	X	3	+	0.634553
chr17	37031088	37837222	X	1	+	0.851229
chr17	38643277	39586223	X	13	+	0.340884
chr17	40348298	41059578	X	5	+	0.122311
chr17	41795381	42088784	X	2	+	0.576806
chr17	43056268	43695906	X	1	+	0.591621
chr17	44359351	45217295	X	2	+	0.775359
chr18	670176	879168	X	2	+	0.26939
chr18	1620415	2189699	X	5	+	0.131842
chr18	2786771	3363134	X	3	+	0.789846
chr18	3672149	4210947	X	1	+	0.691155
chr18	5021407	5501908	X	17	+	0.292934
chr18	5820003	6182211	X	4	+	0.61426
chr18	6572445	6898224	X	2	+	0.556933
chr18	7176234	7734269	X	4	+	0.331516
chr18	8148701	8484728	X	6	+	0.172245
chr18	8518044	9162279	X	7	+	0.125062
chr18	9563901	9679982	X	3	+	0.112918
chr18	10581944	11541372	X	13	+	0.605647
chr18	12235279	12390548	X	3	+	0.166681
chr18	12487892	13329643	X	3	+	0.226173
chr18	13878610	13955961	X	7	+	0.12029
chr18	14242900	14430306	X	8	+	0.0280591
chr18	14553740	15484411	X	4	+	0.65891
chr18	16254402	16536149	X	8	+	0.0240634
chr18	17158722	17403598	X	5	+	0.841654
chr18	17651196	18535432	X	9	+	0.0560399
chr18	19287977	19812659	X	2	+	0.283877
chr18	20482123	20873109	X	4	+	0.583638
chr18	21459148	22210682	X	8	+	0.966486
chr18	22708511	23509757	X	2	+	0.242202
chr18	23653150	24031293	X	8	+	0.0269893
chr18	24229519	25129625	X	18	+	0.0791144
chr18	25285226	26057216	X	15	+	0.528948
chr18	26081014	26631524	X	1	+	0.647872
chr18	27321653	28140297	X	17	+	0.387731
chr18	28237175	29038054	X	1	+	0.836369
chr18	29929813	30001394	X	10	+	0.204568
chr18	30153077	30510668	X	3	+	0.646333
chr18	31457955	31748481	X	6	+	0.0698179
chr18	32743868	32748540	X	6	+	0.264985
chr18	33452405	34276690	X	5	+	0.0551341
chr18	34298317	35159659	X	1	+	0.668043
chr18	35765947	36090358	X	13	+	0.30641
chr18	36290117	37053504	X	2	+	0.941679
chr18	37531863	37718094	X	6	+	0.195589
chr18	38717281	39054141	X	4	+	0.929724
chr18	39934512	40336257	X	9	+	0.492854
chr19	253610	659364	X	10	+	0.494498
chr19	1192093	1687055	X	1	+	0.667683
chr19	1718890	2621968	X	4	+	0.0227551
chr19	2704195	2785880	X	5	+	0.876344
chr19	3767896	3945430	X	2	+	0.562068
chr19	4167566	4856042	X	14	+	0.194666
chr19	5180503	5812365	X	3	+	0.115017
chr19	5968369	6084935	X	1	+	0.860498
chr19	6851245	7287081	X	2	+	0.208093
chr19	8256279	8440967	X	2	+	0.394164
chr19	9067481	9200715	X	3	+	0.294901
chr19	9580487	10420010	X	7	+	0.389155
chr19	10738398	11403991	X	3	+	0.155268
chr19	11888030	12139469	X	14	+	0.155648
chr19	12476941	12876790	X	1	+	0.512462
chr19	13542972	13955779	X	10	+	0.150084
chr19	14115867	14382490	X	5	+	0.0169142
chr19	14552524	14972767	X	3	+	0.509499
chr19	15965706	16203650	X	4	+	0.0385384
chr19	17142547	17172930	X	9	+	0.0518053
chr19	17696648	17768920	X	7	+	0.515352
chr19	17960652	18795183	X	7	+	0.251804
chr19	19789250	20567988	X	5	+	0.0771958
chr19	21449796	21501856	X	1	+	0.785644
chr19	22009401	22515950	X	2	+	0.524019
chr19	22557116	22644408	X	11	+	0.208549
chr19	22858358	23479589	X	5	+	0.753206
chr19	23739653	24011500	X	2	+	0.481353
chr19	24476765	24514948	X	4	+	0.912963
chr19	24670409	25104496	X	6	+	0.144818
chr19	25556420	26259633	X	5	+	0.185622
chr19	26624535	26680394	X	1	+	0.654935
chr19	27327092	27392238	X	3	+	0.610212
chr19	28267315	29000840	X	18	+	0.0644061
chr19	29056091	29684816	X	8	+	0.855137
chr19	30588152	31088004	X	2	+	0.64529
chr19	31191239	31997697	X	1	+	0.508624
chr19	32948694	33484243	X	15	+	0.092609
chr19	33793000	33882838	X	1	+	0.617973
chr19	34609618	35437404	X	3	+	0.513024
chr19	35503327	36036426	X	17	+	0.186201
chr20	527384	1320294	X	8	+	0.0470219
chr20	1682391	2593694	X	5	+	0.108416
chr20	2963087	3482926	X	12	+	0.0741951
chr20	4157622	5056925	X	4	+	0.507165
chr20	5075269	5522795	X	3	+	0.679446
chr20	5911329	6632085	X	5	+	0.212479
chr20	7244124	7988756	X	3	+	0.678344
chr20	8435216	8957582	X	7	+	0.0279042
chr20	9656226	10059388	X	1	+	0.492074
chr20	10338275	10571803	X	1	+	0.882042
chr20	10650012	11002640	X	14	+	0.109767
chr20	11331830	11758645	X	5	+	0.199088
chr20	12276723	12705401	X	1	+	0.863827
chr20	13537834	13701260	X	2	+	0.358005
chr20	14312049	14681139	X	23	+	0.00832603
chr20	15606973	15958697	X	6	+	0.712158
chr20	16644384	16772111	X	3	+	0.857914
chr20	17383441	17993040	X	3	+	0.614061
chr20	18674964	19379792	X	9	+	0.162676
chr20	20334903	21152028	X	1	+	0.685511
chr20	21292918	22107780	X	3	+	0.389131
chr20	22698715	22857499	X	9	+	0.575528
chr20	23153684	23570897	X	8	+	0.121877
chr20	24245960	25186674	X	2	+	0.416816
chr20	25993837	26792589	X	7	+	0.115869
chr20	26863456	27114829	X	13	+	0.353724
chr20	27460261	27949514	X	3	+	0.915595
chr20	28432664	28932242	X	12	+	0.565671
chr20	29065982	29405198	X	5	+	0.0691159
chr20	29560545	29978638	X	4	+	0.944749
chr20	30350499	30908472	X	9	+	0.102591
chr20	31194732	31655596	X	4	+	0.650466
chr20	31902302	32850672	X	3	+	0.63482
chr20	33833573	34494792	X	4	+	0.0271465
chr20	35246905	35805791	X	4	+	0.442998
chr20	36634854	37164161	X	5	+	0.0102055
chr20	38078713	39039136	X	4	+	0.322053
chr20	39630492	39891087	X	12	+	0.338674
chr20	40508841	40773098	X	1	+	0.682297
chr20	41036869	41268060	X	5	+	0.869009
chr20	41572675	42042836	X	1	+	0.646017
chr21	812626	1344512	X	5	+	0.0359335
chr21	2089341	2153306	X	10	+	0.0355818
chr21	3118935	3667233	X	2	+	0.423866
chr21	3768919	4396279	X	5	+	0.116852
chr21	4559895	4765014	X	8	+	0.939417
chr21	4998251	5602959	X	2	+	0.486247
chr21	6074995	6737048	X	5	+	0.678029
chr21	6754827	7336175	X	1	+	0.572101
chr21	7939802	7942187	X	6	+	0.39249
chr21	8017369	8530311	X	14	+	0.0341713
chr21	9486363	9907009	X	6	+	0.123951
chr21	10553888	10723808	X	10	+	0.0367702
chr21	10965611	11932100	X	1	+	0.570215
chr21	12241851	12570489	X	7	+	0.0594167
chr21	13492858	13882999	X	6	+	0.723539
chr21	14252621	14395484	X	1	+	0.527849
chr21	14628481	15172169	X	3	+	0.115546
chr21	15859677	16244214	X	2	+	0.610364
chr21	16673965	16731716	X	6	+	0.153046
chr21	17363430	17742813	X	2	+	0.390573
chr21	18554321	18595970	X	3	+	0.361746
chr21	19483573	19938975	X	1	+	0.819362
chr21	20111067	20600728	X	10	+	0.313196
chr21	20848558	21110738	X	1	+	0.609564
chr21	21926542	22503147	X	9	+	0.0803295
chr21	22689042	23584819	X	2	+	0.197495
chr21	23996249	24506363	X	2	+	0.306579
chr21	24570286	25528884	X	6	+	0.0141928
chr21	26317855	26820618	X	2	+	0.728165
chr21	27299179	27469148	X	11	+	0.197736
chr21	28166168	28663521	X	16	+	0.0686794
chr21	29285776	29391419	X	3	+	0.201765
chr21	30033834	30226662	X	6	+	0.274826
chr21	30896956	31417102	X	3	+	0.111827
chr21	31549674	31706822	X	6	+	0.0258599
chr21	32188747	32492118	X	3	+	0.310571
chr21	32839433	33544202	X	12	+	0.419147
chr21	34257909	35185786	X	2	+	0.600872
chr21	36150371	36700569	X	4	+	0.14566
chr21	36790442	36866607	X	4	+	0.0869924
chr21	37362596	37480654	X	4	+	0.612931
chrX	395520	849650	X	3	+	0.382818
chrX	1416177	2349019	X	5	+	0.850799
chrX	2652165	3394976	X	2	+	0.439023
chrX	3779689	4068616	X	2	+	0.210146
chrX	4424266	4432364	X	10	+	0.56226
chrX	4658266	5234147	X	3	+	0.476198
chrX	5416169	5697505	X	13	+	0.00216215
chrX	6235953	6848374	X	3	+	0.780159
chrX	7677349	7889104	X	6	+	0.54638
chrX	8653454	9255965	X	2	+	0.400367
chrX	9559252	10040120	X	16	+	0.101707
chrX	10893816	11884671	X	3	+	0.0660833
chrX	12177648	12260923	X	1	+	0.632227
chrX	12676041	13319805	X	9	+	0.692058
chrX	14300825	14561900	X	15	+	0.649456
chrX	15132715	15930767	X	2	+	0.241526
chrX	16790349	16949228	X	2	+	0.33088
chrX	17529200	17901088	X	4	+	0.0709929
chrX	18610677	18614218	X	3	+	0.296491
chrX	18844800	19632100	X	1	+	0.870334
chrX	20433730	21315065	X	2	+	0.191048
chrX	21530726	22182891	X	2	+	0.44303
chrX	23116902	23149563	X	2	+	0.313602
chrX	23976943	24569063	X	2	+	0.595845
chrX	24794688	25153788	X	14	+	0.137255
chrX	25860919	26167056	X	7	+	0.218482
chrX	26478123	27292058	X	6	+	0.445708
chrX	28122170	28205780	X	4	+	0.459427
chrX	28773478	28910224	X	3	+	0.472717
chrX	29183929	29903329	X	4	+	0.0408438
chrX	30496101	31382566	X	8	+	0.0936841
chrX	31407517	31767273	X	3	+	0.359364
chrX	32382618	33014530	X	4	+	0.42571
chrX	33703141	34486911	X	4	+	0.713367
chrX	35225160	35736337	X	13	+	0.561472
chrX	36388378	37136411	X	2	+	0.900731
chrX	37329121	37872580	X	2	+	0.769319
chrX	38775517	38830896	X	2	+	0.867017
chrX	39355204	39397938	X	15	+	0.215951
chrX	40271967	40385755	X	4	+	0.0560086
chrX	40523447	40801122	X	1	+	0.575051
chrY	343795	587603	X	14	+	0.366952
chrY	1333115	1944572	X	2	+	0.458669
chrY	2154630	2671554	X	15	+	0.465055
chrY	3569205	4297525	X	7	+	0.568542
chrY	4313269	5233469	X	2	+	0.415338
chrY	5774310	6088285	X	4	+	0.881143
chrY	6496790	7371260	X	7	+	0.367316
chrY	7373298	7819727	X	13	+	0.57317
chrY	8234063	8716683	X	2	+	0.225384
chrY	9252247	9819554	X	4	+	0.285407
chrY	9825745	10190372	X	8	+	0.953099
chrY	10422190	11032154	X	1	+	0.655136
chrY	11520105	11623359	X	3	+	0.0341312
chrY	12452376	12670011	X	1	+	0.539116
chrY	13327033	13742828	X	5	+	0.291465
chrY	14611370	14726993	X	1	+	0.666425
chrY	14844636	15274352	X	5	+	0.982832
chrY	15820542	16436989	X	18	+	0.196521
chrY	17003772	17616973	X	2	+	0.342786
chrY	17695911	17826678	X	1	+	0.849025
chrY	17959303	18408797	X	1	+	0.469359
chrY	18619948	18845269	X	1	+	0.661428
chrY	19545179	19915577	X	14	+	0.0558847
chrY	20048757	20710754	X	4	+	0.745592
chrY	20982620	21403554	X	1	+	0.545391
chrY	22385329	23271275	X	1	+	0.646156
chrY	23330706	24273785	X	10	+	0.303586
chrY	24459333	25198677	X	10	+	0.558921
chrY	25457926	26160988	X	20	+	0.000775549
chrY	26608655	27437962	X	6	+	0.128213
chrY	27543072	27722332	X	4	+	0.122966
chrY	28326598	29151741	X	3	+	0.622804
chrY	29886816	30493609	X	12	+	0.644931
chrY	31380245	31658796	X	15	+	0.0993452
chrY	32025856	32747387	X	7	+	0.053236
chrY	32910208	33332321	X	6	+	0.879304
chrY	33580009	33864663	X	2	+	0.313998
chrY	33920799	34103235	X	5	+	0.359883
chrY	34343497	35228618	X	1	+	0.654228
chrY	35361354	35716988	X	1	+	0.88213
chrY	36437528	36965708	X	11	+	0.570099
chrY	37091170	38036191	X	8	+	0.218617
chrY	38841295	39699037	X	2	+	0.332147
chrY	40550423	41075222	X	14	+	0.175007
chrY	41227312	41642746	X	3	+	0.149616
chrY	42449705	42451640	X	14	+	0.171579
chrY	42696105	43077470	X	11	+	0.353357
chrY	43947488	43999280	X	9	+	0.942401
chrY	44556540	45452216	X	2	+	0.431573
chrY	46356534	46731113	X	2	+	0.326239
chrY	46972119	47386815	X	4	+	0.264118
chrY	47747623	48708733	X	2	+	0.619189
chrY	49111658	50069508	X	3	+	0.0930095
chrY	50572426	50743074	X	3	+	0.224521
chrY	51337329	52302751	X	2	+	0.57606
chrY	52735913	52861922	X	3	+	0.427145
chrY	53557096	53953382	X	2	+	0.194598
